../Core/Src/main.c:74:5:main	104	static
../Core/Src/main.c:163:6:SystemClock_Config	88	static
../Core/Src/main.c:210:13:MX_GPIO_Init	40	static
../Core/Src/main.c:268:6:StartSet	4	static
../Core/Src/main.c:273:6:StopReset	8	static
../Core/Src/main.c:287:6:StartDefaultTask	32	static
../Core/Src/main.c:319:6:StartTask02	16	static
../Core/Src/main.c:347:6:StartTask03	16	static
../Core/Src/main.c:365:6:StartTask04	16	static
../Core/Src/main.c:384:6:HAL_TIM_PeriodElapsedCallback	16	static
../Core/Src/main.c:401:6:Error_Handler	4	static,ignoring_inline_asm
