Archive member included to satisfy reference by file (symbol)

C:/PROGRA~2/ARMGNU~1/13C7F1~1.2RE/bin/../lib/gcc/arm-none-eabi/13.2.1/thumb/v7e-m+fp/hard\libg.a(libc_a-exit.o)
                              C:/PROGRA~2/ARMGNU~1/13C7F1~1.2RE/bin/../lib/gcc/arm-none-eabi/13.2.1/thumb/v7e-m+fp/hard/crt0.o (exit)
C:/PROGRA~2/ARMGNU~1/13C7F1~1.2RE/bin/../lib/gcc/arm-none-eabi/13.2.1/thumb/v7e-m+fp/hard\libg.a(libc_a-findfp.o)
                              CMakeFiles/LW3.2.elf.dir/Middlewares/Third_Party/FreeRTOS/Source/tasks.c.obj (__sf)
C:/PROGRA~2/ARMGNU~1/13C7F1~1.2RE/bin/../lib/gcc/arm-none-eabi/13.2.1/thumb/v7e-m+fp/hard\libg.a(libc_a-fwalk.o)
                              C:/PROGRA~2/ARMGNU~1/13C7F1~1.2RE/bin/../lib/gcc/arm-none-eabi/13.2.1/thumb/v7e-m+fp/hard\libg.a(libc_a-findfp.o) (_fwalk_sglue)
C:/PROGRA~2/ARMGNU~1/13C7F1~1.2RE/bin/../lib/gcc/arm-none-eabi/13.2.1/thumb/v7e-m+fp/hard\libg.a(libc_a-stdio.o)
                              C:/PROGRA~2/ARMGNU~1/13C7F1~1.2RE/bin/../lib/gcc/arm-none-eabi/13.2.1/thumb/v7e-m+fp/hard\libg.a(libc_a-findfp.o) (__sread)
C:/PROGRA~2/ARMGNU~1/13C7F1~1.2RE/bin/../lib/gcc/arm-none-eabi/13.2.1/thumb/v7e-m+fp/hard\libg.a(libc_a-memset.o)
                              C:/PROGRA~2/ARMGNU~1/13C7F1~1.2RE/bin/../lib/gcc/arm-none-eabi/13.2.1/thumb/v7e-m+fp/hard/crt0.o (memset)
C:/PROGRA~2/ARMGNU~1/13C7F1~1.2RE/bin/../lib/gcc/arm-none-eabi/13.2.1/thumb/v7e-m+fp/hard\libg.a(libc_a-closer.o)
                              C:/PROGRA~2/ARMGNU~1/13C7F1~1.2RE/bin/../lib/gcc/arm-none-eabi/13.2.1/thumb/v7e-m+fp/hard\libg.a(libc_a-stdio.o) (_close_r)
C:/PROGRA~2/ARMGNU~1/13C7F1~1.2RE/bin/../lib/gcc/arm-none-eabi/13.2.1/thumb/v7e-m+fp/hard\libg.a(libc_a-reent.o)
                              CMakeFiles/LW3.2.elf.dir/Middlewares/Third_Party/FreeRTOS/Source/tasks.c.obj (_reclaim_reent)
C:/PROGRA~2/ARMGNU~1/13C7F1~1.2RE/bin/../lib/gcc/arm-none-eabi/13.2.1/thumb/v7e-m+fp/hard\libg.a(libc_a-impure.o)
                              CMakeFiles/LW3.2.elf.dir/Middlewares/Third_Party/FreeRTOS/Source/tasks.c.obj (_impure_ptr)
C:/PROGRA~2/ARMGNU~1/13C7F1~1.2RE/bin/../lib/gcc/arm-none-eabi/13.2.1/thumb/v7e-m+fp/hard\libg.a(libc_a-lseekr.o)
                              C:/PROGRA~2/ARMGNU~1/13C7F1~1.2RE/bin/../lib/gcc/arm-none-eabi/13.2.1/thumb/v7e-m+fp/hard\libg.a(libc_a-stdio.o) (_lseek_r)
C:/PROGRA~2/ARMGNU~1/13C7F1~1.2RE/bin/../lib/gcc/arm-none-eabi/13.2.1/thumb/v7e-m+fp/hard\libg.a(libc_a-readr.o)
                              C:/PROGRA~2/ARMGNU~1/13C7F1~1.2RE/bin/../lib/gcc/arm-none-eabi/13.2.1/thumb/v7e-m+fp/hard\libg.a(libc_a-stdio.o) (_read_r)
C:/PROGRA~2/ARMGNU~1/13C7F1~1.2RE/bin/../lib/gcc/arm-none-eabi/13.2.1/thumb/v7e-m+fp/hard\libg.a(libc_a-writer.o)
                              C:/PROGRA~2/ARMGNU~1/13C7F1~1.2RE/bin/../lib/gcc/arm-none-eabi/13.2.1/thumb/v7e-m+fp/hard\libg.a(libc_a-stdio.o) (_write_r)
C:/PROGRA~2/ARMGNU~1/13C7F1~1.2RE/bin/../lib/gcc/arm-none-eabi/13.2.1/thumb/v7e-m+fp/hard\libg.a(libc_a-errno.o)
                              CMakeFiles/LW3.2.elf.dir/Core/Src/syscalls.c.obj (__errno)
C:/PROGRA~2/ARMGNU~1/13C7F1~1.2RE/bin/../lib/gcc/arm-none-eabi/13.2.1/thumb/v7e-m+fp/hard\libg.a(libc_a-init.o)
                              C:/PROGRA~2/ARMGNU~1/13C7F1~1.2RE/bin/../lib/gcc/arm-none-eabi/13.2.1/thumb/v7e-m+fp/hard/crt0.o (__libc_init_array)
C:/PROGRA~2/ARMGNU~1/13C7F1~1.2RE/bin/../lib/gcc/arm-none-eabi/13.2.1/thumb/v7e-m+fp/hard\libg.a(libc_a-lock.o)
                              C:/PROGRA~2/ARMGNU~1/13C7F1~1.2RE/bin/../lib/gcc/arm-none-eabi/13.2.1/thumb/v7e-m+fp/hard\libg.a(libc_a-findfp.o) (__retarget_lock_init_recursive)
C:/PROGRA~2/ARMGNU~1/13C7F1~1.2RE/bin/../lib/gcc/arm-none-eabi/13.2.1/thumb/v7e-m+fp/hard\libg.a(libc_a-memcpy.o)
                              CMakeFiles/LW3.2.elf.dir/Middlewares/Third_Party/FreeRTOS/Source/queue.c.obj (memcpy)
C:/PROGRA~2/ARMGNU~1/13C7F1~1.2RE/bin/../lib/gcc/arm-none-eabi/13.2.1/thumb/v7e-m+fp/hard\libg.a(libc_a-__call_atexit.o)
                              C:/PROGRA~2/ARMGNU~1/13C7F1~1.2RE/bin/../lib/gcc/arm-none-eabi/13.2.1/thumb/v7e-m+fp/hard\libg.a(libc_a-exit.o) (__call_exitprocs)
C:/PROGRA~2/ARMGNU~1/13C7F1~1.2RE/bin/../lib/gcc/arm-none-eabi/13.2.1/thumb/v7e-m+fp/hard\libg.a(libc_a-atexit.o)
                              C:/PROGRA~2/ARMGNU~1/13C7F1~1.2RE/bin/../lib/gcc/arm-none-eabi/13.2.1/thumb/v7e-m+fp/hard\libg.a(libc_a-__call_atexit.o) (atexit)
C:/PROGRA~2/ARMGNU~1/13C7F1~1.2RE/bin/../lib/gcc/arm-none-eabi/13.2.1/thumb/v7e-m+fp/hard\libg.a(libc_a-freer.o)
                              C:/PROGRA~2/ARMGNU~1/13C7F1~1.2RE/bin/../lib/gcc/arm-none-eabi/13.2.1/thumb/v7e-m+fp/hard\libg.a(libc_a-reent.o) (_free_r)
C:/PROGRA~2/ARMGNU~1/13C7F1~1.2RE/bin/../lib/gcc/arm-none-eabi/13.2.1/thumb/v7e-m+fp/hard\libg.a(libc_a-mallocr.o)
                              C:/PROGRA~2/ARMGNU~1/13C7F1~1.2RE/bin/../lib/gcc/arm-none-eabi/13.2.1/thumb/v7e-m+fp/hard\libg.a(libc_a-findfp.o) (_malloc_r)
[...]
Memory Configuration

Name             Origin             Length             Attributes
RAM              0x20000000         0x00020000         xrw
FLASH            0x08000000         0x00080000         xr
*default*        0x00000000         0xffffffff

Linker script and memory map

LOAD C:/PROGRA~2/ARMGNU~1/13C7F1~1.2RE/bin/../lib/gcc/arm-none-eabi/13.2.1/thumb/v7e-m+fp/hard/crti.o
LOAD C:/PROGRA~2/ARMGNU~1/13C7F1~1.2RE/bin/../lib/gcc/arm-none-eabi/13.2.1/thumb/v7e-m+fp/hard/crtbegin.o
LOAD C:/PROGRA~2/ARMGNU~1/13C7F1~1.2RE/bin/../lib/gcc/arm-none-eabi/13.2.1/thumb/v7e-m+fp/hard/crt0.o
LOAD CMakeFiles/LW3.2.elf.dir/Core/Src/app_freertos.c.obj
LOAD CMakeFiles/LW3.2.elf.dir/Core/Src/main.c.obj
LOAD CMakeFiles/LW3.2.elf.dir/Core/Src/stm32g4xx_hal_msp.c.obj
LOAD CMakeFiles/LW3.2.elf.dir/Core/Src/stm32g4xx_hal_timebase_tim.c.obj
LOAD CMakeFiles/LW3.2.elf.dir/Core/Src/stm32g4xx_it.c.obj
LOAD CMakeFiles/LW3.2.elf.dir/Core/Src/syscalls.c.obj
LOAD CMakeFiles/LW3.2.elf.dir/Core/Src/sysmem.c.obj
LOAD CMakeFiles/LW3.2.elf.dir/Core/Src/system_stm32g4xx.c.obj
LOAD CMakeFiles/LW3.2.elf.dir/Core/Startup/startup_stm32g474vetx.s.obj
LOAD CMakeFiles/LW3.2.elf.dir/Drivers/STM32G4xx_HAL_Driver/Src/stm32g4xx_hal.c.obj
LOAD CMakeFiles/LW3.2.elf.dir/Drivers/STM32G4xx_HAL_Driver/Src/stm32g4xx_hal_cortex.c.obj
LOAD CMakeFiles/LW3.2.elf.dir/Drivers/STM32G4xx_HAL_Driver/Src/stm32g4xx_hal_dma.c.obj
LOAD CMakeFiles/LW3.2.elf.dir/Drivers/STM32G4xx_HAL_Driver/Src/stm32g4xx_hal_dma_ex.c.obj
LOAD CMakeFiles/LW3.2.elf.dir/Drivers/STM32G4xx_HAL_Driver/Src/stm32g4xx_hal_exti.c.obj
LOAD CMakeFiles/LW3.2.elf.dir/Drivers/STM32G4xx_HAL_Driver/Src/stm32g4xx_hal_flash.c.obj
LOAD CMakeFiles/LW3.2.elf.dir/Drivers/STM32G4xx_HAL_Driver/Src/stm32g4xx_hal_flash_ex.c.obj
LOAD CMakeFiles/LW3.2.elf.dir/Drivers/STM32G4xx_HAL_Driver/Src/stm32g4xx_hal_flash_ramfunc.c.obj
LOAD CMakeFiles/LW3.2.elf.dir/Drivers/STM32G4xx_HAL_Driver/Src/stm32g4xx_hal_gpio.c.obj
LOAD CMakeFiles/LW3.2.elf.dir/Drivers/STM32G4xx_HAL_Driver/Src/stm32g4xx_hal_pwr.c.obj
LOAD CMakeFiles/LW3.2.elf.dir/Drivers/STM32G4xx_HAL_Driver/Src/stm32g4xx_hal_pwr_ex.c.obj
LOAD CMakeFiles/LW3.2.elf.dir/Drivers/STM32G4xx_HAL_Driver/Src/stm32g4xx_hal_rcc.c.obj
LOAD CMakeFiles/LW3.2.elf.dir/Drivers/STM32G4xx_HAL_Driver/Src/stm32g4xx_hal_rcc_ex.c.obj
LOAD CMakeFiles/LW3.2.elf.dir/Drivers/STM32G4xx_HAL_Driver/Src/stm32g4xx_hal_tim.c.obj
LOAD CMakeFiles/LW3.2.elf.dir/Drivers/STM32G4xx_HAL_Driver/Src/stm32g4xx_hal_tim_ex.c.obj
LOAD CMakeFiles/LW3.2.elf.dir/Middlewares/Third_Party/FreeRTOS/Source/CMSIS_RTOS/cmsis_os.c.obj
LOAD CMakeFiles/LW3.2.elf.dir/Middlewares/Third_Party/FreeRTOS/Source/croutine.c.obj
LOAD CMakeFiles/LW3.2.elf.dir/Middlewares/Third_Party/FreeRTOS/Source/event_groups.c.obj
LOAD CMakeFiles/LW3.2.elf.dir/Middlewares/Third_Party/FreeRTOS/Source/list.c.obj
LOAD CMakeFiles/LW3.2.elf.dir/Middlewares/Third_Party/FreeRTOS/Source/portable/GCC/ARM_CM4F/port.c.obj
LOAD CMakeFiles/LW3.2.elf.dir/Middlewares/Third_Party/FreeRTOS/Source/portable/MemMang/heap_4.c.obj
LOAD CMakeFiles/LW3.2.elf.dir/Middlewares/Third_Party/FreeRTOS/Source/queue.c.obj
LOAD CMakeFiles/LW3.2.elf.dir/Middlewares/Third_Party/FreeRTOS/Source/stream_buffer.c.obj
LOAD CMakeFiles/LW3.2.elf.dir/Middlewares/Third_Party/FreeRTOS/Source/tasks.c.obj
LOAD CMakeFiles/LW3.2.elf.dir/Middlewares/Third_Party/FreeRTOS/Source/timers.c.obj
START GROUP
LOAD C:/PROGRA~2/ARMGNU~1/13C7F1~1.2RE/bin/../lib/gcc/arm-none-eabi/13.2.1/thumb/v7e-m+fp/hard\libgcc.a
LOAD C:/PROGRA~2/ARMGNU~1/13C7F1~1.2RE/bin/../lib/gcc/arm-none-eabi/13.2.1/thumb/v7e-m+fp/hard\libg.a
LOAD C:/PROGRA~2/ARMGNU~1/13C7F1~1.2RE/bin/../lib/gcc/arm-none-eabi/13.2.1/thumb/v7e-m+fp/hard\libc.a
END GROUP
LOAD C:/PROGRA~2/ARMGNU~1/13C7F1~1.2RE/bin/../lib/gcc/arm-none-eabi/13.2.1/thumb/v7e-m+fp/hard/crtend.o
LOAD C:/PROGRA~2/ARMGNU~1/13C7F1~1.2RE/bin/../lib/gcc/arm-none-eabi/13.2.1/thumb/v7e-m+fp/hard/crtn.o
                0x20020000                        _estack = (ORIGIN (RAM) + LENGTH (RAM))
                0x00000200                        _Min_Heap_Size = 0x200
                0x00000400                        _Min_Stack_Size = 0x400

.isr_vector     0x08000000      0x1d8
                0x08000000                        . = ALIGN (0x4)
 *(.isr_vector)
 .isr_vector    0x08000000      0x1d8 CMakeFiles/LW3.2.elf.dir/Core/Startup/startup_stm32g474vetx.s.obj
                0x08000000                g_pfnVectors
                0x080001d8                        . = ALIGN (0x4)

.text           0x080001e0     0x3398
                0x080001e0                        . = ALIGN (0x4)
 *(.text)
 .text          0x080001e0      0x134 C:/PROGRA~2/ARMGNU~1/13C7F1~1.2RE/bin/../lib/gcc/arm-none-eabi/13.2.1/thumb/v7e-m+fp/hard\libg.a(libc_a-memcpy.o)
                0x080001e0                memcpy
 *(.text*)
 .text.deregister_tm_clones
                0x08000314       0x1c C:/PROGRA~2/ARMGNU~1/13C7F1~1.2RE/bin/../lib/gcc/arm-none-eabi/13.2.1/thumb/v7e-m+fp/hard/crtbegin.o
 .text.register_tm_clones
                0x08000330       0x24 C:/PROGRA~2/ARMGNU~1/13C7F1~1.2RE/bin/../lib/gcc/arm-none-eabi/13.2.1/thumb/v7e-m+fp/hard/crtbegin.o
 .text.__do_global_dtors_aux
                0x08000354       0x28 C:/PROGRA~2/ARMGNU~1/13C7F1~1.2RE/bin/../lib/gcc/arm-none-eabi/13.2.1/thumb/v7e-m+fp/hard/crtbegin.o
 .text.frame_dummy
                0x0800037c       0x24 C:/PROGRA~2/ARMGNU~1/13C7F1~1.2RE/bin/../lib/gcc/arm-none-eabi/13.2.1/thumb/v7e-m+fp/hard/crtbegin.o
 .text.MX_GPIO_Init
                0x080003a0       0x7c CMakeFiles/LW3.2.elf.dir/Core/Src/main.c.obj
 .text.StartDefaultTask
                0x0800041c       0x94 CMakeFiles/LW3.2.elf.dir/Core/Src/main.c.obj
                0x0800041c                StartDefaultTask
 .text.StartButtonTaskA
                0x080004b0       0x5c CMakeFiles/LW3.2.elf.dir/Core/Src/main.c.obj
                0x080004b0                StartButtonTaskA
 .text.StartButtonTaskB
                0x0800050c       0x34 CMakeFiles/LW3.2.elf.dir/Core/Src/main.c.obj
                0x0800050c                StartButtonTaskB
 .text.StartButtonTaskC
                0x08000540       0x34 CMakeFiles/LW3.2.elf.dir/Core/Src/main.c.obj
                0x08000540                StartButtonTaskC
 .text.HAL_TIM_PeriodElapsedCallback
                0x08000574       0x12 CMakeFiles/LW3.2.elf.dir/Core/Src/main.c.obj
                0x08000574                HAL_TIM_PeriodElapsedCallback
 .text.Error_Handler
                0x08000586        0x4 CMakeFiles/LW3.2.elf.dir/Core/Src/main.c.obj
                0x08000586                Error_Handler
 .text.SystemClock_Config
                0x0800058a       0x70 CMakeFiles/LW3.2.elf.dir/Core/Src/main.c.obj
                0x0800058a                SystemClock_Config
 *fill*         0x080005fa        0x2 
 .text.main     0x080005fc       0xd4 CMakeFiles/LW3.2.elf.dir/Core/Src/main.c.obj
                0x080005fc                main
 .text.HAL_MspInit
                0x080006d0       0x44 CMakeFiles/LW3.2.elf.dir/Core/Src/stm32g4xx_hal_msp.c.obj
                0x080006d0                HAL_MspInit
 .text.HAL_InitTick
                0x08000714       0x90 CMakeFiles/LW3.2.elf.dir/Core/Src/stm32g4xx_hal_timebase_tim.c.obj
                0x08000714                HAL_InitTick
 .text.NMI_Handler
                0x080007a4        0x2 CMakeFiles/LW3.2.elf.dir/Core/Src/stm32g4xx_it.c.obj
                0x080007a4                NMI_Handler
 .text.HardFault_Handler
                0x080007a6        0x2 CMakeFiles/LW3.2.elf.dir/Core/Src/stm32g4xx_it.c.obj
                0x080007a6                HardFault_Handler
 .text.MemManage_Handler
                0x080007a8        0x2 CMakeFiles/LW3.2.elf.dir/Core/Src/stm32g4xx_it.c.obj
                0x080007a8                MemManage_Handler
 .text.BusFault_Handler
                0x080007aa        0x2 CMakeFiles/LW3.2.elf.dir/Core/Src/stm32g4xx_it.c.obj
                0x080007aa                BusFault_Handler
 .text.UsageFault_Handler
                0x080007ac        0x2 CMakeFiles/LW3.2.elf.dir/Core/Src/stm32g4xx_it.c.obj
                0x080007ac                UsageFault_Handler
 .text.DebugMon_Handler
                0x080007ae        0x2 CMakeFiles/LW3.2.elf.dir/Core/Src/stm32g4xx_it.c.obj
                0x080007ae                DebugMon_Handler
 .text.TIM2_IRQHandler
                0x080007b0       0x10 CMakeFiles/LW3.2.elf.dir/Core/Src/stm32g4xx_it.c.obj
                0x080007b0                TIM2_IRQHandler
 .text._sbrk    0x080007c0       0x48 CMakeFiles/LW3.2.elf.dir/Core/Src/sysmem.c.obj
                0x080007c0                _sbrk
 .text.SystemInit
                0x08000808       0x14 CMakeFiles/LW3.2.elf.dir/Core/Src/system_stm32g4xx.c.obj
                0x08000808                SystemInit
 .text.Reset_Handler
                0x0800081c       0x50 CMakeFiles/LW3.2.elf.dir/Core/Startup/startup_stm32g474vetx.s.obj
                0x0800081c                Reset_Handler
 .text.Default_Handler
                0x0800086c        0x2 CMakeFiles/LW3.2.elf.dir/Core/Startup/startup_stm32g474vetx.s.obj
                0x0800086c                RTC_Alarm_IRQHandler
                0x0800086c                EXTI2_IRQHandler
                0x0800086c                TIM8_TRG_COM_IRQHandler
                0x0800086c                TIM8_CC_IRQHandler
                0x0800086c                HRTIM1_Master_IRQHandler
                0x0800086c                SPI4_IRQHandler
                0x0800086c                FDCAN3_IT0_IRQHandler
                0x0800086c                TIM1_CC_IRQHandler
                0x0800086c                HRTIM1_FLT_IRQHandler
                0x0800086c                HRTIM1_TIMF_IRQHandler
                0x0800086c                USB_HP_IRQHandler
                0x0800086c                CORDIC_IRQHandler
                0x0800086c                HRTIM1_TIMD_IRQHandler
                0x0800086c                DMA2_Channel8_IRQHandler
                0x0800086c                EXTI3_IRQHandler
                0x0800086c                I2C3_ER_IRQHandler
                0x0800086c                EXTI0_IRQHandler
                0x0800086c                I2C2_EV_IRQHandler
                0x0800086c                FPU_IRQHandler
                0x0800086c                FDCAN1_IT1_IRQHandler
                0x0800086c                TIM1_UP_TIM16_IRQHandler
                0x0800086c                ADC1_2_IRQHandler
                0x0800086c                HRTIM1_TIME_IRQHandler
                0x0800086c                SPI1_IRQHandler
                0x0800086c                TIM6_DAC_IRQHandler
                0x0800086c                HRTIM1_TIMC_IRQHandler
                0x0800086c                TIM8_UP_IRQHandler
                0x0800086c                DMA2_Channel2_IRQHandler
                0x0800086c                DMA1_Channel4_IRQHandler
                0x0800086c                TIM20_TRG_COM_IRQHandler
                0x0800086c                USART3_IRQHandler
                0x0800086c                DMA1_Channel7_IRQHandler
                0x0800086c                UART5_IRQHandler
                0x0800086c                ADC3_IRQHandler
                0x0800086c                TIM4_IRQHandler
                0x0800086c                DMA2_Channel1_IRQHandler
                0x0800086c                QUADSPI_IRQHandler
                0x0800086c                I2C1_EV_IRQHandler
                0x0800086c                DMA1_Channel6_IRQHandler
                0x0800086c                UART4_IRQHandler
                0x0800086c                DMA2_Channel4_IRQHandler
                0x0800086c                TIM3_IRQHandler
                0x0800086c                RCC_IRQHandler
                0x0800086c                TIM20_UP_IRQHandler
                0x0800086c                DMA1_Channel1_IRQHandler
                0x0800086c                Default_Handler
                0x0800086c                DMA2_Channel7_IRQHandler
                0x0800086c                RTC_TAMP_LSECSS_IRQHandler
                0x0800086c                FMAC_IRQHandler
                0x0800086c                EXTI15_10_IRQHandler
                0x0800086c                DMA1_Channel8_IRQHandler
                0x0800086c                HRTIM1_TIMA_IRQHandler
                0x0800086c                TIM7_DAC_IRQHandler
                0x0800086c                FDCAN3_IT1_IRQHandler
                0x0800086c                TIM5_IRQHandler
                0x0800086c                UCPD1_IRQHandler
                0x0800086c                I2C3_EV_IRQHandler
                0x0800086c                EXTI9_5_IRQHandler
                0x0800086c                RTC_WKUP_IRQHandler
                0x0800086c                PVD_PVM_IRQHandler
                0x0800086c                SPI2_IRQHandler
                0x0800086c                ADC5_IRQHandler
                0x0800086c                DMA2_Channel5_IRQHandler
                0x0800086c                CRS_IRQHandler
                0x0800086c                DMA1_Channel5_IRQHandler
                0x0800086c                USB_LP_IRQHandler
                0x0800086c                EXTI4_IRQHandler
                0x0800086c                RNG_IRQHandler
                0x0800086c                HRTIM1_TIMB_IRQHandler
                0x0800086c                TIM1_TRG_COM_TIM17_IRQHandler
                0x0800086c                FDCAN2_IT1_IRQHandler
                0x0800086c                DMA1_Channel3_IRQHandler
                0x0800086c                ADC4_IRQHandler
                0x0800086c                WWDG_IRQHandler
                0x0800086c                I2C4_EV_IRQHandler
                0x0800086c                FDCAN2_IT0_IRQHandler
                0x0800086c                LPUART1_IRQHandler
                0x0800086c                DMA2_Channel6_IRQHandler
                0x0800086c                FDCAN1_IT0_IRQHandler
                0x0800086c                COMP7_IRQHandler
                0x0800086c                COMP1_2_3_IRQHandler
                0x0800086c                EXTI1_IRQHandler
                0x0800086c                USART2_IRQHandler
                0x0800086c                COMP4_5_6_IRQHandler
                0x0800086c                TIM20_BRK_IRQHandler
                0x0800086c                I2C2_ER_IRQHandler
                0x0800086c                DMA1_Channel2_IRQHandler
                0x0800086c                TIM8_BRK_IRQHandler
                0x0800086c                FLASH_IRQHandler
                0x0800086c                TIM20_CC_IRQHandler
                0x0800086c                USART1_IRQHandler
                0x0800086c                SPI3_IRQHandler
                0x0800086c                I2C1_ER_IRQHandler
                0x0800086c                FMC_IRQHandler
                0x0800086c                LPTIM1_IRQHandler
                0x0800086c                DMAMUX_OVR_IRQHandler
                0x0800086c                I2C4_ER_IRQHandler
                0x0800086c                USBWakeUp_IRQHandler
                0x0800086c                SAI1_IRQHandler
                0x0800086c                DMA2_Channel3_IRQHandler
                0x0800086c                TIM1_BRK_TIM15_IRQHandler
 .text.HAL_Init
                0x0800086e       0x1e CMakeFiles/LW3.2.elf.dir/Drivers/STM32G4xx_HAL_Driver/Src/stm32g4xx_hal.c.obj
                0x0800086e                HAL_Init
 .text.HAL_IncTick
                0x0800088c       0x18 CMakeFiles/LW3.2.elf.dir/Drivers/STM32G4xx_HAL_Driver/Src/stm32g4xx_hal.c.obj
                0x0800088c                HAL_IncTick
 .text.HAL_GetTick
                0x080008a4        0xc CMakeFiles/LW3.2.elf.dir/Drivers/STM32G4xx_HAL_Driver/Src/stm32g4xx_hal.c.obj
                0x080008a4                HAL_GetTick
 .text.HAL_Delay
                0x080008b0       0x28 CMakeFiles/LW3.2.elf.dir/Drivers/STM32G4xx_HAL_Driver/Src/stm32g4xx_hal.c.obj
                0x080008b0                HAL_Delay
 .text.__NVIC_EnableIRQ
                0x080008d8       0x1c CMakeFiles/LW3.2.elf.dir/Drivers/STM32G4xx_HAL_Driver/Src/stm32g4xx_hal_cortex.c.obj
 .text.__NVIC_SetPriority
                0x080008f4       0x28 CMakeFiles/LW3.2.elf.dir/Drivers/STM32G4xx_HAL_Driver/Src/stm32g4xx_hal_cortex.c.obj
 .text.NVIC_EncodePriority
                0x0800091c       0x3e CMakeFiles/LW3.2.elf.dir/Drivers/STM32G4xx_HAL_Driver/Src/stm32g4xx_hal_cortex.c.obj
 *fill*         0x0800095a        0x2 
 .text.HAL_NVIC_SetPriorityGrouping
                0x0800095c       0x24 CMakeFiles/LW3.2.elf.dir/Drivers/STM32G4xx_HAL_Driver/Src/stm32g4xx_hal_cortex.c.obj
                0x0800095c                HAL_NVIC_SetPriorityGrouping
 .text.HAL_NVIC_SetPriority
                0x08000980       0x20 CMakeFiles/LW3.2.elf.dir/Drivers/STM32G4xx_HAL_Driver/Src/stm32g4xx_hal_cortex.c.obj
                0x08000980                HAL_NVIC_SetPriority
 .text.HAL_NVIC_EnableIRQ
                0x080009a0        0x8 CMakeFiles/LW3.2.elf.dir/Drivers/STM32G4xx_HAL_Driver/Src/stm32g4xx_hal_cortex.c.obj
                0x080009a0                HAL_NVIC_EnableIRQ
 .text.HAL_GPIO_Init
                0x080009a8      0x1d4 CMakeFiles/LW3.2.elf.dir/Drivers/STM32G4xx_HAL_Driver/Src/stm32g4xx_hal_gpio.c.obj
                0x080009a8                HAL_GPIO_Init
 .text.HAL_GPIO_ReadPin
                0x08000b7c        0xe CMakeFiles/LW3.2.elf.dir/Drivers/STM32G4xx_HAL_Driver/Src/stm32g4xx_hal_gpio.c.obj
                0x08000b7c                HAL_GPIO_ReadPin
 .text.HAL_GPIO_WritePin
                0x08000b8a        0xa CMakeFiles/LW3.2.elf.dir/Drivers/STM32G4xx_HAL_Driver/Src/stm32g4xx_hal_gpio.c.obj
                0x08000b8a                HAL_GPIO_WritePin
 .text.HAL_PWREx_ControlVoltageScaling
                0x08000b94      0x10c CMakeFiles/LW3.2.elf.dir/Drivers/STM32G4xx_HAL_Driver/Src/stm32g4xx_hal_pwr_ex.c.obj
                0x08000b94                HAL_PWREx_ControlVoltageScaling
 .text.HAL_PWREx_DisableUCPDDeadBattery
                0x08000ca0       0x10 CMakeFiles/LW3.2.elf.dir/Drivers/STM32G4xx_HAL_Driver/Src/stm32g4xx_hal_pwr_ex.c.obj
                0x08000ca0                HAL_PWREx_DisableUCPDDeadBattery
 .text.RCC_GetSysClockFreqFromPLLSource
                0x08000cb0       0x58 CMakeFiles/LW3.2.elf.dir/Drivers/STM32G4xx_HAL_Driver/Src/stm32g4xx_hal_rcc.c.obj
 .text.HAL_RCC_OscConfig
                0x08000d08      0x4e4 CMakeFiles/LW3.2.elf.dir/Drivers/STM32G4xx_HAL_Driver/Src/stm32g4xx_hal_rcc.c.obj
                0x08000d08                HAL_RCC_OscConfig
 .text.HAL_RCC_GetSysClockFreq
                0x080011ec       0x88 CMakeFiles/LW3.2.elf.dir/Drivers/STM32G4xx_HAL_Driver/Src/stm32g4xx_hal_rcc.c.obj
                0x080011ec                HAL_RCC_GetSysClockFreq
 .text.HAL_RCC_ClockConfig
                0x08001274      0x1f8 CMakeFiles/LW3.2.elf.dir/Drivers/STM32G4xx_HAL_Driver/Src/stm32g4xx_hal_rcc.c.obj
                0x08001274                HAL_RCC_ClockConfig
 .text.HAL_RCC_GetHCLKFreq
                0x0800146c        0xc CMakeFiles/LW3.2.elf.dir/Drivers/STM32G4xx_HAL_Driver/Src/stm32g4xx_hal_rcc.c.obj
                0x0800146c                HAL_RCC_GetHCLKFreq
 .text.HAL_RCC_GetPCLK1Freq
                0x08001478       0x24 CMakeFiles/LW3.2.elf.dir/Drivers/STM32G4xx_HAL_Driver/Src/stm32g4xx_hal_rcc.c.obj
                0x08001478                HAL_RCC_GetPCLK1Freq
 .text.HAL_RCC_GetClockConfig
                0x0800149c       0x3c CMakeFiles/LW3.2.elf.dir/Drivers/STM32G4xx_HAL_Driver/Src/stm32g4xx_hal_rcc.c.obj
                0x0800149c                HAL_RCC_GetClockConfig
 .text.HAL_TIM_Base_MspInit
                0x080014d8        0x2 CMakeFiles/LW3.2.elf.dir/Drivers/STM32G4xx_HAL_Driver/Src/stm32g4xx_hal_tim.c.obj
                0x080014d8                HAL_TIM_Base_MspInit
 *fill*         0x080014da        0x2 
 .text.HAL_TIM_Base_Start_IT
                0x080014dc       0x94 CMakeFiles/LW3.2.elf.dir/Drivers/STM32G4xx_HAL_Driver/Src/stm32g4xx_hal_tim.c.obj
                0x080014dc                HAL_TIM_Base_Start_IT
 .text.HAL_TIM_OC_DelayElapsedCallback
                0x08001570        0x2 CMakeFiles/LW3.2.elf.dir/Drivers/STM32G4xx_HAL_Driver/Src/stm32g4xx_hal_tim.c.obj
                0x08001570                HAL_TIM_OC_DelayElapsedCallback
 .text.HAL_TIM_IC_CaptureCallback
                0x08001572        0x2 CMakeFiles/LW3.2.elf.dir/Drivers/STM32G4xx_HAL_Driver/Src/stm32g4xx_hal_tim.c.obj
                0x08001572                HAL_TIM_IC_CaptureCallback
 .text.HAL_TIM_PWM_PulseFinishedCallback
                0x08001574        0x2 CMakeFiles/LW3.2.elf.dir/Drivers/STM32G4xx_HAL_Driver/Src/stm32g4xx_hal_tim.c.obj
                0x08001574                HAL_TIM_PWM_PulseFinishedCallback
 .text.HAL_TIM_TriggerCallback
                0x08001576        0x2 CMakeFiles/LW3.2.elf.dir/Drivers/STM32G4xx_HAL_Driver/Src/stm32g4xx_hal_tim.c.obj
                0x08001576                HAL_TIM_TriggerCallback
 .text.HAL_TIM_IRQHandler
                0x08001578      0x1ea CMakeFiles/LW3.2.elf.dir/Drivers/STM32G4xx_HAL_Driver/Src/stm32g4xx_hal_tim.c.obj
                0x08001578                HAL_TIM_IRQHandler
 *fill*         0x08001762        0x2 
 .text.TIM_Base_SetConfig
                0x08001764       0xf0 CMakeFiles/LW3.2.elf.dir/Drivers/STM32G4xx_HAL_Driver/Src/stm32g4xx_hal_tim.c.obj
                0x08001764                TIM_Base_SetConfig
 .text.HAL_TIM_Base_Init
                0x08001854       0x60 CMakeFiles/LW3.2.elf.dir/Drivers/STM32G4xx_HAL_Driver/Src/stm32g4xx_hal_tim.c.obj
                0x08001854                HAL_TIM_Base_Init
 .text.HAL_TIMEx_CommutCallback
                0x080018b4        0x2 CMakeFiles/LW3.2.elf.dir/Drivers/STM32G4xx_HAL_Driver/Src/stm32g4xx_hal_tim_ex.c.obj
                0x080018b4                HAL_TIMEx_CommutCallback
 .text.HAL_TIMEx_BreakCallback
                0x080018b6        0x2 CMakeFiles/LW3.2.elf.dir/Drivers/STM32G4xx_HAL_Driver/Src/stm32g4xx_hal_tim_ex.c.obj
                0x080018b6                HAL_TIMEx_BreakCallback
 .text.HAL_TIMEx_Break2Callback
                0x080018b8        0x2 CMakeFiles/LW3.2.elf.dir/Drivers/STM32G4xx_HAL_Driver/Src/stm32g4xx_hal_tim_ex.c.obj
                0x080018b8                HAL_TIMEx_Break2Callback
 .text.HAL_TIMEx_EncoderIndexCallback
                0x080018ba        0x2 CMakeFiles/LW3.2.elf.dir/Drivers/STM32G4xx_HAL_Driver/Src/stm32g4xx_hal_tim_ex.c.obj
                0x080018ba                HAL_TIMEx_EncoderIndexCallback
 .text.HAL_TIMEx_DirectionChangeCallback
                0x080018bc        0x2 CMakeFiles/LW3.2.elf.dir/Drivers/STM32G4xx_HAL_Driver/Src/stm32g4xx_hal_tim_ex.c.obj
                0x080018bc                HAL_TIMEx_DirectionChangeCallback
 .text.HAL_TIMEx_IndexErrorCallback
                0x080018be        0x2 CMakeFiles/LW3.2.elf.dir/Drivers/STM32G4xx_HAL_Driver/Src/stm32g4xx_hal_tim_ex.c.obj
                0x080018be                HAL_TIMEx_IndexErrorCallback
 .text.HAL_TIMEx_TransitionErrorCallback
                0x080018c0        0x2 CMakeFiles/LW3.2.elf.dir/Drivers/STM32G4xx_HAL_Driver/Src/stm32g4xx_hal_tim_ex.c.obj
                0x080018c0                HAL_TIMEx_TransitionErrorCallback
 .text.makeFreeRtosPriority
                0x080018c2        0xc CMakeFiles/LW3.2.elf.dir/Middlewares/Third_Party/FreeRTOS/Source/CMSIS_RTOS/cmsis_os.c.obj
 .text.inHandlerMode
                0x080018ce        0xc CMakeFiles/LW3.2.elf.dir/Middlewares/Third_Party/FreeRTOS/Source/CMSIS_RTOS/cmsis_os.c.obj
 .text.osKernelStart
                0x080018da        0xa CMakeFiles/LW3.2.elf.dir/Middlewares/Third_Party/FreeRTOS/Source/CMSIS_RTOS/cmsis_os.c.obj
                0x080018da                osKernelStart
 .text.osThreadCreate
                0x080018e4       0x34 CMakeFiles/LW3.2.elf.dir/Middlewares/Third_Party/FreeRTOS/Source/CMSIS_RTOS/cmsis_os.c.obj
                0x080018e4                osThreadCreate
 .text.osMessageCreate
                0x08001918        0xe CMakeFiles/LW3.2.elf.dir/Middlewares/Third_Party/FreeRTOS/Source/CMSIS_RTOS/cmsis_os.c.obj
                0x08001918                osMessageCreate
 .text.osMessagePut
                0x08001926       0x66 CMakeFiles/LW3.2.elf.dir/Middlewares/Third_Party/FreeRTOS/Source/CMSIS_RTOS/cmsis_os.c.obj
                0x08001926                osMessagePut
 .text.osMessageGet
                0x0800198c       0x88 CMakeFiles/LW3.2.elf.dir/Middlewares/Third_Party/FreeRTOS/Source/CMSIS_RTOS/cmsis_os.c.obj
                0x0800198c                osMessageGet
 .text.vListInitialise
                0x08001a14       0x16 CMakeFiles/LW3.2.elf.dir/Middlewares/Third_Party/FreeRTOS/Source/list.c.obj
                0x08001a14                vListInitialise
 .text.vListInitialiseItem
                0x08001a2a        0x6 CMakeFiles/LW3.2.elf.dir/Middlewares/Third_Party/FreeRTOS/Source/list.c.obj
                0x08001a2a                vListInitialiseItem
 .text.vListInsertEnd
                0x08001a30       0x16 CMakeFiles/LW3.2.elf.dir/Middlewares/Third_Party/FreeRTOS/Source/list.c.obj
                0x08001a30                vListInsertEnd
 .text.vListInsert
                0x08001a46       0x32 CMakeFiles/LW3.2.elf.dir/Middlewares/Third_Party/FreeRTOS/Source/list.c.obj
                0x08001a46                vListInsert
 .text.uxListRemove
                0x08001a78       0x26 CMakeFiles/LW3.2.elf.dir/Middlewares/Third_Party/FreeRTOS/Source/list.c.obj
                0x08001a78                uxListRemove
 *fill*         0x08001a9e        0x2 
 .text.prvTaskExitError
                0x08001aa0       0x40 CMakeFiles/LW3.2.elf.dir/Middlewares/Third_Party/FreeRTOS/Source/portable/GCC/ARM_CM4F/port.c.obj
 .text.prvPortStartFirstTask
                0x08001ae0       0x28 CMakeFiles/LW3.2.elf.dir/Middlewares/Third_Party/FreeRTOS/Source/portable/GCC/ARM_CM4F/port.c.obj
 .text.vPortEnableVFP
                0x08001b08       0x14 CMakeFiles/LW3.2.elf.dir/Middlewares/Third_Party/FreeRTOS/Source/portable/GCC/ARM_CM4F/port.c.obj
 .text.pxPortInitialiseStack
                0x08001b1c       0x2c CMakeFiles/LW3.2.elf.dir/Middlewares/Third_Party/FreeRTOS/Source/portable/GCC/ARM_CM4F/port.c.obj
                0x08001b1c                pxPortInitialiseStack
 *fill*         0x08001b48        0x8 
 .text.SVC_Handler
                0x08001b50       0x24 CMakeFiles/LW3.2.elf.dir/Middlewares/Third_Party/FreeRTOS/Source/portable/GCC/ARM_CM4F/port.c.obj
                0x08001b50                SVC_Handler
 .text.vPortEnterCritical
                0x08001b74       0x44 CMakeFiles/LW3.2.elf.dir/Middlewares/Third_Party/FreeRTOS/Source/portable/GCC/ARM_CM4F/port.c.obj
                0x08001b74                vPortEnterCritical
 .text.vPortExitCritical
                0x08001bb8       0x2c CMakeFiles/LW3.2.elf.dir/Middlewares/Third_Party/FreeRTOS/Source/portable/GCC/ARM_CM4F/port.c.obj
                0x08001bb8                vPortExitCritical
 *fill*         0x08001be4        0xc 
 .text.PendSV_Handler
                0x08001bf0       0x64 CMakeFiles/LW3.2.elf.dir/Middlewares/Third_Party/FreeRTOS/Source/portable/GCC/ARM_CM4F/port.c.obj
                0x08001bf0                PendSV_Handler
 .text.SysTick_Handler
                0x08001c54       0x2c CMakeFiles/LW3.2.elf.dir/Middlewares/Third_Party/FreeRTOS/Source/portable/GCC/ARM_CM4F/port.c.obj
                0x08001c54                SysTick_Handler
 .text.vPortSetupTimerInterrupt
                0x08001c80       0x28 CMakeFiles/LW3.2.elf.dir/Middlewares/Third_Party/FreeRTOS/Source/portable/GCC/ARM_CM4F/port.c.obj
                0x08001c80                vPortSetupTimerInterrupt
 .text.xPortStartScheduler
                0x08001ca8      0x118 CMakeFiles/LW3.2.elf.dir/Middlewares/Third_Party/FreeRTOS/Source/portable/GCC/ARM_CM4F/port.c.obj
                0x08001ca8                xPortStartScheduler
 .text.vPortValidateInterruptPriority
                0x08001dc0       0x5c CMakeFiles/LW3.2.elf.dir/Middlewares/Third_Party/FreeRTOS/Source/portable/GCC/ARM_CM4F/port.c.obj
                0x08001dc0                vPortValidateInterruptPriority
 .text.prvHeapInit
                0x08001e1c       0x64 CMakeFiles/LW3.2.elf.dir/Middlewares/Third_Party/FreeRTOS/Source/portable/MemMang/heap_4.c.obj
 .text.prvInsertBlockIntoFreeList
                0x08001e80       0x64 CMakeFiles/LW3.2.elf.dir/Middlewares/Third_Party/FreeRTOS/Source/portable/MemMang/heap_4.c.obj
 .text.pvPortMalloc
                0x08001ee4      0x104 CMakeFiles/LW3.2.elf.dir/Middlewares/Third_Party/FreeRTOS/Source/portable/MemMang/heap_4.c.obj
                0x08001ee4                pvPortMalloc
 .text.vPortFree
                0x08001fe8       0x7c CMakeFiles/LW3.2.elf.dir/Middlewares/Third_Party/FreeRTOS/Source/portable/MemMang/heap_4.c.obj
                0x08001fe8                vPortFree
 .text.prvIsQueueFull
                0x08002064       0x1e CMakeFiles/LW3.2.elf.dir/Middlewares/Third_Party/FreeRTOS/Source/queue.c.obj
 .text.prvIsQueueEmpty
                0x08002082       0x1a CMakeFiles/LW3.2.elf.dir/Middlewares/Third_Party/FreeRTOS/Source/queue.c.obj
 .text.prvCopyDataToQueue
                0x0800209c       0x76 CMakeFiles/LW3.2.elf.dir/Middlewares/Third_Party/FreeRTOS/Source/queue.c.obj
 .text.prvCopyDataFromQueue
                0x08002112       0x24 CMakeFiles/LW3.2.elf.dir/Middlewares/Third_Party/FreeRTOS/Source/queue.c.obj
 .text.prvUnlockQueue
                0x08002136       0x6e CMakeFiles/LW3.2.elf.dir/Middlewares/Third_Party/FreeRTOS/Source/queue.c.obj
 .text.xQueueGenericReset
                0x080021a4       0x84 CMakeFiles/LW3.2.elf.dir/Middlewares/Third_Party/FreeRTOS/Source/queue.c.obj
                0x080021a4                xQueueGenericReset
 .text.prvInitialiseNewQueue
                0x08002228       0x1c CMakeFiles/LW3.2.elf.dir/Middlewares/Third_Party/FreeRTOS/Source/queue.c.obj
 .text.xQueueGenericCreate
                0x08002244       0x42 CMakeFiles/LW3.2.elf.dir/Middlewares/Third_Party/FreeRTOS/Source/queue.c.obj
                0x08002244                xQueueGenericCreate
 .text.xQueueGenericSend
                0x08002286      0x188 CMakeFiles/LW3.2.elf.dir/Middlewares/Third_Party/FreeRTOS/Source/queue.c.obj
                0x08002286                xQueueGenericSend
 .text.xQueueGenericSendFromISR
                0x0800240e       0xce CMakeFiles/LW3.2.elf.dir/Middlewares/Third_Party/FreeRTOS/Source/queue.c.obj
                0x0800240e                xQueueGenericSendFromISR
 .text.xQueueReceive
                0x080024dc      0x15e CMakeFiles/LW3.2.elf.dir/Middlewares/Third_Party/FreeRTOS/Source/queue.c.obj
                0x080024dc                xQueueReceive
 .text.xQueueReceiveFromISR
                0x0800263a       0xae CMakeFiles/LW3.2.elf.dir/Middlewares/Third_Party/FreeRTOS/Source/queue.c.obj
                0x0800263a                xQueueReceiveFromISR
 .text.prvResetNextTaskUnblockTime
                0x080026e8       0x2c CMakeFiles/LW3.2.elf.dir/Middlewares/Third_Party/FreeRTOS/Source/tasks.c.obj
 .text.prvInitialiseNewTask
                0x08002714       0xfc CMakeFiles/LW3.2.elf.dir/Middlewares/Third_Party/FreeRTOS/Source/tasks.c.obj
 .text.prvInitialiseTaskLists
                0x08002810       0x68 CMakeFiles/LW3.2.elf.dir/Middlewares/Third_Party/FreeRTOS/Source/tasks.c.obj
 .text.prvAddNewTaskToReadyList
                0x08002878       0xa8 CMakeFiles/LW3.2.elf.dir/Middlewares/Third_Party/FreeRTOS/Source/tasks.c.obj
 .text.prvDeleteTCB
                0x08002920       0x18 CMakeFiles/LW3.2.elf.dir/Middlewares/Third_Party/FreeRTOS/Source/tasks.c.obj
 .text.prvCheckTasksWaitingTermination
                0x08002938       0x4c CMakeFiles/LW3.2.elf.dir/Middlewares/Third_Party/FreeRTOS/Source/tasks.c.obj
 .text.prvIdleTask
                0x08002984       0x28 CMakeFiles/LW3.2.elf.dir/Middlewares/Third_Party/FreeRTOS/Source/tasks.c.obj
 .text.prvAddCurrentTaskToDelayedList
                0x080029ac       0x98 CMakeFiles/LW3.2.elf.dir/Middlewares/Third_Party/FreeRTOS/Source/tasks.c.obj
 .text.xTaskCreate
                0x08002a44       0x62 CMakeFiles/LW3.2.elf.dir/Middlewares/Third_Party/FreeRTOS/Source/tasks.c.obj
                0x08002a44                xTaskCreate
 *fill*         0x08002aa6        0x2 
 .text.vTaskStartScheduler
                0x08002aa8       0x8c CMakeFiles/LW3.2.elf.dir/Middlewares/Third_Party/FreeRTOS/Source/tasks.c.obj
                0x08002aa8                vTaskStartScheduler
 .text.vTaskSuspendAll
                0x08002b34       0x10 CMakeFiles/LW3.2.elf.dir/Middlewares/Third_Party/FreeRTOS/Source/tasks.c.obj
                0x08002b34                vTaskSuspendAll
 .text.xTaskIncrementTick
                0x08002b44      0x118 CMakeFiles/LW3.2.elf.dir/Middlewares/Third_Party/FreeRTOS/Source/tasks.c.obj
                0x08002b44                xTaskIncrementTick
 .text.xTaskResumeAll
                0x08002c5c       0xf8 CMakeFiles/LW3.2.elf.dir/Middlewares/Third_Party/FreeRTOS/Source/tasks.c.obj
                0x08002c5c                xTaskResumeAll
 .text.vTaskSwitchContext
                0x08002d54       0xa4 CMakeFiles/LW3.2.elf.dir/Middlewares/Third_Party/FreeRTOS/Source/tasks.c.obj
                0x08002d54                vTaskSwitchContext
 .text.vTaskPlaceOnEventList
                0x08002df8       0x30 CMakeFiles/LW3.2.elf.dir/Middlewares/Third_Party/FreeRTOS/Source/tasks.c.obj
                0x08002df8                vTaskPlaceOnEventList
 .text.xTaskRemoveFromEventList
                0x08002e28       0x8c CMakeFiles/LW3.2.elf.dir/Middlewares/Third_Party/FreeRTOS/Source/tasks.c.obj
                0x08002e28                xTaskRemoveFromEventList
 .text.vTaskInternalSetTimeOutState
                0x08002eb4       0x18 CMakeFiles/LW3.2.elf.dir/Middlewares/Third_Party/FreeRTOS/Source/tasks.c.obj
                0x08002eb4                vTaskInternalSetTimeOutState
 .text.xTaskCheckForTimeOut
                0x08002ecc       0x84 CMakeFiles/LW3.2.elf.dir/Middlewares/Third_Party/FreeRTOS/Source/tasks.c.obj
                0x08002ecc                xTaskCheckForTimeOut
 .text.vTaskMissedYield
                0x08002f50        0xc CMakeFiles/LW3.2.elf.dir/Middlewares/Third_Party/FreeRTOS/Source/tasks.c.obj
                0x08002f50                vTaskMissedYield
 .text.xTaskGetSchedulerState
                0x08002f5c       0x20 CMakeFiles/LW3.2.elf.dir/Middlewares/Third_Party/FreeRTOS/Source/tasks.c.obj
                0x08002f5c                xTaskGetSchedulerState
 .text.xTaskPriorityDisinherit
                0x08002f7c       0xb0 CMakeFiles/LW3.2.elf.dir/Middlewares/Third_Party/FreeRTOS/Source/tasks.c.obj
                0x08002f7c                xTaskPriorityDisinherit
 .text.memset   0x0800302c       0xa4 C:/PROGRA~2/ARMGNU~1/13C7F1~1.2RE/bin/../lib/gcc/arm-none-eabi/13.2.1/thumb/v7e-m+fp/hard\libg.a(libc_a-memset.o)
                0x0800302c                memset
 .text._reclaim_reent
                0x080030d0       0x5c C:/PROGRA~2/ARMGNU~1/13C7F1~1.2RE/bin/../lib/gcc/arm-none-eabi/13.2.1/thumb/v7e-m+fp/hard\libg.a(libc_a-reent.o)
                0x080030d0                _reclaim_reent
 .text.__errno  0x0800312c        0xc C:/PROGRA~2/ARMGNU~1/13C7F1~1.2RE/bin/../lib/gcc/arm-none-eabi/13.2.1/thumb/v7e-m+fp/hard\libg.a(libc_a-errno.o)
                0x0800312c                __errno
 .text.__libc_init_array
                0x08003138       0x50 C:/PROGRA~2/ARMGNU~1/13C7F1~1.2RE/bin/../lib/gcc/arm-none-eabi/13.2.1/thumb/v7e-m+fp/hard\libg.a(libc_a-init.o)
                0x08003138                __libc_init_array
 .text.__retarget_lock_acquire_recursive
                0x08003188        0x4 C:/PROGRA~2/ARMGNU~1/13C7F1~1.2RE/bin/../lib/gcc/arm-none-eabi/13.2.1/thumb/v7e-m+fp/hard\libg.a(libc_a-lock.o)
                0x08003188                __retarget_lock_acquire_recursive
 .text.__retarget_lock_release_recursive
                0x0800318c        0x4 C:/PROGRA~2/ARMGNU~1/13C7F1~1.2RE/bin/../lib/gcc/arm-none-eabi/13.2.1/thumb/v7e-m+fp/hard\libg.a(libc_a-lock.o)
                0x0800318c                __retarget_lock_release_recursive
 .text.startup.register_fini
                0x08003190       0x14 C:/PROGRA~2/ARMGNU~1/13C7F1~1.2RE/bin/../lib/gcc/arm-none-eabi/13.2.1/thumb/v7e-m+fp/hard\libg.a(libc_a-__call_atexit.o)
 .text.atexit   0x080031a4        0xc C:/PROGRA~2/ARMGNU~1/13C7F1~1.2RE/bin/../lib/gcc/arm-none-eabi/13.2.1/thumb/v7e-m+fp/hard\libg.a(libc_a-atexit.o)
                0x080031a4                atexit
 .text._malloc_trim_r
                0x080031b0       0xb8 C:/PROGRA~2/ARMGNU~1/13C7F1~1.2RE/bin/../lib/gcc/arm-none-eabi/13.2.1/thumb/v7e-m+fp/hard\libg.a(libc_a-freer.o)
                0x080031b0                _malloc_trim_r
 .text._free_r  0x08003268      0x1f8 C:/PROGRA~2/ARMGNU~1/13C7F1~1.2RE/bin/../lib/gcc/arm-none-eabi/13.2.1/thumb/v7e-m+fp/hard\libg.a(libc_a-freer.o)
                0x08003268                _free_r
 .text.__malloc_lock
                0x08003460        0xc C:/PROGRA~2/ARMGNU~1/13C7F1~1.2RE/bin/../lib/gcc/arm-none-eabi/13.2.1/thumb/v7e-m+fp/hard\libg.a(libc_a-mlock.o)
                0x08003460                __malloc_lock
 .text.__malloc_unlock
                0x0800346c        0xc C:/PROGRA~2/ARMGNU~1/13C7F1~1.2RE/bin/../lib/gcc/arm-none-eabi/13.2.1/thumb/v7e-m+fp/hard\libg.a(libc_a-mlock.o)
                0x0800346c                __malloc_unlock
 .text._sbrk_r  0x08003478       0x24 C:/PROGRA~2/ARMGNU~1/13C7F1~1.2RE/bin/../lib/gcc/arm-none-eabi/13.2.1/thumb/v7e-m+fp/hard\libg.a(libc_a-sbrkr.o)
                0x08003478                _sbrk_r
 .text.__libc_fini_array
                0x0800349c       0x28 C:/PROGRA~2/ARMGNU~1/13C7F1~1.2RE/bin/../lib/gcc/arm-none-eabi/13.2.1/thumb/v7e-m+fp/hard\libg.a(libc_a-fini.o)
                0x0800349c                __libc_fini_array
 .text.sysconf  0x080034c4       0x1c C:/PROGRA~2/ARMGNU~1/13C7F1~1.2RE/bin/../lib/gcc/arm-none-eabi/13.2.1/thumb/v7e-m+fp/hard\libg.a(libc_a-sysconf.o)
                0x080034c4                sysconf
 .text.__register_exitproc
                0x080034e0       0x80 C:/PROGRA~2/ARMGNU~1/13C7F1~1.2RE/bin/../lib/gcc/arm-none-eabi/13.2.1/thumb/v7e-m+fp/hard\libg.a(libc_a-__atexit.o)
                0x080034e0                __register_exitproc
 *(.glue_7)
 .glue_7        0x08003560        0x0 linker stubs
 *(.glue_7t)
 .glue_7t       0x08003560        0x0 linker stubs
 *(.eh_frame)
 .eh_frame      0x08003560        0x0 C:/PROGRA~2/ARMGNU~1/13C7F1~1.2RE/bin/../lib/gcc/arm-none-eabi/13.2.1/thumb/v7e-m+fp/hard/crtbegin.o
 *(.init)
 .init          0x08003560        0x4 C:/PROGRA~2/ARMGNU~1/13C7F1~1.2RE/bin/../lib/gcc/arm-none-eabi/13.2.1/thumb/v7e-m+fp/hard/crti.o
                0x08003560                _init
 .init          0x08003564        0x8 C:/PROGRA~2/ARMGNU~1/13C7F1~1.2RE/bin/../lib/gcc/arm-none-eabi/13.2.1/thumb/v7e-m+fp/hard/crtn.o
 *(.fini)
 .fini          0x0800356c        0x4 C:/PROGRA~2/ARMGNU~1/13C7F1~1.2RE/bin/../lib/gcc/arm-none-eabi/13.2.1/thumb/v7e-m+fp/hard/crti.o
                0x0800356c                _fini
 .fini          0x08003570        0x8 C:/PROGRA~2/ARMGNU~1/13C7F1~1.2RE/bin/../lib/gcc/arm-none-eabi/13.2.1/thumb/v7e-m+fp/hard/crtn.o
                0x08003578                        . = ALIGN (0x4)
                0x08003578                        _etext = .

.vfp11_veneer   0x08003578        0x0
 .vfp11_veneer  0x08003578        0x0 linker stubs

.v4_bx          0x08003578        0x0
 .v4_bx         0x08003578        0x0 linker stubs

.iplt           0x08003578        0x0
 .iplt          0x08003578        0x0 C:/PROGRA~2/ARMGNU~1/13C7F1~1.2RE/bin/../lib/gcc/arm-none-eabi/13.2.1/thumb/v7e-m+fp/hard/crtbegin.o

.rodata         0x08003578       0xa8
                0x08003578                        . = ALIGN (0x4)
 *(.rodata)
 .rodata        0x08003578       0x58 CMakeFiles/LW3.2.elf.dir/Core/Src/main.c.obj
 *(.rodata*)
 .rodata.str1.4
                0x080035d0       0x35 CMakeFiles/LW3.2.elf.dir/Core/Src/main.c.obj
                                 0x30 (size before relaxing)
 *fill*         0x08003605        0x3 
 .rodata.APBPrescTable
                0x08003608        0x8 CMakeFiles/LW3.2.elf.dir/Core/Src/system_stm32g4xx.c.obj
                0x08003608                APBPrescTable
 .rodata.AHBPrescTable
                0x08003610       0x10 CMakeFiles/LW3.2.elf.dir/Core/Src/system_stm32g4xx.c.obj
                0x08003610                AHBPrescTable
 .rodata.vTaskStartScheduler.str1.4
                0x08003620        0x5 CMakeFiles/LW3.2.elf.dir/Middlewares/Third_Party/FreeRTOS/Source/tasks.c.obj
                0x08003628                        . = ALIGN (0x4)

.ARM.extab      0x08003620        0x0
                0x08003620                        . = ALIGN (0x4)
 *(.ARM.extab* .gnu.linkonce.armextab.*)
                0x08003620                        . = ALIGN (0x4)

.ARM            0x08003620        0x8
                0x08003620                        . = ALIGN (0x4)
                0x08003620                        __exidx_start = .
 *(.ARM.exidx*)
 .ARM.exidx     0x08003620        0x8 C:/PROGRA~2/ARMGNU~1/13C7F1~1.2RE/bin/../lib/gcc/arm-none-eabi/13.2.1/thumb/v7e-m+fp/hard\libg.a(libc_a-memcpy.o)
                0x08003628                        __exidx_end = .
                0x08003628                        . = ALIGN (0x4)

.rel.dyn        0x08003628        0x0
 .rel.iplt      0x08003628        0x0 C:/PROGRA~2/ARMGNU~1/13C7F1~1.2RE/bin/../lib/gcc/arm-none-eabi/13.2.1/thumb/v7e-m+fp/hard/crtbegin.o

.preinit_array  0x08003628        0x0
                0x08003628                        . = ALIGN (0x4)
                0x08003628                        PROVIDE (__preinit_array_start = .)
 *(.preinit_array*)
                0x08003628                        PROVIDE (__preinit_array_end = .)
                0x08003628                        . = ALIGN (0x4)

.init_array     0x08003628        0x8
                0x08003628                        . = ALIGN (0x4)
                0x08003628                        PROVIDE (__init_array_start = .)
 *(SORT_BY_NAME(.init_array.*))
 .init_array.00000
                0x08003628        0x4 C:/PROGRA~2/ARMGNU~1/13C7F1~1.2RE/bin/../lib/gcc/arm-none-eabi/13.2.1/thumb/v7e-m+fp/hard\libg.a(libc_a-__call_atexit.o)
 *(.init_array*)
 .init_array    0x0800362c        0x4 C:/PROGRA~2/ARMGNU~1/13C7F1~1.2RE/bin/../lib/gcc/arm-none-eabi/13.2.1/thumb/v7e-m+fp/hard/crtbegin.o
                0x08003630                        PROVIDE (__init_array_end = .)
                0x08003630                        . = ALIGN (0x4)

.fini_array     0x08003630        0x4
                0x08003630                        . = ALIGN (0x4)
                0x08003630                        PROVIDE (__fini_array_start = .)
 *(SORT_BY_NAME(.fini_array.*))
 *(.fini_array*)
 .fini_array    0x08003630        0x4 C:/PROGRA~2/ARMGNU~1/13C7F1~1.2RE/bin/../lib/gcc/arm-none-eabi/13.2.1/thumb/v7e-m+fp/hard/crtbegin.o
                0x08003634                        PROVIDE (__fini_array_end = .)
                0x08003634                        . = ALIGN (0x4)
                0x08003634                        _sidata = LOADADDR (.data)

.data           0x20000000      0x550 load address 0x08003634
                0x20000000                        . = ALIGN (0x4)
                0x20000000                        _sdata = .
 *(.data)
 *(.data*)
 .data.SystemCoreClock
                0x20000000        0x4 CMakeFiles/LW3.2.elf.dir/Core/Src/system_stm32g4xx.c.obj
                0x20000000                SystemCoreClock
 .data.uwTickFreq
                0x20000004        0x4 CMakeFiles/LW3.2.elf.dir/Drivers/STM32G4xx_HAL_Driver/Src/stm32g4xx_hal.c.obj
                0x20000004                uwTickFreq
 .data.uwTickPrio
                0x20000008        0x4 CMakeFiles/LW3.2.elf.dir/Drivers/STM32G4xx_HAL_Driver/Src/stm32g4xx_hal.c.obj
                0x20000008                uwTickPrio
 .data.uxCriticalNesting
                0x2000000c        0x4 CMakeFiles/LW3.2.elf.dir/Middlewares/Third_Party/FreeRTOS/Source/portable/GCC/ARM_CM4F/port.c.obj
 .data._impure_ptr
                0x20000010        0x4 C:/PROGRA~2/ARMGNU~1/13C7F1~1.2RE/bin/../lib/gcc/arm-none-eabi/13.2.1/thumb/v7e-m+fp/hard\libg.a(libc_a-impure.o)
                0x20000010                _impure_ptr
 *fill*         0x20000014        0x4 
 .data._impure_data
                0x20000018      0x120 C:/PROGRA~2/ARMGNU~1/13C7F1~1.2RE/bin/../lib/gcc/arm-none-eabi/13.2.1/thumb/v7e-m+fp/hard\libg.a(libc_a-impure.o)
                0x20000018                _impure_data
 .data.__atexit_recursive_mutex
                0x20000138        0x4 C:/PROGRA~2/ARMGNU~1/13C7F1~1.2RE/bin/../lib/gcc/arm-none-eabi/13.2.1/thumb/v7e-m+fp/hard\libg.a(libc_a-__call_atexit.o)
                0x20000138                __atexit_recursive_mutex
 .data.__malloc_sbrk_base
                0x2000013c        0x4 C:/PROGRA~2/ARMGNU~1/13C7F1~1.2RE/bin/../lib/gcc/arm-none-eabi/13.2.1/thumb/v7e-m+fp/hard\libg.a(libc_a-mallocr.o)
                0x2000013c                __malloc_sbrk_base
 .data.__malloc_trim_threshold
                0x20000140        0x4 C:/PROGRA~2/ARMGNU~1/13C7F1~1.2RE/bin/../lib/gcc/arm-none-eabi/13.2.1/thumb/v7e-m+fp/hard\libg.a(libc_a-mallocr.o)
                0x20000140                __malloc_trim_threshold
 *fill*         0x20000144        0x4 
 .data.__malloc_av_
                0x20000148      0x408 C:/PROGRA~2/ARMGNU~1/13C7F1~1.2RE/bin/../lib/gcc/arm-none-eabi/13.2.1/thumb/v7e-m+fp/hard\libg.a(libc_a-mallocr.o)
                0x20000148                __malloc_av_
 *(.RamFunc)
 *(.RamFunc*)
                0x20000550                        . = ALIGN (0x4)
                0x20000550                        _edata = .

.tm_clone_table
                0x20000550        0x0 load address 0x08003b84
 .tm_clone_table
                0x20000550        0x0 C:/PROGRA~2/ARMGNU~1/13C7F1~1.2RE/bin/../lib/gcc/arm-none-eabi/13.2.1/thumb/v7e-m+fp/hard/crtbegin.o
 .tm_clone_table
                0x20000550        0x0 C:/PROGRA~2/ARMGNU~1/13C7F1~1.2RE/bin/../lib/gcc/arm-none-eabi/13.2.1/thumb/v7e-m+fp/hard/crtend.o

.igot.plt       0x20000550        0x0 load address 0x08003b84
 .igot.plt      0x20000550        0x0 C:/PROGRA~2/ARMGNU~1/13C7F1~1.2RE/bin/../lib/gcc/arm-none-eabi/13.2.1/thumb/v7e-m+fp/hard/crtbegin.o
                0x20000550                        . = ALIGN (0x4)

.bss            0x20000550     0x14dc load address 0x08003b84
                0x20000550                        _sbss = .
                0x20000550                        __bss_start__ = _sbss
 *(.bss)
 *(.bss*)
 .bss.completed.1
                0x20000550        0x1 C:/PROGRA~2/ARMGNU~1/13C7F1~1.2RE/bin/../lib/gcc/arm-none-eabi/13.2.1/thumb/v7e-m+fp/hard/crtbegin.o
 *fill*         0x20000551        0x3 
 .bss.object.0  0x20000554       0x18 C:/PROGRA~2/ARMGNU~1/13C7F1~1.2RE/bin/../lib/gcc/arm-none-eabi/13.2.1/thumb/v7e-m+fp/hard/crtbegin.o
 .bss.myQueue01Handle
                0x2000056c        0x4 CMakeFiles/LW3.2.elf.dir/Core/Src/main.c.obj
                0x2000056c                myQueue01Handle
 .bss.buttonTaskCHandle
                0x20000570        0x4 CMakeFiles/LW3.2.elf.dir/Core/Src/main.c.obj
                0x20000570                buttonTaskCHandle
 .bss.buttonTaskBHandle
                0x20000574        0x4 CMakeFiles/LW3.2.elf.dir/Core/Src/main.c.obj
                0x20000574                buttonTaskBHandle
 .bss.buttonTaskAHandle
                0x20000578        0x4 CMakeFiles/LW3.2.elf.dir/Core/Src/main.c.obj
                0x20000578                buttonTaskAHandle
 .bss.defaultTaskHandle
                0x2000057c        0x4 CMakeFiles/LW3.2.elf.dir/Core/Src/main.c.obj
                0x2000057c                defaultTaskHandle
 .bss.htim2     0x20000580       0x4c CMakeFiles/LW3.2.elf.dir/Core/Src/stm32g4xx_hal_timebase_tim.c.obj
                0x20000580                htim2
 .bss.__sbrk_heap_end
                0x200005cc        0x4 CMakeFiles/LW3.2.elf.dir/Core/Src/sysmem.c.obj
 .bss.uwTick    0x200005d0        0x4 CMakeFiles/LW3.2.elf.dir/Drivers/STM32G4xx_HAL_Driver/Src/stm32g4xx_hal.c.obj
                0x200005d0                uwTick
 .bss.ulMaxPRIGROUPValue
                0x200005d4        0x4 CMakeFiles/LW3.2.elf.dir/Middlewares/Third_Party/FreeRTOS/Source/portable/GCC/ARM_CM4F/port.c.obj
 .bss.ucMaxSysCallPriority
                0x200005d8        0x1 CMakeFiles/LW3.2.elf.dir/Middlewares/Third_Party/FreeRTOS/Source/portable/GCC/ARM_CM4F/port.c.obj
 *fill*         0x200005d9        0x3 
 .bss.xBlockAllocatedBit
                0x200005dc        0x4 CMakeFiles/LW3.2.elf.dir/Middlewares/Third_Party/FreeRTOS/Source/portable/MemMang/heap_4.c.obj
 .bss.xNumberOfSuccessfulFrees
                0x200005e0        0x4 CMakeFiles/LW3.2.elf.dir/Middlewares/Third_Party/FreeRTOS/Source/portable/MemMang/heap_4.c.obj
 .bss.xNumberOfSuccessfulAllocations
                0x200005e4        0x4 CMakeFiles/LW3.2.elf.dir/Middlewares/Third_Party/FreeRTOS/Source/portable/MemMang/heap_4.c.obj
 .bss.xMinimumEverFreeBytesRemaining
                0x200005e8        0x4 CMakeFiles/LW3.2.elf.dir/Middlewares/Third_Party/FreeRTOS/Source/portable/MemMang/heap_4.c.obj
 .bss.xFreeBytesRemaining
                0x200005ec        0x4 CMakeFiles/LW3.2.elf.dir/Middlewares/Third_Party/FreeRTOS/Source/portable/MemMang/heap_4.c.obj
 .bss.pxEnd     0x200005f0        0x4 CMakeFiles/LW3.2.elf.dir/Middlewares/Third_Party/FreeRTOS/Source/portable/MemMang/heap_4.c.obj
 .bss.xStart    0x200005f4        0x8 CMakeFiles/LW3.2.elf.dir/Middlewares/Third_Party/FreeRTOS/Source/portable/MemMang/heap_4.c.obj
 .bss.ucHeap    0x200005fc     0x1000 CMakeFiles/LW3.2.elf.dir/Middlewares/Third_Party/FreeRTOS/Source/portable/MemMang/heap_4.c.obj
 .bss.uxSchedulerSuspended
                0x200015fc        0x4 CMakeFiles/LW3.2.elf.dir/Middlewares/Third_Party/FreeRTOS/Source/tasks.c.obj
 .bss.xIdleTaskHandle
                0x20001600        0x4 CMakeFiles/LW3.2.elf.dir/Middlewares/Third_Party/FreeRTOS/Source/tasks.c.obj
 .bss.xNextTaskUnblockTime
                0x20001604        0x4 CMakeFiles/LW3.2.elf.dir/Middlewares/Third_Party/FreeRTOS/Source/tasks.c.obj
 .bss.uxTaskNumber
                0x20001608        0x4 CMakeFiles/LW3.2.elf.dir/Middlewares/Third_Party/FreeRTOS/Source/tasks.c.obj
 .bss.xNumOfOverflows
                0x2000160c        0x4 CMakeFiles/LW3.2.elf.dir/Middlewares/Third_Party/FreeRTOS/Source/tasks.c.obj
 .bss.xYieldPending
                0x20001610        0x4 CMakeFiles/LW3.2.elf.dir/Middlewares/Third_Party/FreeRTOS/Source/tasks.c.obj
 .bss.xPendedTicks
                0x20001614        0x4 CMakeFiles/LW3.2.elf.dir/Middlewares/Third_Party/FreeRTOS/Source/tasks.c.obj
 .bss.xSchedulerRunning
                0x20001618        0x4 CMakeFiles/LW3.2.elf.dir/Middlewares/Third_Party/FreeRTOS/Source/tasks.c.obj
 .bss.uxTopReadyPriority
                0x2000161c        0x4 CMakeFiles/LW3.2.elf.dir/Middlewares/Third_Party/FreeRTOS/Source/tasks.c.obj
 .bss.xTickCount
                0x20001620        0x4 CMakeFiles/LW3.2.elf.dir/Middlewares/Third_Party/FreeRTOS/Source/tasks.c.obj
 .bss.uxCurrentNumberOfTasks
                0x20001624        0x4 CMakeFiles/LW3.2.elf.dir/Middlewares/Third_Party/FreeRTOS/Source/tasks.c.obj
 .bss.xSuspendedTaskList
                0x20001628       0x14 CMakeFiles/LW3.2.elf.dir/Middlewares/Third_Party/FreeRTOS/Source/tasks.c.obj
 .bss.uxDeletedTasksWaitingCleanUp
                0x2000163c        0x4 CMakeFiles/LW3.2.elf.dir/Middlewares/Third_Party/FreeRTOS/Source/tasks.c.obj
 .bss.xTasksWaitingTermination
                0x20001640       0x14 CMakeFiles/LW3.2.elf.dir/Middlewares/Third_Party/FreeRTOS/Source/tasks.c.obj
 .bss.xPendingReadyList
                0x20001654       0x14 CMakeFiles/LW3.2.elf.dir/Middlewares/Third_Party/FreeRTOS/Source/tasks.c.obj
 .bss.pxOverflowDelayedTaskList
                0x20001668        0x4 CMakeFiles/LW3.2.elf.dir/Middlewares/Third_Party/FreeRTOS/Source/tasks.c.obj
 .bss.pxDelayedTaskList
                0x2000166c        0x4 CMakeFiles/LW3.2.elf.dir/Middlewares/Third_Party/FreeRTOS/Source/tasks.c.obj
 .bss.xDelayedTaskList2
                0x20001670       0x14 CMakeFiles/LW3.2.elf.dir/Middlewares/Third_Party/FreeRTOS/Source/tasks.c.obj
 .bss.xDelayedTaskList1
                0x20001684       0x14 CMakeFiles/LW3.2.elf.dir/Middlewares/Third_Party/FreeRTOS/Source/tasks.c.obj
 .bss.pxReadyTasksLists
                0x20001698       0x8c CMakeFiles/LW3.2.elf.dir/Middlewares/Third_Party/FreeRTOS/Source/tasks.c.obj
 .bss.pxCurrentTCB
                0x20001724        0x4 CMakeFiles/LW3.2.elf.dir/Middlewares/Third_Party/FreeRTOS/Source/tasks.c.obj
                0x20001724                pxCurrentTCB
 .bss.__sf      0x20001728      0x138 C:/PROGRA~2/ARMGNU~1/13C7F1~1.2RE/bin/../lib/gcc/arm-none-eabi/13.2.1/thumb/v7e-m+fp/hard\libg.a(libc_a-findfp.o)
                0x20001728                __sf
 .bss.errno     0x20001860        0x4 C:/PROGRA~2/ARMGNU~1/13C7F1~1.2RE/bin/../lib/gcc/arm-none-eabi/13.2.1/thumb/v7e-m+fp/hard\libg.a(libc_a-reent.o)
                0x20001860                errno
 .bss.__lock___malloc_recursive_mutex
                0x20001864        0x1 C:/PROGRA~2/ARMGNU~1/13C7F1~1.2RE/bin/../lib/gcc/arm-none-eabi/13.2.1/thumb/v7e-m+fp/hard\libg.a(libc_a-lock.o)
                0x20001864                __lock___malloc_recursive_mutex
 *fill*         0x20001865        0x3 
 .bss.__lock___atexit_recursive_mutex
                0x20001868        0x1 C:/PROGRA~2/ARMGNU~1/13C7F1~1.2RE/bin/../lib/gcc/arm-none-eabi/13.2.1/thumb/v7e-m+fp/hard\libg.a(libc_a-lock.o)
                0x20001868                __lock___atexit_recursive_mutex
 *fill*         0x20001869        0x3 
 .bss.__atexit  0x2000186c        0x4 C:/PROGRA~2/ARMGNU~1/13C7F1~1.2RE/bin/../lib/gcc/arm-none-eabi/13.2.1/thumb/v7e-m+fp/hard\libg.a(libc_a-__call_atexit.o)
                0x2000186c                __atexit
 .bss.__malloc_current_mallinfo
                0x20001870       0x28 C:/PROGRA~2/ARMGNU~1/13C7F1~1.2RE/bin/../lib/gcc/arm-none-eabi/13.2.1/thumb/v7e-m+fp/hard\libg.a(libc_a-mallocr.o)
                0x20001870                __malloc_current_mallinfo
 .bss.__malloc_top_pad
                0x20001898        0x4 C:/PROGRA~2/ARMGNU~1/13C7F1~1.2RE/bin/../lib/gcc/arm-none-eabi/13.2.1/thumb/v7e-m+fp/hard\libg.a(libc_a-mallocr.o)
                0x20001898                __malloc_top_pad
 .bss.__atexit0
                0x2000189c      0x190 C:/PROGRA~2/ARMGNU~1/13C7F1~1.2RE/bin/../lib/gcc/arm-none-eabi/13.2.1/thumb/v7e-m+fp/hard\libg.a(libc_a-__atexit.o)
                0x2000189c                __atexit0
 *(COMMON)
                0x20001a2c                        . = ALIGN (0x4)
                0x20001a2c                        _ebss = .
                0x20001a2c                        __bss_end__ = _ebss

._user_heap_stack
                0x20001a2c      0x604 load address 0x08003b84
                0x20001a30                        . = ALIGN (0x8)
 *fill*         0x20001a2c        0x4 
                [!provide]                        PROVIDE (end = .)
                0x20001a30                        PROVIDE (_end = .)
                0x20001c30                        . = (. + _Min_Heap_Size)
 *fill*         0x20001a30      0x200 
                0x20002030                        . = (. + _Min_Stack_Size)
 *fill*         0x20001c30      0x400 
                0x20002030                        . = ALIGN (0x8)

/DISCARD/
 libc.a(*)
 libm.a(*)
 libgcc.a(*)

.ARM.attributes
                0x00000000       0x30
 *(.ARM.attributes)
 .ARM.attributes
                0x00000000       0x22 C:/PROGRA~2/ARMGNU~1/13C7F1~1.2RE/bin/../lib/gcc/arm-none-eabi/13.2.1/thumb/v7e-m+fp/hard/crti.o
 .ARM.attributes
                0x00000022       0x34 C:/PROGRA~2/ARMGNU~1/13C7F1~1.2RE/bin/../lib/gcc/arm-none-eabi/13.2.1/thumb/v7e-m+fp/hard/crtbegin.o
 .ARM.attributes
                0x00000056       0x34 CMakeFiles/LW3.2.elf.dir/Core/Src/main.c.obj
 .ARM.attributes
                0x0000008a       0x34 CMakeFiles/LW3.2.elf.dir/Core/Src/stm32g4xx_hal_msp.c.obj
 .ARM.attributes
                0x000000be       0x34 CMakeFiles/LW3.2.elf.dir/Core/Src/stm32g4xx_hal_timebase_tim.c.obj
 .ARM.attributes
                0x000000f2       0x34 CMakeFiles/LW3.2.elf.dir/Core/Src/stm32g4xx_it.c.obj
 .ARM.attributes
                0x00000126       0x34 CMakeFiles/LW3.2.elf.dir/Core/Src/sysmem.c.obj
 .ARM.attributes
                0x0000015a       0x34 CMakeFiles/LW3.2.elf.dir/Core/Src/system_stm32g4xx.c.obj
 .ARM.attributes
                0x0000018e       0x21 CMakeFiles/LW3.2.elf.dir/Core/Startup/startup_stm32g474vetx.s.obj
 .ARM.attributes
                0x000001af       0x34 CMakeFiles/LW3.2.elf.dir/Drivers/STM32G4xx_HAL_Driver/Src/stm32g4xx_hal.c.obj
 .ARM.attributes
                0x000001e3       0x34 CMakeFiles/LW3.2.elf.dir/Drivers/STM32G4xx_HAL_Driver/Src/stm32g4xx_hal_cortex.c.obj
 .ARM.attributes
                0x00000217       0x34 CMakeFiles/LW3.2.elf.dir/Drivers/STM32G4xx_HAL_Driver/Src/stm32g4xx_hal_gpio.c.obj
 .ARM.attributes
                0x0000024b       0x34 CMakeFiles/LW3.2.elf.dir/Drivers/STM32G4xx_HAL_Driver/Src/stm32g4xx_hal_pwr_ex.c.obj
 .ARM.attributes
                0x0000027f       0x34 CMakeFiles/LW3.2.elf.dir/Drivers/STM32G4xx_HAL_Driver/Src/stm32g4xx_hal_rcc.c.obj
 .ARM.attributes
                0x000002b3       0x34 CMakeFiles/LW3.2.elf.dir/Drivers/STM32G4xx_HAL_Driver/Src/stm32g4xx_hal_tim.c.obj
 .ARM.attributes
                0x000002e7       0x34 CMakeFiles/LW3.2.elf.dir/Drivers/STM32G4xx_HAL_Driver/Src/stm32g4xx_hal_tim_ex.c.obj
 .ARM.attributes
                0x0000031b       0x34 CMakeFiles/LW3.2.elf.dir/Middlewares/Third_Party/FreeRTOS/Source/CMSIS_RTOS/cmsis_os.c.obj
 .ARM.attributes
                0x0000034f       0x34 CMakeFiles/LW3.2.elf.dir/Middlewares/Third_Party/FreeRTOS/Source/list.c.obj
 .ARM.attributes
                0x00000383       0x34 CMakeFiles/LW3.2.elf.dir/Middlewares/Third_Party/FreeRTOS/Source/portable/GCC/ARM_CM4F/port.c.obj
 .ARM.attributes
                0x000003b7       0x34 CMakeFiles/LW3.2.elf.dir/Middlewares/Third_Party/FreeRTOS/Source/portable/MemMang/heap_4.c.obj
 .ARM.attributes
                0x000003eb       0x34 CMakeFiles/LW3.2.elf.dir/Middlewares/Third_Party/FreeRTOS/Source/queue.c.obj
 .ARM.attributes
                0x0000041f       0x34 CMakeFiles/LW3.2.elf.dir/Middlewares/Third_Party/FreeRTOS/Source/tasks.c.obj
 .ARM.attributes
                0x00000453       0x34 C:/PROGRA~2/ARMGNU~1/13C7F1~1.2RE/bin/../lib/gcc/arm-none-eabi/13.2.1/thumb/v7e-m+fp/hard\libg.a(libc_a-findfp.o)
 .ARM.attributes
                0x00000487       0x34 C:/PROGRA~2/ARMGNU~1/13C7F1~1.2RE/bin/../lib/gcc/arm-none-eabi/13.2.1/thumb/v7e-m+fp/hard\libg.a(libc_a-memset.o)
 .ARM.attributes
                0x000004bb       0x34 C:/PROGRA~2/ARMGNU~1/13C7F1~1.2RE/bin/../lib/gcc/arm-none-eabi/13.2.1/thumb/v7e-m+fp/hard\libg.a(libc_a-reent.o)
 .ARM.attributes
                0x000004ef       0x34 C:/PROGRA~2/ARMGNU~1/13C7F1~1.2RE/bin/../lib/gcc/arm-none-eabi/13.2.1/thumb/v7e-m+fp/hard\libg.a(libc_a-impure.o)
 .ARM.attributes
                0x00000523       0x34 C:/PROGRA~2/ARMGNU~1/13C7F1~1.2RE/bin/../lib/gcc/arm-none-eabi/13.2.1/thumb/v7e-m+fp/hard\libg.a(libc_a-errno.o)
 .ARM.attributes
                0x00000557       0x34 C:/PROGRA~2/ARMGNU~1/13C7F1~1.2RE/bin/../lib/gcc/arm-none-eabi/13.2.1/thumb/v7e-m+fp/hard\libg.a(libc_a-init.o)
 .ARM.attributes
                0x0000058b       0x34 C:/PROGRA~2/ARMGNU~1/13C7F1~1.2RE/bin/../lib/gcc/arm-none-eabi/13.2.1/thumb/v7e-m+fp/hard\libg.a(libc_a-lock.o)
 .ARM.attributes
                0x000005bf       0x20 C:/PROGRA~2/ARMGNU~1/13C7F1~1.2RE/bin/../lib/gcc/arm-none-eabi/13.2.1/thumb/v7e-m+fp/hard\libg.a(libc_a-memcpy.o)
 .ARM.attributes
                0x000005df       0x34 C:/PROGRA~2/ARMGNU~1/13C7F1~1.2RE/bin/../lib/gcc/arm-none-eabi/13.2.1/thumb/v7e-m+fp/hard\libg.a(libc_a-__call_atexit.o)
 .ARM.attributes
                0x00000613       0x34 C:/PROGRA~2/ARMGNU~1/13C7F1~1.2RE/bin/../lib/gcc/arm-none-eabi/13.2.1/thumb/v7e-m+fp/hard\libg.a(libc_a-atexit.o)
 .ARM.attributes
                0x00000647       0x34 C:/PROGRA~2/ARMGNU~1/13C7F1~1.2RE/bin/../lib/gcc/arm-none-eabi/13.2.1/thumb/v7e-m+fp/hard\libg.a(libc_a-freer.o)
 .ARM.attributes
                0x0000067b       0x34 C:/PROGRA~2/ARMGNU~1/13C7F1~1.2RE/bin/../lib/gcc/arm-none-eabi/13.2.1/thumb/v7e-m+fp/hard\libg.a(libc_a-mallocr.o)
 .ARM.attributes
                0x000006af       0x34 C:/PROGRA~2/ARMGNU~1/13C7F1~1.2RE/bin/../lib/gcc/arm-none-eabi/13.2.1/thumb/v7e-m+fp/hard\libg.a(libc_a-mlock.o)
 .ARM.attributes
                0x000006e3       0x34 C:/PROGRA~2/ARMGNU~1/13C7F1~1.2RE/bin/../lib/gcc/arm-none-eabi/13.2.1/thumb/v7e-m+fp/hard\libg.a(libc_a-sbrkr.o)
 .ARM.attributes
                0x00000717       0x34 C:/PROGRA~2/ARMGNU~1/13C7F1~1.2RE/bin/../lib/gcc/arm-none-eabi/13.2.1/thumb/v7e-m+fp/hard\libg.a(libc_a-fini.o)
 .ARM.attributes
                0x0000074b       0x34 C:/PROGRA~2/ARMGNU~1/13C7F1~1.2RE/bin/../lib/gcc/arm-none-eabi/13.2.1/thumb/v7e-m+fp/hard\libg.a(libc_a-sysconf.o)
 .ARM.attributes
                0x0000077f       0x34 C:/PROGRA~2/ARMGNU~1/13C7F1~1.2RE/bin/../lib/gcc/arm-none-eabi/13.2.1/thumb/v7e-m+fp/hard\libg.a(libc_a-__atexit.o)
 .ARM.attributes
                0x000007b3       0x34 C:/PROGRA~2/ARMGNU~1/13C7F1~1.2RE/bin/../lib/gcc/arm-none-eabi/13.2.1/thumb/v7e-m+fp/hard/crtend.o
 .ARM.attributes
                0x000007e7       0x22 C:/PROGRA~2/ARMGNU~1/13C7F1~1.2RE/bin/../lib/gcc/arm-none-eabi/13.2.1/thumb/v7e-m+fp/hard/crtn.o
OUTPUT(LW3.2.elf elf32-littlearm)
LOAD linker stubs
LOAD C:/PROGRA~2/ARMGNU~1/13C7F1~1.2RE/bin/../lib/gcc/arm-none-eabi/13.2.1/thumb/v7e-m+fp/hard\libc.a
LOAD C:/PROGRA~2/ARMGNU~1/13C7F1~1.2RE/bin/../lib/gcc/arm-none-eabi/13.2.1/thumb/v7e-m+fp/hard\libm.a
LOAD C:/PROGRA~2/ARMGNU~1/13C7F1~1.2RE/bin/../lib/gcc/arm-none-eabi/13.2.1/thumb/v7e-m+fp/hard\libgcc.a

.debug_info     0x00000000    0x1538b
 .debug_info    0x00000000     0x16a1 CMakeFiles/LW3.2.elf.dir/Core/Src/main.c.obj
 .debug_info    0x000016a1      0x5cd CMakeFiles/LW3.2.elf.dir/Core/Src/stm32g4xx_hal_msp.c.obj
 .debug_info    0x00001c6e      0xf07 CMakeFiles/LW3.2.elf.dir/Core/Src/stm32g4xx_hal_timebase_tim.c.obj
 .debug_info    0x00002b75      0x84b CMakeFiles/LW3.2.elf.dir/Core/Src/stm32g4xx_it.c.obj
 .debug_info    0x000033c0      0x171 CMakeFiles/LW3.2.elf.dir/Core/Src/sysmem.c.obj
 .debug_info    0x00003531      0x5a3 CMakeFiles/LW3.2.elf.dir/Core/Src/system_stm32g4xx.c.obj
 .debug_info    0x00003ad4       0x30 CMakeFiles/LW3.2.elf.dir/Core/Startup/startup_stm32g474vetx.s.obj
 .debug_info    0x00003b04      0xc4e CMakeFiles/LW3.2.elf.dir/Drivers/STM32G4xx_HAL_Driver/Src/stm32g4xx_hal.c.obj
 .debug_info    0x00004752     0x1018 CMakeFiles/LW3.2.elf.dir/Drivers/STM32G4xx_HAL_Driver/Src/stm32g4xx_hal_cortex.c.obj
 .debug_info    0x0000576a      0x795 CMakeFiles/LW3.2.elf.dir/Drivers/STM32G4xx_HAL_Driver/Src/stm32g4xx_hal_gpio.c.obj
 .debug_info    0x00005eff      0x9bd CMakeFiles/LW3.2.elf.dir/Drivers/STM32G4xx_HAL_Driver/Src/stm32g4xx_hal_pwr_ex.c.obj
 .debug_info    0x000068bc      0xe3f CMakeFiles/LW3.2.elf.dir/Drivers/STM32G4xx_HAL_Driver/Src/stm32g4xx_hal_rcc.c.obj
 .debug_info    0x000076fb     0x3f0c CMakeFiles/LW3.2.elf.dir/Drivers/STM32G4xx_HAL_Driver/Src/stm32g4xx_hal_tim.c.obj
 .debug_info    0x0000b607     0x24e9 CMakeFiles/LW3.2.elf.dir/Drivers/STM32G4xx_HAL_Driver/Src/stm32g4xx_hal_tim_ex.c.obj
 .debug_info    0x0000daf0     0x1f38 CMakeFiles/LW3.2.elf.dir/Middlewares/Third_Party/FreeRTOS/Source/CMSIS_RTOS/cmsis_os.c.obj
 .debug_info    0x0000fa28      0x2bf CMakeFiles/LW3.2.elf.dir/Middlewares/Third_Party/FreeRTOS/Source/list.c.obj
 .debug_info    0x0000fce7      0x55a CMakeFiles/LW3.2.elf.dir/Middlewares/Third_Party/FreeRTOS/Source/portable/GCC/ARM_CM4F/port.c.obj
 .debug_info    0x00010241      0x593 CMakeFiles/LW3.2.elf.dir/Middlewares/Third_Party/FreeRTOS/Source/portable/MemMang/heap_4.c.obj
 .debug_info    0x000107d4     0x1f15 CMakeFiles/LW3.2.elf.dir/Middlewares/Third_Party/FreeRTOS/Source/queue.c.obj
 .debug_info    0x000126e9     0x2ca2 CMakeFiles/LW3.2.elf.dir/Middlewares/Third_Party/FreeRTOS/Source/tasks.c.obj

.debug_abbrev   0x00000000     0x2f0a
 .debug_abbrev  0x00000000      0x38e CMakeFiles/LW3.2.elf.dir/Core/Src/main.c.obj
 .debug_abbrev  0x0000038e      0x12c CMakeFiles/LW3.2.elf.dir/Core/Src/stm32g4xx_hal_msp.c.obj
 .debug_abbrev  0x000004ba      0x262 CMakeFiles/LW3.2.elf.dir/Core/Src/stm32g4xx_hal_timebase_tim.c.obj
 .debug_abbrev  0x0000071c      0x1b6 CMakeFiles/LW3.2.elf.dir/Core/Src/stm32g4xx_it.c.obj
 .debug_abbrev  0x000008d2       0xea CMakeFiles/LW3.2.elf.dir/Core/Src/sysmem.c.obj
 .debug_abbrev  0x000009bc      0x11e CMakeFiles/LW3.2.elf.dir/Core/Src/system_stm32g4xx.c.obj
 .debug_abbrev  0x00000ada       0x24 CMakeFiles/LW3.2.elf.dir/Core/Startup/startup_stm32g474vetx.s.obj
 .debug_abbrev  0x00000afe      0x27d CMakeFiles/LW3.2.elf.dir/Drivers/STM32G4xx_HAL_Driver/Src/stm32g4xx_hal.c.obj
 .debug_abbrev  0x00000d7b      0x390 CMakeFiles/LW3.2.elf.dir/Drivers/STM32G4xx_HAL_Driver/Src/stm32g4xx_hal_cortex.c.obj
 .debug_abbrev  0x0000110b      0x1f9 CMakeFiles/LW3.2.elf.dir/Drivers/STM32G4xx_HAL_Driver/Src/stm32g4xx_hal_gpio.c.obj
 .debug_abbrev  0x00001304      0x249 CMakeFiles/LW3.2.elf.dir/Drivers/STM32G4xx_HAL_Driver/Src/stm32g4xx_hal_pwr_ex.c.obj
 .debug_abbrev  0x0000154d      0x2ab CMakeFiles/LW3.2.elf.dir/Drivers/STM32G4xx_HAL_Driver/Src/stm32g4xx_hal_rcc.c.obj
 .debug_abbrev  0x000017f8      0x2a0 CMakeFiles/LW3.2.elf.dir/Drivers/STM32G4xx_HAL_Driver/Src/stm32g4xx_hal_tim.c.obj
 .debug_abbrev  0x00001a98      0x2b1 CMakeFiles/LW3.2.elf.dir/Drivers/STM32G4xx_HAL_Driver/Src/stm32g4xx_hal_tim_ex.c.obj
 .debug_abbrev  0x00001d49      0x3e6 CMakeFiles/LW3.2.elf.dir/Middlewares/Third_Party/FreeRTOS/Source/CMSIS_RTOS/cmsis_os.c.obj
 .debug_abbrev  0x0000212f      0x10a CMakeFiles/LW3.2.elf.dir/Middlewares/Third_Party/FreeRTOS/Source/list.c.obj
 .debug_abbrev  0x00002239      0x293 CMakeFiles/LW3.2.elf.dir/Middlewares/Third_Party/FreeRTOS/Source/portable/GCC/ARM_CM4F/port.c.obj
 .debug_abbrev  0x000024cc      0x263 CMakeFiles/LW3.2.elf.dir/Middlewares/Third_Party/FreeRTOS/Source/portable/MemMang/heap_4.c.obj
 .debug_abbrev  0x0000272f      0x387 CMakeFiles/LW3.2.elf.dir/Middlewares/Third_Party/FreeRTOS/Source/queue.c.obj
 .debug_abbrev  0x00002ab6      0x454 CMakeFiles/LW3.2.elf.dir/Middlewares/Third_Party/FreeRTOS/Source/tasks.c.obj

.debug_loclists
                0x00000000     0xa654
 .debug_loclists
                0x00000000      0x147 CMakeFiles/LW3.2.elf.dir/Core/Src/main.c.obj
 .debug_loclists
                0x00000147       0x8d CMakeFiles/LW3.2.elf.dir/Core/Src/stm32g4xx_hal_timebase_tim.c.obj
 .debug_loclists
                0x000001d4       0x52 CMakeFiles/LW3.2.elf.dir/Core/Src/sysmem.c.obj
 .debug_loclists
                0x00000226       0x65 CMakeFiles/LW3.2.elf.dir/Core/Src/system_stm32g4xx.c.obj
 .debug_loclists
                0x0000028b      0x14d CMakeFiles/LW3.2.elf.dir/Drivers/STM32G4xx_HAL_Driver/Src/stm32g4xx_hal.c.obj
 .debug_loclists
                0x000003d8      0x545 CMakeFiles/LW3.2.elf.dir/Drivers/STM32G4xx_HAL_Driver/Src/stm32g4xx_hal_cortex.c.obj
 .debug_loclists
                0x0000091d      0x291 CMakeFiles/LW3.2.elf.dir/Drivers/STM32G4xx_HAL_Driver/Src/stm32g4xx_hal_gpio.c.obj
 .debug_loclists
                0x00000bae      0x714 CMakeFiles/LW3.2.elf.dir/Drivers/STM32G4xx_HAL_Driver/Src/stm32g4xx_hal_pwr_ex.c.obj
 .debug_loclists
                0x000012c2      0x5aa CMakeFiles/LW3.2.elf.dir/Drivers/STM32G4xx_HAL_Driver/Src/stm32g4xx_hal_rcc.c.obj
 .debug_loclists
                0x0000186c     0x3dd6 CMakeFiles/LW3.2.elf.dir/Drivers/STM32G4xx_HAL_Driver/Src/stm32g4xx_hal_tim.c.obj
 .debug_loclists
                0x00005642     0x20fd CMakeFiles/LW3.2.elf.dir/Drivers/STM32G4xx_HAL_Driver/Src/stm32g4xx_hal_tim_ex.c.obj
 .debug_loclists
                0x0000773f      0xc46 CMakeFiles/LW3.2.elf.dir/Middlewares/Third_Party/FreeRTOS/Source/CMSIS_RTOS/cmsis_os.c.obj
 .debug_loclists
                0x00008385       0x75 CMakeFiles/LW3.2.elf.dir/Middlewares/Third_Party/FreeRTOS/Source/list.c.obj
 .debug_loclists
                0x000083fa       0xc1 CMakeFiles/LW3.2.elf.dir/Middlewares/Third_Party/FreeRTOS/Source/portable/GCC/ARM_CM4F/port.c.obj
 .debug_loclists
                0x000084bb      0x2b7 CMakeFiles/LW3.2.elf.dir/Middlewares/Third_Party/FreeRTOS/Source/portable/MemMang/heap_4.c.obj
 .debug_loclists
                0x00008772      0xd08 CMakeFiles/LW3.2.elf.dir/Middlewares/Third_Party/FreeRTOS/Source/queue.c.obj
 .debug_loclists
                0x0000947a     0x11da CMakeFiles/LW3.2.elf.dir/Middlewares/Third_Party/FreeRTOS/Source/tasks.c.obj

.debug_aranges  0x00000000     0x1180
 .debug_aranges
                0x00000000       0x60 CMakeFiles/LW3.2.elf.dir/Core/Src/main.c.obj
 .debug_aranges
                0x00000060       0x20 CMakeFiles/LW3.2.elf.dir/Core/Src/stm32g4xx_hal_msp.c.obj
 .debug_aranges
                0x00000080       0x30 CMakeFiles/LW3.2.elf.dir/Core/Src/stm32g4xx_hal_timebase_tim.c.obj
 .debug_aranges
                0x000000b0       0x50 CMakeFiles/LW3.2.elf.dir/Core/Src/stm32g4xx_it.c.obj
 .debug_aranges
                0x00000100       0x20 CMakeFiles/LW3.2.elf.dir/Core/Src/sysmem.c.obj
 .debug_aranges
                0x00000120       0x28 CMakeFiles/LW3.2.elf.dir/Core/Src/system_stm32g4xx.c.obj
 .debug_aranges
                0x00000148       0x28 CMakeFiles/LW3.2.elf.dir/Core/Startup/startup_stm32g474vetx.s.obj
 .debug_aranges
                0x00000170      0x148 CMakeFiles/LW3.2.elf.dir/Drivers/STM32G4xx_HAL_Driver/Src/stm32g4xx_hal.c.obj
 .debug_aranges
                0x000002b8       0xe0 CMakeFiles/LW3.2.elf.dir/Drivers/STM32G4xx_HAL_Driver/Src/stm32g4xx_hal_cortex.c.obj
 .debug_aranges
                0x00000398       0x58 CMakeFiles/LW3.2.elf.dir/Drivers/STM32G4xx_HAL_Driver/Src/stm32g4xx_hal_gpio.c.obj
 .debug_aranges
                0x000003f0      0x140 CMakeFiles/LW3.2.elf.dir/Drivers/STM32G4xx_HAL_Driver/Src/stm32g4xx_hal_pwr_ex.c.obj
 .debug_aranges
                0x00000530       0x98 CMakeFiles/LW3.2.elf.dir/Drivers/STM32G4xx_HAL_Driver/Src/stm32g4xx_hal_rcc.c.obj
 .debug_aranges
                0x000005c8      0x3e0 CMakeFiles/LW3.2.elf.dir/Drivers/STM32G4xx_HAL_Driver/Src/stm32g4xx_hal_tim.c.obj
 .debug_aranges
                0x000009a8      0x240 CMakeFiles/LW3.2.elf.dir/Drivers/STM32G4xx_HAL_Driver/Src/stm32g4xx_hal_tim_ex.c.obj
 .debug_aranges
                0x00000be8      0x1d8 CMakeFiles/LW3.2.elf.dir/Middlewares/Third_Party/FreeRTOS/Source/CMSIS_RTOS/cmsis_os.c.obj
 .debug_aranges
                0x00000dc0       0x40 CMakeFiles/LW3.2.elf.dir/Middlewares/Third_Party/FreeRTOS/Source/list.c.obj
 .debug_aranges
                0x00000e00       0x80 CMakeFiles/LW3.2.elf.dir/Middlewares/Third_Party/FreeRTOS/Source/portable/GCC/ARM_CM4F/port.c.obj
 .debug_aranges
                0x00000e80       0x58 CMakeFiles/LW3.2.elf.dir/Middlewares/Third_Party/FreeRTOS/Source/portable/MemMang/heap_4.c.obj
 .debug_aranges
                0x00000ed8       0xf8 CMakeFiles/LW3.2.elf.dir/Middlewares/Third_Party/FreeRTOS/Source/queue.c.obj
 .debug_aranges
                0x00000fd0      0x1b0 CMakeFiles/LW3.2.elf.dir/Middlewares/Third_Party/FreeRTOS/Source/tasks.c.obj

.debug_rnglists
                0x00000000      0xe2e
 .debug_rnglists
                0x00000000       0x5e CMakeFiles/LW3.2.elf.dir/Core/Src/main.c.obj
 .debug_rnglists
                0x0000005e       0x13 CMakeFiles/LW3.2.elf.dir/Core/Src/stm32g4xx_hal_msp.c.obj
 .debug_rnglists
                0x00000071       0x20 CMakeFiles/LW3.2.elf.dir/Core/Src/stm32g4xx_hal_timebase_tim.c.obj
 .debug_rnglists
                0x00000091       0x37 CMakeFiles/LW3.2.elf.dir/Core/Src/stm32g4xx_it.c.obj
 .debug_rnglists
                0x000000c8       0x13 CMakeFiles/LW3.2.elf.dir/Core/Src/sysmem.c.obj
 .debug_rnglists
                0x000000db       0x1a CMakeFiles/LW3.2.elf.dir/Core/Src/system_stm32g4xx.c.obj
 .debug_rnglists
                0x000000f5       0x19 CMakeFiles/LW3.2.elf.dir/Core/Startup/startup_stm32g474vetx.s.obj
 .debug_rnglists
                0x0000010e       0xf1 CMakeFiles/LW3.2.elf.dir/Drivers/STM32G4xx_HAL_Driver/Src/stm32g4xx_hal.c.obj
 .debug_rnglists
                0x000001ff       0xa3 CMakeFiles/LW3.2.elf.dir/Drivers/STM32G4xx_HAL_Driver/Src/stm32g4xx_hal_cortex.c.obj
 .debug_rnglists
                0x000002a2       0x3f CMakeFiles/LW3.2.elf.dir/Drivers/STM32G4xx_HAL_Driver/Src/stm32g4xx_hal_gpio.c.obj
 .debug_rnglists
                0x000002e1       0xf1 CMakeFiles/LW3.2.elf.dir/Drivers/STM32G4xx_HAL_Driver/Src/stm32g4xx_hal_pwr_ex.c.obj
 .debug_rnglists
                0x000003d2       0x81 CMakeFiles/LW3.2.elf.dir/Drivers/STM32G4xx_HAL_Driver/Src/stm32g4xx_hal_rcc.c.obj
 .debug_rnglists
                0x00000453      0x314 CMakeFiles/LW3.2.elf.dir/Drivers/STM32G4xx_HAL_Driver/Src/stm32g4xx_hal_tim.c.obj
 .debug_rnglists
                0x00000767      0x1c3 CMakeFiles/LW3.2.elf.dir/Drivers/STM32G4xx_HAL_Driver/Src/stm32g4xx_hal_tim_ex.c.obj
 .debug_rnglists
                0x0000092a      0x15f CMakeFiles/LW3.2.elf.dir/Middlewares/Third_Party/FreeRTOS/Source/CMSIS_RTOS/cmsis_os.c.obj
 .debug_rnglists
                0x00000a89       0x2b CMakeFiles/LW3.2.elf.dir/Middlewares/Third_Party/FreeRTOS/Source/list.c.obj
 .debug_rnglists
                0x00000ab4       0x69 CMakeFiles/LW3.2.elf.dir/Middlewares/Third_Party/FreeRTOS/Source/portable/GCC/ARM_CM4F/port.c.obj
 .debug_rnglists
                0x00000b1d       0x3f CMakeFiles/LW3.2.elf.dir/Middlewares/Third_Party/FreeRTOS/Source/portable/MemMang/heap_4.c.obj
 .debug_rnglists
                0x00000b5c      0x11b CMakeFiles/LW3.2.elf.dir/Middlewares/Third_Party/FreeRTOS/Source/queue.c.obj
 .debug_rnglists
                0x00000c77      0x1b7 CMakeFiles/LW3.2.elf.dir/Middlewares/Third_Party/FreeRTOS/Source/tasks.c.obj

.debug_line     0x00000000    0x112d6
 .debug_line    0x00000000      0x6e3 CMakeFiles/LW3.2.elf.dir/Core/Src/main.c.obj
 .debug_line    0x000006e3      0x1fd CMakeFiles/LW3.2.elf.dir/Core/Src/stm32g4xx_hal_msp.c.obj
 .debug_line    0x000008e0      0x310 CMakeFiles/LW3.2.elf.dir/Core/Src/stm32g4xx_hal_timebase_tim.c.obj
 .debug_line    0x00000bf0      0x28e CMakeFiles/LW3.2.elf.dir/Core/Src/stm32g4xx_it.c.obj
 .debug_line    0x00000e7e      0x1c5 CMakeFiles/LW3.2.elf.dir/Core/Src/sysmem.c.obj
 .debug_line    0x00001043      0x29b CMakeFiles/LW3.2.elf.dir/Core/Src/system_stm32g4xx.c.obj
 .debug_line    0x000012de       0x7b CMakeFiles/LW3.2.elf.dir/Core/Startup/startup_stm32g474vetx.s.obj
 .debug_line    0x00001359      0x744 CMakeFiles/LW3.2.elf.dir/Drivers/STM32G4xx_HAL_Driver/Src/stm32g4xx_hal.c.obj
 .debug_line    0x00001a9d      0x848 CMakeFiles/LW3.2.elf.dir/Drivers/STM32G4xx_HAL_Driver/Src/stm32g4xx_hal_cortex.c.obj
 .debug_line    0x000022e5      0x6fb CMakeFiles/LW3.2.elf.dir/Drivers/STM32G4xx_HAL_Driver/Src/stm32g4xx_hal_gpio.c.obj
 .debug_line    0x000029e0      0xab0 CMakeFiles/LW3.2.elf.dir/Drivers/STM32G4xx_HAL_Driver/Src/stm32g4xx_hal_pwr_ex.c.obj
 .debug_line    0x00003490      0xee0 CMakeFiles/LW3.2.elf.dir/Drivers/STM32G4xx_HAL_Driver/Src/stm32g4xx_hal_rcc.c.obj
 .debug_line    0x00004370     0x4ed7 CMakeFiles/LW3.2.elf.dir/Drivers/STM32G4xx_HAL_Driver/Src/stm32g4xx_hal_tim.c.obj
 .debug_line    0x00009247     0x23c9 CMakeFiles/LW3.2.elf.dir/Drivers/STM32G4xx_HAL_Driver/Src/stm32g4xx_hal_tim_ex.c.obj
 .debug_line    0x0000b610     0x12a4 CMakeFiles/LW3.2.elf.dir/Middlewares/Third_Party/FreeRTOS/Source/CMSIS_RTOS/cmsis_os.c.obj
 .debug_line    0x0000c8b4      0x3a5 CMakeFiles/LW3.2.elf.dir/Middlewares/Third_Party/FreeRTOS/Source/list.c.obj
 .debug_line    0x0000cc59      0x6d5 CMakeFiles/LW3.2.elf.dir/Middlewares/Third_Party/FreeRTOS/Source/portable/GCC/ARM_CM4F/port.c.obj
 .debug_line    0x0000d32e      0x744 CMakeFiles/LW3.2.elf.dir/Middlewares/Third_Party/FreeRTOS/Source/portable/MemMang/heap_4.c.obj
 .debug_line    0x0000da72     0x17cf CMakeFiles/LW3.2.elf.dir/Middlewares/Third_Party/FreeRTOS/Source/queue.c.obj
 .debug_line    0x0000f241     0x2095 CMakeFiles/LW3.2.elf.dir/Middlewares/Third_Party/FreeRTOS/Source/tasks.c.obj

.debug_str      0x00000000     0x6620
 .debug_str     0x00000000     0x6620 CMakeFiles/LW3.2.elf.dir/Core/Src/main.c.obj
                               0x10ba (size before relaxing)
 .debug_str     0x00006620      0x9d4 CMakeFiles/LW3.2.elf.dir/Core/Src/stm32g4xx_hal_msp.c.obj
 .debug_str     0x00006620     0x112a CMakeFiles/LW3.2.elf.dir/Core/Src/stm32g4xx_hal_timebase_tim.c.obj
 .debug_str     0x00006620      0x89e CMakeFiles/LW3.2.elf.dir/Core/Src/stm32g4xx_it.c.obj
 .debug_str     0x00006620      0x280 CMakeFiles/LW3.2.elf.dir/Core/Src/sysmem.c.obj
 .debug_str     0x00006620      0x426 CMakeFiles/LW3.2.elf.dir/Core/Src/system_stm32g4xx.c.obj
 .debug_str     0x00006620       0xb7 CMakeFiles/LW3.2.elf.dir/Core/Startup/startup_stm32g474vetx.s.obj
 .debug_str     0x00006620      0xe9e CMakeFiles/LW3.2.elf.dir/Drivers/STM32G4xx_HAL_Driver/Src/stm32g4xx_hal.c.obj
 .debug_str     0x00006620      0xdbc CMakeFiles/LW3.2.elf.dir/Drivers/STM32G4xx_HAL_Driver/Src/stm32g4xx_hal_cortex.c.obj
 .debug_str     0x00006620      0x59f CMakeFiles/LW3.2.elf.dir/Drivers/STM32G4xx_HAL_Driver/Src/stm32g4xx_hal_gpio.c.obj
 .debug_str     0x00006620      0x841 CMakeFiles/LW3.2.elf.dir/Drivers/STM32G4xx_HAL_Driver/Src/stm32g4xx_hal_pwr_ex.c.obj
 .debug_str     0x00006620      0x8b4 CMakeFiles/LW3.2.elf.dir/Drivers/STM32G4xx_HAL_Driver/Src/stm32g4xx_hal_rcc.c.obj
 .debug_str     0x00006620     0x1904 CMakeFiles/LW3.2.elf.dir/Drivers/STM32G4xx_HAL_Driver/Src/stm32g4xx_hal_tim.c.obj
 .debug_str     0x00006620     0x1577 CMakeFiles/LW3.2.elf.dir/Drivers/STM32G4xx_HAL_Driver/Src/stm32g4xx_hal_tim_ex.c.obj
 .debug_str     0x00006620      0xe92 CMakeFiles/LW3.2.elf.dir/Middlewares/Third_Party/FreeRTOS/Source/CMSIS_RTOS/cmsis_os.c.obj
 .debug_str     0x00006620      0x35d CMakeFiles/LW3.2.elf.dir/Middlewares/Third_Party/FreeRTOS/Source/list.c.obj
 .debug_str     0x00006620      0x4d9 CMakeFiles/LW3.2.elf.dir/Middlewares/Third_Party/FreeRTOS/Source/portable/GCC/ARM_CM4F/port.c.obj
 .debug_str     0x00006620      0x576 CMakeFiles/LW3.2.elf.dir/Middlewares/Third_Party/FreeRTOS/Source/portable/MemMang/heap_4.c.obj
 .debug_str     0x00006620      0xab1 CMakeFiles/LW3.2.elf.dir/Middlewares/Third_Party/FreeRTOS/Source/queue.c.obj
 .debug_str     0x00006620     0x127b CMakeFiles/LW3.2.elf.dir/Middlewares/Third_Party/FreeRTOS/Source/tasks.c.obj

.comment        0x00000000       0x44
 .comment       0x00000000       0x44 CMakeFiles/LW3.2.elf.dir/Core/Src/main.c.obj
                                 0x45 (size before relaxing)
 .comment       0x00000044       0x45 CMakeFiles/LW3.2.elf.dir/Core/Src/stm32g4xx_hal_msp.c.obj
 .comment       0x00000044       0x45 CMakeFiles/LW3.2.elf.dir/Core/Src/stm32g4xx_hal_timebase_tim.c.obj
 .comment       0x00000044       0x45 CMakeFiles/LW3.2.elf.dir/Core/Src/stm32g4xx_it.c.obj
 .comment       0x00000044       0x45 CMakeFiles/LW3.2.elf.dir/Core/Src/sysmem.c.obj
 .comment       0x00000044       0x45 CMakeFiles/LW3.2.elf.dir/Core/Src/system_stm32g4xx.c.obj
 .comment       0x00000044       0x45 CMakeFiles/LW3.2.elf.dir/Drivers/STM32G4xx_HAL_Driver/Src/stm32g4xx_hal.c.obj
 .comment       0x00000044       0x45 CMakeFiles/LW3.2.elf.dir/Drivers/STM32G4xx_HAL_Driver/Src/stm32g4xx_hal_cortex.c.obj
 .comment       0x00000044       0x45 CMakeFiles/LW3.2.elf.dir/Drivers/STM32G4xx_HAL_Driver/Src/stm32g4xx_hal_gpio.c.obj
 .comment       0x00000044       0x45 CMakeFiles/LW3.2.elf.dir/Drivers/STM32G4xx_HAL_Driver/Src/stm32g4xx_hal_pwr_ex.c.obj
 .comment       0x00000044       0x45 CMakeFiles/LW3.2.elf.dir/Drivers/STM32G4xx_HAL_Driver/Src/stm32g4xx_hal_rcc.c.obj
 .comment       0x00000044       0x45 CMakeFiles/LW3.2.elf.dir/Drivers/STM32G4xx_HAL_Driver/Src/stm32g4xx_hal_tim.c.obj
 .comment       0x00000044       0x45 CMakeFiles/LW3.2.elf.dir/Drivers/STM32G4xx_HAL_Driver/Src/stm32g4xx_hal_tim_ex.c.obj
 .comment       0x00000044       0x45 CMakeFiles/LW3.2.elf.dir/Middlewares/Third_Party/FreeRTOS/Source/CMSIS_RTOS/cmsis_os.c.obj
 .comment       0x00000044       0x45 CMakeFiles/LW3.2.elf.dir/Middlewares/Third_Party/FreeRTOS/Source/list.c.obj
 .comment       0x00000044       0x45 CMakeFiles/LW3.2.elf.dir/Middlewares/Third_Party/FreeRTOS/Source/portable/GCC/ARM_CM4F/port.c.obj
 .comment       0x00000044       0x45 CMakeFiles/LW3.2.elf.dir/Middlewares/Third_Party/FreeRTOS/Source/portable/MemMang/heap_4.c.obj
 .comment       0x00000044       0x45 CMakeFiles/LW3.2.elf.dir/Middlewares/Third_Party/FreeRTOS/Source/queue.c.obj
 .comment       0x00000044       0x45 CMakeFiles/LW3.2.elf.dir/Middlewares/Third_Party/FreeRTOS/Source/tasks.c.obj

.debug_frame    0x00000000     0x3240
 .debug_frame   0x00000000      0x100 CMakeFiles/LW3.2.elf.dir/Core/Src/main.c.obj
 .debug_frame   0x00000100       0x2c CMakeFiles/LW3.2.elf.dir/Core/Src/stm32g4xx_hal_msp.c.obj
 .debug_frame   0x0000012c       0x54 CMakeFiles/LW3.2.elf.dir/Core/Src/stm32g4xx_hal_timebase_tim.c.obj
 .debug_frame   0x00000180       0x88 CMakeFiles/LW3.2.elf.dir/Core/Src/stm32g4xx_it.c.obj
 .debug_frame   0x00000208       0x28 CMakeFiles/LW3.2.elf.dir/Core/Src/sysmem.c.obj
 .debug_frame   0x00000230       0x30 CMakeFiles/LW3.2.elf.dir/Core/Src/system_stm32g4xx.c.obj
 .debug_frame   0x00000260      0x2a4 CMakeFiles/LW3.2.elf.dir/Drivers/STM32G4xx_HAL_Driver/Src/stm32g4xx_hal.c.obj
 .debug_frame   0x00000504      0x1e4 CMakeFiles/LW3.2.elf.dir/Drivers/STM32G4xx_HAL_Driver/Src/stm32g4xx_hal_cortex.c.obj
 .debug_frame   0x000006e8       0xd0 CMakeFiles/LW3.2.elf.dir/Drivers/STM32G4xx_HAL_Driver/Src/stm32g4xx_hal_gpio.c.obj
 .debug_frame   0x000007b8      0x268 CMakeFiles/LW3.2.elf.dir/Drivers/STM32G4xx_HAL_Driver/Src/stm32g4xx_hal_pwr_ex.c.obj
 .debug_frame   0x00000a20      0x198 CMakeFiles/LW3.2.elf.dir/Drivers/STM32G4xx_HAL_Driver/Src/stm32g4xx_hal_rcc.c.obj
 .debug_frame   0x00000bb8      0xb58 CMakeFiles/LW3.2.elf.dir/Drivers/STM32G4xx_HAL_Driver/Src/stm32g4xx_hal_tim.c.obj
 .debug_frame   0x00001710      0x620 CMakeFiles/LW3.2.elf.dir/Drivers/STM32G4xx_HAL_Driver/Src/stm32g4xx_hal_tim_ex.c.obj
 .debug_frame   0x00001d30      0x57c CMakeFiles/LW3.2.elf.dir/Middlewares/Third_Party/FreeRTOS/Source/CMSIS_RTOS/cmsis_os.c.obj
 .debug_frame   0x000022ac       0x70 CMakeFiles/LW3.2.elf.dir/Middlewares/Third_Party/FreeRTOS/Source/list.c.obj
 .debug_frame   0x0000231c      0x110 CMakeFiles/LW3.2.elf.dir/Middlewares/Third_Party/FreeRTOS/Source/portable/GCC/ARM_CM4F/port.c.obj
 .debug_frame   0x0000242c       0xd0 CMakeFiles/LW3.2.elf.dir/Middlewares/Third_Party/FreeRTOS/Source/portable/MemMang/heap_4.c.obj
 .debug_frame   0x000024fc      0x314 CMakeFiles/LW3.2.elf.dir/Middlewares/Third_Party/FreeRTOS/Source/queue.c.obj
 .debug_frame   0x00002810      0x568 CMakeFiles/LW3.2.elf.dir/Middlewares/Third_Party/FreeRTOS/Source/tasks.c.obj
 .debug_frame   0x00002d78      0x13c C:/PROGRA~2/ARMGNU~1/13C7F1~1.2RE/bin/../lib/gcc/arm-none-eabi/13.2.1/thumb/v7e-m+fp/hard\libg.a(libc_a-findfp.o)
 .debug_frame   0x00002eb4       0x2c C:/PROGRA~2/ARMGNU~1/13C7F1~1.2RE/bin/../lib/gcc/arm-none-eabi/13.2.1/thumb/v7e-m+fp/hard\libg.a(libc_a-memset.o)
 .debug_frame   0x00002ee0       0x3c C:/PROGRA~2/ARMGNU~1/13C7F1~1.2RE/bin/../lib/gcc/arm-none-eabi/13.2.1/thumb/v7e-m+fp/hard\libg.a(libc_a-reent.o)
 .debug_frame   0x00002f1c       0x20 C:/PROGRA~2/ARMGNU~1/13C7F1~1.2RE/bin/../lib/gcc/arm-none-eabi/13.2.1/thumb/v7e-m+fp/hard\libg.a(libc_a-errno.o)
 .debug_frame   0x00002f3c       0x2c C:/PROGRA~2/ARMGNU~1/13C7F1~1.2RE/bin/../lib/gcc/arm-none-eabi/13.2.1/thumb/v7e-m+fp/hard\libg.a(libc_a-init.o)
 .debug_frame   0x00002f68       0xb0 C:/PROGRA~2/ARMGNU~1/13C7F1~1.2RE/bin/../lib/gcc/arm-none-eabi/13.2.1/thumb/v7e-m+fp/hard\libg.a(libc_a-lock.o)
 .debug_frame   0x00003018       0x5c C:/PROGRA~2/ARMGNU~1/13C7F1~1.2RE/bin/../lib/gcc/arm-none-eabi/13.2.1/thumb/v7e-m+fp/hard\libg.a(libc_a-__call_atexit.o)
 .debug_frame   0x00003074       0x20 C:/PROGRA~2/ARMGNU~1/13C7F1~1.2RE/bin/../lib/gcc/arm-none-eabi/13.2.1/thumb/v7e-m+fp/hard\libg.a(libc_a-atexit.o)
 .debug_frame   0x00003094       0x78 C:/PROGRA~2/ARMGNU~1/13C7F1~1.2RE/bin/../lib/gcc/arm-none-eabi/13.2.1/thumb/v7e-m+fp/hard\libg.a(libc_a-freer.o)
 .debug_frame   0x0000310c       0x48 C:/PROGRA~2/ARMGNU~1/13C7F1~1.2RE/bin/../lib/gcc/arm-none-eabi/13.2.1/thumb/v7e-m+fp/hard\libg.a(libc_a-mallocr.o)
 .debug_frame   0x00003154       0x30 C:/PROGRA~2/ARMGNU~1/13C7F1~1.2RE/bin/../lib/gcc/arm-none-eabi/13.2.1/thumb/v7e-m+fp/hard\libg.a(libc_a-mlock.o)
 .debug_frame   0x00003184       0x2c C:/PROGRA~2/ARMGNU~1/13C7F1~1.2RE/bin/../lib/gcc/arm-none-eabi/13.2.1/thumb/v7e-m+fp/hard\libg.a(libc_a-sbrkr.o)
 .debug_frame   0x000031b0       0x34 C:/PROGRA~2/ARMGNU~1/13C7F1~1.2RE/bin/../lib/gcc/arm-none-eabi/13.2.1/thumb/v7e-m+fp/hard\libg.a(libc_a-fini.o)
 .debug_frame   0x000031e4       0x28 C:/PROGRA~2/ARMGNU~1/13C7F1~1.2RE/bin/../lib/gcc/arm-none-eabi/13.2.1/thumb/v7e-m+fp/hard\libg.a(libc_a-sysconf.o)
 .debug_frame   0x0000320c       0x34 C:/PROGRA~2/ARMGNU~1/13C7F1~1.2RE/bin/../lib/gcc/arm-none-eabi/13.2.1/thumb/v7e-m+fp/hard\libg.a(libc_a-__atexit.o)

.debug_line_str
                0x00000000      0x17e
 .debug_line_str
                0x00000000      0x17e CMakeFiles/LW3.2.elf.dir/Core/Startup/startup_stm32g474vetx.s.obj
                                 0x9b (size before relaxing)
 .debug_line_str
                0x0000017e       0xe3 C:/PROGRA~2/ARMGNU~1/13C7F1~1.2RE/bin/../lib/gcc/arm-none-eabi/13.2.1/thumb/v7e-m+fp/hard\libg.a(libc_a-memcpy.o)
