Archive member included to satisfy reference by file (symbol)

C:/PROGRA~2/ARMGNU~1/13C7F1~1.2RE/bin/../lib/gcc/arm-none-eabi/13.2.1/thumb/v7e-m+fp/hard\libg.a(libc_a-exit.o)
                              C:/PROGRA~2/ARMGNU~1/13C7F1~1.2RE/bin/../lib/gcc/arm-none-eabi/13.2.1/thumb/v7e-m+fp/hard/crt0.o (exit)
C:/PROGRA~2/ARMGNU~1/13C7F1~1.2RE/bin/../lib/gcc/arm-none-eabi/13.2.1/thumb/v7e-m+fp/hard\libg.a(libc_a-findfp.o)
                              CMakeFiles/LW3.1.elf.dir/Middlewares/Third_Party/FreeRTOS/Source/tasks.c.obj (__sf)
C:/PROGRA~2/ARMGNU~1/13C7F1~1.2RE/bin/../lib/gcc/arm-none-eabi/13.2.1/thumb/v7e-m+fp/hard\libg.a(libc_a-fwalk.o)
                              C:/PROGRA~2/ARMGNU~1/13C7F1~1.2RE/bin/../lib/gcc/arm-none-eabi/13.2.1/thumb/v7e-m+fp/hard\libg.a(libc_a-findfp.o) (_fwalk_sglue)
C:/PROGRA~2/ARMGNU~1/13C7F1~1.2RE/bin/../lib/gcc/arm-none-eabi/13.2.1/thumb/v7e-m+fp/hard\libg.a(libc_a-stdio.o)
                              C:/PROGRA~2/ARMGNU~1/13C7F1~1.2RE/bin/../lib/gcc/arm-none-eabi/13.2.1/thumb/v7e-m+fp/hard\libg.a(libc_a-findfp.o) (__sread)
C:/PROGRA~2/ARMGNU~1/13C7F1~1.2RE/bin/../lib/gcc/arm-none-eabi/13.2.1/thumb/v7e-m+fp/hard\libg.a(libc_a-memset.o)
                              C:/PROGRA~2/ARMGNU~1/13C7F1~1.2RE/bin/../lib/gcc/arm-none-eabi/13.2.1/thumb/v7e-m+fp/hard/crt0.o (memset)
C:/PROGRA~2/ARMGNU~1/13C7F1~1.2RE/bin/../lib/gcc/arm-none-eabi/13.2.1/thumb/v7e-m+fp/hard\libg.a(libc_a-closer.o)
                              C:/PROGRA~2/ARMGNU~1/13C7F1~1.2RE/bin/../lib/gcc/arm-none-eabi/13.2.1/thumb/v7e-m+fp/hard\libg.a(libc_a-stdio.o) (_close_r)
C:/PROGRA~2/ARMGNU~1/13C7F1~1.2RE/bin/../lib/gcc/arm-none-eabi/13.2.1/thumb/v7e-m+fp/hard\libg.a(libc_a-reent.o)
                              CMakeFiles/LW3.1.elf.dir/Middlewares/Third_Party/FreeRTOS/Source/tasks.c.obj (_reclaim_reent)
C:/PROGRA~2/ARMGNU~1/13C7F1~1.2RE/bin/../lib/gcc/arm-none-eabi/13.2.1/thumb/v7e-m+fp/hard\libg.a(libc_a-impure.o)
                              CMakeFiles/LW3.1.elf.dir/Middlewares/Third_Party/FreeRTOS/Source/tasks.c.obj (_impure_ptr)
C:/PROGRA~2/ARMGNU~1/13C7F1~1.2RE/bin/../lib/gcc/arm-none-eabi/13.2.1/thumb/v7e-m+fp/hard\libg.a(libc_a-lseekr.o)
                              C:/PROGRA~2/ARMGNU~1/13C7F1~1.2RE/bin/../lib/gcc/arm-none-eabi/13.2.1/thumb/v7e-m+fp/hard\libg.a(libc_a-stdio.o) (_lseek_r)
C:/PROGRA~2/ARMGNU~1/13C7F1~1.2RE/bin/../lib/gcc/arm-none-eabi/13.2.1/thumb/v7e-m+fp/hard\libg.a(libc_a-readr.o)
                              C:/PROGRA~2/ARMGNU~1/13C7F1~1.2RE/bin/../lib/gcc/arm-none-eabi/13.2.1/thumb/v7e-m+fp/hard\libg.a(libc_a-stdio.o) (_read_r)
C:/PROGRA~2/ARMGNU~1/13C7F1~1.2RE/bin/../lib/gcc/arm-none-eabi/13.2.1/thumb/v7e-m+fp/hard\libg.a(libc_a-writer.o)
                              C:/PROGRA~2/ARMGNU~1/13C7F1~1.2RE/bin/../lib/gcc/arm-none-eabi/13.2.1/thumb/v7e-m+fp/hard\libg.a(libc_a-stdio.o) (_write_r)
C:/PROGRA~2/ARMGNU~1/13C7F1~1.2RE/bin/../lib/gcc/arm-none-eabi/13.2.1/thumb/v7e-m+fp/hard\libg.a(libc_a-errno.o)
                              CMakeFiles/LW3.1.elf.dir/Core/Src/syscalls.c.obj (__errno)
C:/PROGRA~2/ARMGNU~1/13C7F1~1.2RE/bin/../lib/gcc/arm-none-eabi/13.2.1/thumb/v7e-m+fp/hard\libg.a(libc_a-init.o)
                              C:/PROGRA~2/ARMGNU~1/13C7F1~1.2RE/bin/../lib/gcc/arm-none-eabi/13.2.1/thumb/v7e-m+fp/hard/crt0.o (__libc_init_array)
C:/PROGRA~2/ARMGNU~1/13C7F1~1.2RE/bin/../lib/gcc/arm-none-eabi/13.2.1/thumb/v7e-m+fp/hard\libg.a(libc_a-lock.o)
                              C:/PROGRA~2/ARMGNU~1/13C7F1~1.2RE/bin/../lib/gcc/arm-none-eabi/13.2.1/thumb/v7e-m+fp/hard\libg.a(libc_a-findfp.o) (__retarget_lock_init_recursive)
C:/PROGRA~2/ARMGNU~1/13C7F1~1.2RE/bin/../lib/gcc/arm-none-eabi/13.2.1/thumb/v7e-m+fp/hard\libg.a(libc_a-memcpy.o)
                              CMakeFiles/LW3.1.elf.dir/Middlewares/Third_Party/FreeRTOS/Source/queue.c.obj (memcpy)
C:/PROGRA~2/ARMGNU~1/13C7F1~1.2RE/bin/../lib/gcc/arm-none-eabi/13.2.1/thumb/v7e-m+fp/hard\libg.a(libc_a-__call_atexit.o)
                              C:/PROGRA~2/ARMGNU~1/13C7F1~1.2RE/bin/../lib/gcc/arm-none-eabi/13.2.1/thumb/v7e-m+fp/hard\libg.a(libc_a-exit.o) (__call_exitprocs)
C:/PROGRA~2/ARMGNU~1/13C7F1~1.2RE/bin/../lib/gcc/arm-none-eabi/13.2.1/thumb/v7e-m+fp/hard\libg.a(libc_a-atexit.o)
                              C:/PROGRA~2/ARMGNU~1/13C7F1~1.2RE/bin/../lib/gcc/arm-none-eabi/13.2.1/thumb/v7e-m+fp/hard\libg.a(libc_a-__call_atexit.o) (atexit)
C:/PROGRA~2/ARMGNU~1/13C7F1~1.2RE/bin/../lib/gcc/arm-none-eabi/13.2.1/thumb/v7e-m+fp/hard\libg.a(libc_a-freer.o)
                              C:/PROGRA~2/ARMGNU~1/13C7F1~1.2RE/bin/../lib/gcc/arm-none-eabi/13.2.1/thumb/v7e-m+fp/hard\libg.a(libc_a-reent.o) (_free_r)
C:/PROGRA~2/ARMGNU~1/13C7F1~1.2RE/bin/../lib/gcc/arm-none-eabi/13.2.1/thumb/v7e-m+fp/hard\libg.a(libc_a-mallocr.o)
                              C:/PROGRA~2/ARMGNU~1/13C7F1~1.2RE/bin/../lib/gcc/arm-none-eabi/13.2.1/thumb/v7e-m+fp/hard\libg.a(libc_a-findfp.o) (_malloc_r)
[...]
Memory Configuration

Name             Origin             Length             Attributes
RAM              0x20000000         0x00020000         xrw
FLASH            0x08000000         0x00080000         xr
*default*        0x00000000         0xffffffff

Linker script and memory map

LOAD C:/PROGRA~2/ARMGNU~1/13C7F1~1.2RE/bin/../lib/gcc/arm-none-eabi/13.2.1/thumb/v7e-m+fp/hard/crti.o
LOAD C:/PROGRA~2/ARMGNU~1/13C7F1~1.2RE/bin/../lib/gcc/arm-none-eabi/13.2.1/thumb/v7e-m+fp/hard/crtbegin.o
LOAD C:/PROGRA~2/ARMGNU~1/13C7F1~1.2RE/bin/../lib/gcc/arm-none-eabi/13.2.1/thumb/v7e-m+fp/hard/crt0.o
LOAD CMakeFiles/LW3.1.elf.dir/Core/Src/app_freertos.c.obj
LOAD CMakeFiles/LW3.1.elf.dir/Core/Src/main.c.obj
LOAD CMakeFiles/LW3.1.elf.dir/Core/Src/stm32g4xx_hal_msp.c.obj
LOAD CMakeFiles/LW3.1.elf.dir/Core/Src/stm32g4xx_hal_timebase_tim.c.obj
LOAD CMakeFiles/LW3.1.elf.dir/Core/Src/stm32g4xx_it.c.obj
LOAD CMakeFiles/LW3.1.elf.dir/Core/Src/syscalls.c.obj
LOAD CMakeFiles/LW3.1.elf.dir/Core/Src/sysmem.c.obj
LOAD CMakeFiles/LW3.1.elf.dir/Core/Src/system_stm32g4xx.c.obj
LOAD CMakeFiles/LW3.1.elf.dir/Core/Startup/startup_stm32g474vetx.s.obj
LOAD CMakeFiles/LW3.1.elf.dir/Drivers/STM32G4xx_HAL_Driver/Src/stm32g4xx_hal.c.obj
LOAD CMakeFiles/LW3.1.elf.dir/Drivers/STM32G4xx_HAL_Driver/Src/stm32g4xx_hal_cortex.c.obj
LOAD CMakeFiles/LW3.1.elf.dir/Drivers/STM32G4xx_HAL_Driver/Src/stm32g4xx_hal_dma.c.obj
LOAD CMakeFiles/LW3.1.elf.dir/Drivers/STM32G4xx_HAL_Driver/Src/stm32g4xx_hal_dma_ex.c.obj
LOAD CMakeFiles/LW3.1.elf.dir/Drivers/STM32G4xx_HAL_Driver/Src/stm32g4xx_hal_exti.c.obj
LOAD CMakeFiles/LW3.1.elf.dir/Drivers/STM32G4xx_HAL_Driver/Src/stm32g4xx_hal_flash.c.obj
LOAD CMakeFiles/LW3.1.elf.dir/Drivers/STM32G4xx_HAL_Driver/Src/stm32g4xx_hal_flash_ex.c.obj
LOAD CMakeFiles/LW3.1.elf.dir/Drivers/STM32G4xx_HAL_Driver/Src/stm32g4xx_hal_flash_ramfunc.c.obj
LOAD CMakeFiles/LW3.1.elf.dir/Drivers/STM32G4xx_HAL_Driver/Src/stm32g4xx_hal_gpio.c.obj
LOAD CMakeFiles/LW3.1.elf.dir/Drivers/STM32G4xx_HAL_Driver/Src/stm32g4xx_hal_pwr.c.obj
LOAD CMakeFiles/LW3.1.elf.dir/Drivers/STM32G4xx_HAL_Driver/Src/stm32g4xx_hal_pwr_ex.c.obj
LOAD CMakeFiles/LW3.1.elf.dir/Drivers/STM32G4xx_HAL_Driver/Src/stm32g4xx_hal_rcc.c.obj
LOAD CMakeFiles/LW3.1.elf.dir/Drivers/STM32G4xx_HAL_Driver/Src/stm32g4xx_hal_rcc_ex.c.obj
LOAD CMakeFiles/LW3.1.elf.dir/Drivers/STM32G4xx_HAL_Driver/Src/stm32g4xx_hal_tim.c.obj
LOAD CMakeFiles/LW3.1.elf.dir/Drivers/STM32G4xx_HAL_Driver/Src/stm32g4xx_hal_tim_ex.c.obj
LOAD CMakeFiles/LW3.1.elf.dir/Middlewares/Third_Party/FreeRTOS/Source/CMSIS_RTOS/cmsis_os.c.obj
LOAD CMakeFiles/LW3.1.elf.dir/Middlewares/Third_Party/FreeRTOS/Source/croutine.c.obj
LOAD CMakeFiles/LW3.1.elf.dir/Middlewares/Third_Party/FreeRTOS/Source/event_groups.c.obj
LOAD CMakeFiles/LW3.1.elf.dir/Middlewares/Third_Party/FreeRTOS/Source/list.c.obj
LOAD CMakeFiles/LW3.1.elf.dir/Middlewares/Third_Party/FreeRTOS/Source/portable/GCC/ARM_CM4F/port.c.obj
LOAD CMakeFiles/LW3.1.elf.dir/Middlewares/Third_Party/FreeRTOS/Source/portable/MemMang/heap_4.c.obj
LOAD CMakeFiles/LW3.1.elf.dir/Middlewares/Third_Party/FreeRTOS/Source/queue.c.obj
LOAD CMakeFiles/LW3.1.elf.dir/Middlewares/Third_Party/FreeRTOS/Source/stream_buffer.c.obj
LOAD CMakeFiles/LW3.1.elf.dir/Middlewares/Third_Party/FreeRTOS/Source/tasks.c.obj
LOAD CMakeFiles/LW3.1.elf.dir/Middlewares/Third_Party/FreeRTOS/Source/timers.c.obj
START GROUP
LOAD C:/PROGRA~2/ARMGNU~1/13C7F1~1.2RE/bin/../lib/gcc/arm-none-eabi/13.2.1/thumb/v7e-m+fp/hard\libgcc.a
LOAD C:/PROGRA~2/ARMGNU~1/13C7F1~1.2RE/bin/../lib/gcc/arm-none-eabi/13.2.1/thumb/v7e-m+fp/hard\libg.a
LOAD C:/PROGRA~2/ARMGNU~1/13C7F1~1.2RE/bin/../lib/gcc/arm-none-eabi/13.2.1/thumb/v7e-m+fp/hard\libc.a
END GROUP
LOAD C:/PROGRA~2/ARMGNU~1/13C7F1~1.2RE/bin/../lib/gcc/arm-none-eabi/13.2.1/thumb/v7e-m+fp/hard/crtend.o
LOAD C:/PROGRA~2/ARMGNU~1/13C7F1~1.2RE/bin/../lib/gcc/arm-none-eabi/13.2.1/thumb/v7e-m+fp/hard/crtn.o
                0x20020000                        _estack = (ORIGIN (RAM) + LENGTH (RAM))
                0x00000200                        _Min_Heap_Size = 0x200
                0x00000400                        _Min_Stack_Size = 0x400

.isr_vector     0x08000000      0x1d8
                0x08000000                        . = ALIGN (0x4)
 *(.isr_vector)
 .isr_vector    0x08000000      0x1d8 CMakeFiles/LW3.1.elf.dir/Core/Startup/startup_stm32g474vetx.s.obj
                0x08000000                g_pfnVectors
                0x080001d8                        . = ALIGN (0x4)

.text           0x080001e0     0x3268
                0x080001e0                        . = ALIGN (0x4)
 *(.text)
 .text          0x080001e0      0x134 C:/PROGRA~2/ARMGNU~1/13C7F1~1.2RE/bin/../lib/gcc/arm-none-eabi/13.2.1/thumb/v7e-m+fp/hard\libg.a(libc_a-memcpy.o)
                0x080001e0                memcpy
 *(.text*)
 .text.deregister_tm_clones
                0x08000314       0x1c C:/PROGRA~2/ARMGNU~1/13C7F1~1.2RE/bin/../lib/gcc/arm-none-eabi/13.2.1/thumb/v7e-m+fp/hard/crtbegin.o
 .text.register_tm_clones
                0x08000330       0x24 C:/PROGRA~2/ARMGNU~1/13C7F1~1.2RE/bin/../lib/gcc/arm-none-eabi/13.2.1/thumb/v7e-m+fp/hard/crtbegin.o
 .text.__do_global_dtors_aux
                0x08000354       0x28 C:/PROGRA~2/ARMGNU~1/13C7F1~1.2RE/bin/../lib/gcc/arm-none-eabi/13.2.1/thumb/v7e-m+fp/hard/crtbegin.o
 .text.frame_dummy
                0x0800037c       0x24 C:/PROGRA~2/ARMGNU~1/13C7F1~1.2RE/bin/../lib/gcc/arm-none-eabi/13.2.1/thumb/v7e-m+fp/hard/crtbegin.o
 .text.MX_GPIO_Init
                0x080003a0       0x78 CMakeFiles/LW3.1.elf.dir/Core/Src/main.c.obj
 .text.StartDefaultTask
                0x08000418       0x3c CMakeFiles/LW3.1.elf.dir/Core/Src/main.c.obj
                0x08000418                StartDefaultTask
 .text.StartTask02
                0x08000454       0x64 CMakeFiles/LW3.1.elf.dir/Core/Src/main.c.obj
                0x08000454                StartTask02
 .text.HAL_TIM_PeriodElapsedCallback
                0x080004b8       0x12 CMakeFiles/LW3.1.elf.dir/Core/Src/main.c.obj
                0x080004b8                HAL_TIM_PeriodElapsedCallback
 .text.Error_Handler
                0x080004ca        0x4 CMakeFiles/LW3.1.elf.dir/Core/Src/main.c.obj
                0x080004ca                Error_Handler
 .text.SystemClock_Config
                0x080004ce       0x70 CMakeFiles/LW3.1.elf.dir/Core/Src/main.c.obj
                0x080004ce                SystemClock_Config
 *fill*         0x0800053e        0x2 
 .text.main     0x08000540       0x84 CMakeFiles/LW3.1.elf.dir/Core/Src/main.c.obj
                0x08000540                main
 .text.HAL_MspInit
                0x080005c4       0x44 CMakeFiles/LW3.1.elf.dir/Core/Src/stm32g4xx_hal_msp.c.obj
                0x080005c4                HAL_MspInit
 .text.HAL_InitTick
                0x08000608       0x90 CMakeFiles/LW3.1.elf.dir/Core/Src/stm32g4xx_hal_timebase_tim.c.obj
                0x08000608                HAL_InitTick
 .text.NMI_Handler
                0x08000698        0x2 CMakeFiles/LW3.1.elf.dir/Core/Src/stm32g4xx_it.c.obj
                0x08000698                NMI_Handler
 .text.HardFault_Handler
                0x0800069a        0x2 CMakeFiles/LW3.1.elf.dir/Core/Src/stm32g4xx_it.c.obj
                0x0800069a                HardFault_Handler
 .text.MemManage_Handler
                0x0800069c        0x2 CMakeFiles/LW3.1.elf.dir/Core/Src/stm32g4xx_it.c.obj
                0x0800069c                MemManage_Handler
 .text.BusFault_Handler
                0x0800069e        0x2 CMakeFiles/LW3.1.elf.dir/Core/Src/stm32g4xx_it.c.obj
                0x0800069e                BusFault_Handler
 .text.UsageFault_Handler
                0x080006a0        0x2 CMakeFiles/LW3.1.elf.dir/Core/Src/stm32g4xx_it.c.obj
                0x080006a0                UsageFault_Handler
 .text.DebugMon_Handler
                0x080006a2        0x2 CMakeFiles/LW3.1.elf.dir/Core/Src/stm32g4xx_it.c.obj
                0x080006a2                DebugMon_Handler
 .text.TIM2_IRQHandler
                0x080006a4       0x10 CMakeFiles/LW3.1.elf.dir/Core/Src/stm32g4xx_it.c.obj
                0x080006a4                TIM2_IRQHandler
 .text._sbrk    0x080006b4       0x48 CMakeFiles/LW3.1.elf.dir/Core/Src/sysmem.c.obj
                0x080006b4                _sbrk
 .text.SystemInit
                0x080006fc       0x14 CMakeFiles/LW3.1.elf.dir/Core/Src/system_stm32g4xx.c.obj
                0x080006fc                SystemInit
 .text.Reset_Handler
                0x08000710       0x50 CMakeFiles/LW3.1.elf.dir/Core/Startup/startup_stm32g474vetx.s.obj
                0x08000710                Reset_Handler
 .text.Default_Handler
                0x08000760        0x2 CMakeFiles/LW3.1.elf.dir/Core/Startup/startup_stm32g474vetx.s.obj
                0x08000760                RTC_Alarm_IRQHandler
                0x08000760                EXTI2_IRQHandler
                0x08000760                TIM8_TRG_COM_IRQHandler
                0x08000760                TIM8_CC_IRQHandler
                0x08000760                HRTIM1_Master_IRQHandler
                0x08000760                SPI4_IRQHandler
                0x08000760                FDCAN3_IT0_IRQHandler
                0x08000760                TIM1_CC_IRQHandler
                0x08000760                HRTIM1_FLT_IRQHandler
                0x08000760                HRTIM1_TIMF_IRQHandler
                0x08000760                USB_HP_IRQHandler
                0x08000760                CORDIC_IRQHandler
                0x08000760                HRTIM1_TIMD_IRQHandler
                0x08000760                DMA2_Channel8_IRQHandler
                0x08000760                EXTI3_IRQHandler
                0x08000760                I2C3_ER_IRQHandler
                0x08000760                EXTI0_IRQHandler
                0x08000760                I2C2_EV_IRQHandler
                0x08000760                FPU_IRQHandler
                0x08000760                FDCAN1_IT1_IRQHandler
                0x08000760                TIM1_UP_TIM16_IRQHandler
                0x08000760                ADC1_2_IRQHandler
                0x08000760                HRTIM1_TIME_IRQHandler
                0x08000760                SPI1_IRQHandler
                0x08000760                TIM6_DAC_IRQHandler
                0x08000760                HRTIM1_TIMC_IRQHandler
                0x08000760                TIM8_UP_IRQHandler
                0x08000760                DMA2_Channel2_IRQHandler
                0x08000760                DMA1_Channel4_IRQHandler
                0x08000760                TIM20_TRG_COM_IRQHandler
                0x08000760                USART3_IRQHandler
                0x08000760                DMA1_Channel7_IRQHandler
                0x08000760                UART5_IRQHandler
                0x08000760                ADC3_IRQHandler
                0x08000760                TIM4_IRQHandler
                0x08000760                DMA2_Channel1_IRQHandler
                0x08000760                QUADSPI_IRQHandler
                0x08000760                I2C1_EV_IRQHandler
                0x08000760                DMA1_Channel6_IRQHandler
                0x08000760                UART4_IRQHandler
                0x08000760                DMA2_Channel4_IRQHandler
                0x08000760                TIM3_IRQHandler
                0x08000760                RCC_IRQHandler
                0x08000760                TIM20_UP_IRQHandler
                0x08000760                DMA1_Channel1_IRQHandler
                0x08000760                Default_Handler
                0x08000760                DMA2_Channel7_IRQHandler
                0x08000760                RTC_TAMP_LSECSS_IRQHandler
                0x08000760                FMAC_IRQHandler
                0x08000760                EXTI15_10_IRQHandler
                0x08000760                DMA1_Channel8_IRQHandler
                0x08000760                HRTIM1_TIMA_IRQHandler
                0x08000760                TIM7_DAC_IRQHandler
                0x08000760                FDCAN3_IT1_IRQHandler
                0x08000760                TIM5_IRQHandler
                0x08000760                UCPD1_IRQHandler
                0x08000760                I2C3_EV_IRQHandler
                0x08000760                EXTI9_5_IRQHandler
                0x08000760                RTC_WKUP_IRQHandler
                0x08000760                PVD_PVM_IRQHandler
                0x08000760                SPI2_IRQHandler
                0x08000760                ADC5_IRQHandler
                0x08000760                DMA2_Channel5_IRQHandler
                0x08000760                CRS_IRQHandler
                0x08000760                DMA1_Channel5_IRQHandler
                0x08000760                USB_LP_IRQHandler
                0x08000760                EXTI4_IRQHandler
                0x08000760                RNG_IRQHandler
                0x08000760                HRTIM1_TIMB_IRQHandler
                0x08000760                TIM1_TRG_COM_TIM17_IRQHandler
                0x08000760                FDCAN2_IT1_IRQHandler
                0x08000760                DMA1_Channel3_IRQHandler
                0x08000760                ADC4_IRQHandler
                0x08000760                WWDG_IRQHandler
                0x08000760                I2C4_EV_IRQHandler
                0x08000760                FDCAN2_IT0_IRQHandler
                0x08000760                LPUART1_IRQHandler
                0x08000760                DMA2_Channel6_IRQHandler
                0x08000760                FDCAN1_IT0_IRQHandler
                0x08000760                COMP7_IRQHandler
                0x08000760                COMP1_2_3_IRQHandler
                0x08000760                EXTI1_IRQHandler
                0x08000760                USART2_IRQHandler
                0x08000760                COMP4_5_6_IRQHandler
                0x08000760                TIM20_BRK_IRQHandler
                0x08000760                I2C2_ER_IRQHandler
                0x08000760                DMA1_Channel2_IRQHandler
                0x08000760                TIM8_BRK_IRQHandler
                0x08000760                FLASH_IRQHandler
                0x08000760                TIM20_CC_IRQHandler
                0x08000760                USART1_IRQHandler
                0x08000760                SPI3_IRQHandler
                0x08000760                I2C1_ER_IRQHandler
                0x08000760                FMC_IRQHandler
                0x08000760                LPTIM1_IRQHandler
                0x08000760                DMAMUX_OVR_IRQHandler
                0x08000760                I2C4_ER_IRQHandler
                0x08000760                USBWakeUp_IRQHandler
                0x08000760                SAI1_IRQHandler
                0x08000760                DMA2_Channel3_IRQHandler
                0x08000760                TIM1_BRK_TIM15_IRQHandler
 .text.HAL_Init
                0x08000762       0x1e CMakeFiles/LW3.1.elf.dir/Drivers/STM32G4xx_HAL_Driver/Src/stm32g4xx_hal.c.obj
                0x08000762                HAL_Init
 .text.HAL_IncTick
                0x08000780       0x18 CMakeFiles/LW3.1.elf.dir/Drivers/STM32G4xx_HAL_Driver/Src/stm32g4xx_hal.c.obj
                0x08000780                HAL_IncTick
 .text.HAL_GetTick
                0x08000798        0xc CMakeFiles/LW3.1.elf.dir/Drivers/STM32G4xx_HAL_Driver/Src/stm32g4xx_hal.c.obj
                0x08000798                HAL_GetTick
 .text.__NVIC_EnableIRQ
                0x080007a4       0x1c CMakeFiles/LW3.1.elf.dir/Drivers/STM32G4xx_HAL_Driver/Src/stm32g4xx_hal_cortex.c.obj
 .text.__NVIC_SetPriority
                0x080007c0       0x28 CMakeFiles/LW3.1.elf.dir/Drivers/STM32G4xx_HAL_Driver/Src/stm32g4xx_hal_cortex.c.obj
 .text.NVIC_EncodePriority
                0x080007e8       0x3e CMakeFiles/LW3.1.elf.dir/Drivers/STM32G4xx_HAL_Driver/Src/stm32g4xx_hal_cortex.c.obj
 *fill*         0x08000826        0x2 
 .text.HAL_NVIC_SetPriorityGrouping
                0x08000828       0x24 CMakeFiles/LW3.1.elf.dir/Drivers/STM32G4xx_HAL_Driver/Src/stm32g4xx_hal_cortex.c.obj
                0x08000828                HAL_NVIC_SetPriorityGrouping
 .text.HAL_NVIC_SetPriority
                0x0800084c       0x20 CMakeFiles/LW3.1.elf.dir/Drivers/STM32G4xx_HAL_Driver/Src/stm32g4xx_hal_cortex.c.obj
                0x0800084c                HAL_NVIC_SetPriority
 .text.HAL_NVIC_EnableIRQ
                0x0800086c        0x8 CMakeFiles/LW3.1.elf.dir/Drivers/STM32G4xx_HAL_Driver/Src/stm32g4xx_hal_cortex.c.obj
                0x0800086c                HAL_NVIC_EnableIRQ
 .text.HAL_GPIO_Init
                0x08000874      0x1d4 CMakeFiles/LW3.1.elf.dir/Drivers/STM32G4xx_HAL_Driver/Src/stm32g4xx_hal_gpio.c.obj
                0x08000874                HAL_GPIO_Init
 .text.HAL_GPIO_ReadPin
                0x08000a48        0xe CMakeFiles/LW3.1.elf.dir/Drivers/STM32G4xx_HAL_Driver/Src/stm32g4xx_hal_gpio.c.obj
                0x08000a48                HAL_GPIO_ReadPin
 .text.HAL_GPIO_WritePin
                0x08000a56        0xa CMakeFiles/LW3.1.elf.dir/Drivers/STM32G4xx_HAL_Driver/Src/stm32g4xx_hal_gpio.c.obj
                0x08000a56                HAL_GPIO_WritePin
 .text.HAL_PWREx_ControlVoltageScaling
                0x08000a60      0x10c CMakeFiles/LW3.1.elf.dir/Drivers/STM32G4xx_HAL_Driver/Src/stm32g4xx_hal_pwr_ex.c.obj
                0x08000a60                HAL_PWREx_ControlVoltageScaling
 .text.HAL_PWREx_DisableUCPDDeadBattery
                0x08000b6c       0x10 CMakeFiles/LW3.1.elf.dir/Drivers/STM32G4xx_HAL_Driver/Src/stm32g4xx_hal_pwr_ex.c.obj
                0x08000b6c                HAL_PWREx_DisableUCPDDeadBattery
 .text.RCC_GetSysClockFreqFromPLLSource
                0x08000b7c       0x58 CMakeFiles/LW3.1.elf.dir/Drivers/STM32G4xx_HAL_Driver/Src/stm32g4xx_hal_rcc.c.obj
 .text.HAL_RCC_OscConfig
                0x08000bd4      0x4e4 CMakeFiles/LW3.1.elf.dir/Drivers/STM32G4xx_HAL_Driver/Src/stm32g4xx_hal_rcc.c.obj
                0x08000bd4                HAL_RCC_OscConfig
 .text.HAL_RCC_GetSysClockFreq
                0x080010b8       0x88 CMakeFiles/LW3.1.elf.dir/Drivers/STM32G4xx_HAL_Driver/Src/stm32g4xx_hal_rcc.c.obj
                0x080010b8                HAL_RCC_GetSysClockFreq
 .text.HAL_RCC_ClockConfig
                0x08001140      0x1f8 CMakeFiles/LW3.1.elf.dir/Drivers/STM32G4xx_HAL_Driver/Src/stm32g4xx_hal_rcc.c.obj
                0x08001140                HAL_RCC_ClockConfig
 .text.HAL_RCC_GetHCLKFreq
                0x08001338        0xc CMakeFiles/LW3.1.elf.dir/Drivers/STM32G4xx_HAL_Driver/Src/stm32g4xx_hal_rcc.c.obj
                0x08001338                HAL_RCC_GetHCLKFreq
 .text.HAL_RCC_GetPCLK1Freq
                0x08001344       0x24 CMakeFiles/LW3.1.elf.dir/Drivers/STM32G4xx_HAL_Driver/Src/stm32g4xx_hal_rcc.c.obj
                0x08001344                HAL_RCC_GetPCLK1Freq
 .text.HAL_RCC_GetClockConfig
                0x08001368       0x3c CMakeFiles/LW3.1.elf.dir/Drivers/STM32G4xx_HAL_Driver/Src/stm32g4xx_hal_rcc.c.obj
                0x08001368                HAL_RCC_GetClockConfig
 .text.HAL_TIM_Base_MspInit
                0x080013a4        0x2 CMakeFiles/LW3.1.elf.dir/Drivers/STM32G4xx_HAL_Driver/Src/stm32g4xx_hal_tim.c.obj
                0x080013a4                HAL_TIM_Base_MspInit
 *fill*         0x080013a6        0x2 
 .text.HAL_TIM_Base_Start_IT
                0x080013a8       0x94 CMakeFiles/LW3.1.elf.dir/Drivers/STM32G4xx_HAL_Driver/Src/stm32g4xx_hal_tim.c.obj
                0x080013a8                HAL_TIM_Base_Start_IT
 .text.HAL_TIM_OC_DelayElapsedCallback
                0x0800143c        0x2 CMakeFiles/LW3.1.elf.dir/Drivers/STM32G4xx_HAL_Driver/Src/stm32g4xx_hal_tim.c.obj
                0x0800143c                HAL_TIM_OC_DelayElapsedCallback
 .text.HAL_TIM_IC_CaptureCallback
                0x0800143e        0x2 CMakeFiles/LW3.1.elf.dir/Drivers/STM32G4xx_HAL_Driver/Src/stm32g4xx_hal_tim.c.obj
                0x0800143e                HAL_TIM_IC_CaptureCallback
 .text.HAL_TIM_PWM_PulseFinishedCallback
                0x08001440        0x2 CMakeFiles/LW3.1.elf.dir/Drivers/STM32G4xx_HAL_Driver/Src/stm32g4xx_hal_tim.c.obj
                0x08001440                HAL_TIM_PWM_PulseFinishedCallback
 .text.HAL_TIM_TriggerCallback
                0x08001442        0x2 CMakeFiles/LW3.1.elf.dir/Drivers/STM32G4xx_HAL_Driver/Src/stm32g4xx_hal_tim.c.obj
                0x08001442                HAL_TIM_TriggerCallback
 .text.HAL_TIM_IRQHandler
                0x08001444      0x1ea CMakeFiles/LW3.1.elf.dir/Drivers/STM32G4xx_HAL_Driver/Src/stm32g4xx_hal_tim.c.obj
                0x08001444                HAL_TIM_IRQHandler
 *fill*         0x0800162e        0x2 
 .text.TIM_Base_SetConfig
                0x08001630       0xf0 CMakeFiles/LW3.1.elf.dir/Drivers/STM32G4xx_HAL_Driver/Src/stm32g4xx_hal_tim.c.obj
                0x08001630                TIM_Base_SetConfig
 .text.HAL_TIM_Base_Init
                0x08001720       0x60 CMakeFiles/LW3.1.elf.dir/Drivers/STM32G4xx_HAL_Driver/Src/stm32g4xx_hal_tim.c.obj
                0x08001720                HAL_TIM_Base_Init
 .text.HAL_TIMEx_CommutCallback
                0x08001780        0x2 CMakeFiles/LW3.1.elf.dir/Drivers/STM32G4xx_HAL_Driver/Src/stm32g4xx_hal_tim_ex.c.obj
                0x08001780                HAL_TIMEx_CommutCallback
 .text.HAL_TIMEx_BreakCallback
                0x08001782        0x2 CMakeFiles/LW3.1.elf.dir/Drivers/STM32G4xx_HAL_Driver/Src/stm32g4xx_hal_tim_ex.c.obj
                0x08001782                HAL_TIMEx_BreakCallback
 .text.HAL_TIMEx_Break2Callback
                0x08001784        0x2 CMakeFiles/LW3.1.elf.dir/Drivers/STM32G4xx_HAL_Driver/Src/stm32g4xx_hal_tim_ex.c.obj
                0x08001784                HAL_TIMEx_Break2Callback
 .text.HAL_TIMEx_EncoderIndexCallback
                0x08001786        0x2 CMakeFiles/LW3.1.elf.dir/Drivers/STM32G4xx_HAL_Driver/Src/stm32g4xx_hal_tim_ex.c.obj
                0x08001786                HAL_TIMEx_EncoderIndexCallback
 .text.HAL_TIMEx_DirectionChangeCallback
                0x08001788        0x2 CMakeFiles/LW3.1.elf.dir/Drivers/STM32G4xx_HAL_Driver/Src/stm32g4xx_hal_tim_ex.c.obj
                0x08001788                HAL_TIMEx_DirectionChangeCallback
 .text.HAL_TIMEx_IndexErrorCallback
                0x0800178a        0x2 CMakeFiles/LW3.1.elf.dir/Drivers/STM32G4xx_HAL_Driver/Src/stm32g4xx_hal_tim_ex.c.obj
                0x0800178a                HAL_TIMEx_IndexErrorCallback
 .text.HAL_TIMEx_TransitionErrorCallback
                0x0800178c        0x2 CMakeFiles/LW3.1.elf.dir/Drivers/STM32G4xx_HAL_Driver/Src/stm32g4xx_hal_tim_ex.c.obj
                0x0800178c                HAL_TIMEx_TransitionErrorCallback
 .text.makeFreeRtosPriority
                0x0800178e        0xc CMakeFiles/LW3.1.elf.dir/Middlewares/Third_Party/FreeRTOS/Source/CMSIS_RTOS/cmsis_os.c.obj
 .text.inHandlerMode
                0x0800179a        0xc CMakeFiles/LW3.1.elf.dir/Middlewares/Third_Party/FreeRTOS/Source/CMSIS_RTOS/cmsis_os.c.obj
 .text.osKernelStart
                0x080017a6        0xa CMakeFiles/LW3.1.elf.dir/Middlewares/Third_Party/FreeRTOS/Source/CMSIS_RTOS/cmsis_os.c.obj
                0x080017a6                osKernelStart
 .text.osThreadCreate
                0x080017b0       0x34 CMakeFiles/LW3.1.elf.dir/Middlewares/Third_Party/FreeRTOS/Source/CMSIS_RTOS/cmsis_os.c.obj
                0x080017b0                osThreadCreate
 .text.osMessageCreate
                0x080017e4        0xe CMakeFiles/LW3.1.elf.dir/Middlewares/Third_Party/FreeRTOS/Source/CMSIS_RTOS/cmsis_os.c.obj
                0x080017e4                osMessageCreate
 .text.osMessagePut
                0x080017f2       0x66 CMakeFiles/LW3.1.elf.dir/Middlewares/Third_Party/FreeRTOS/Source/CMSIS_RTOS/cmsis_os.c.obj
                0x080017f2                osMessagePut
 .text.osMessageGet
                0x08001858       0x88 CMakeFiles/LW3.1.elf.dir/Middlewares/Third_Party/FreeRTOS/Source/CMSIS_RTOS/cmsis_os.c.obj
                0x08001858                osMessageGet
 .text.vListInitialise
                0x080018e0       0x16 CMakeFiles/LW3.1.elf.dir/Middlewares/Third_Party/FreeRTOS/Source/list.c.obj
                0x080018e0                vListInitialise
 .text.vListInitialiseItem
                0x080018f6        0x6 CMakeFiles/LW3.1.elf.dir/Middlewares/Third_Party/FreeRTOS/Source/list.c.obj
                0x080018f6                vListInitialiseItem
 .text.vListInsertEnd
                0x080018fc       0x16 CMakeFiles/LW3.1.elf.dir/Middlewares/Third_Party/FreeRTOS/Source/list.c.obj
                0x080018fc                vListInsertEnd
 .text.vListInsert
                0x08001912       0x32 CMakeFiles/LW3.1.elf.dir/Middlewares/Third_Party/FreeRTOS/Source/list.c.obj
                0x08001912                vListInsert
 .text.uxListRemove
                0x08001944       0x26 CMakeFiles/LW3.1.elf.dir/Middlewares/Third_Party/FreeRTOS/Source/list.c.obj
                0x08001944                uxListRemove
 *fill*         0x0800196a        0x2 
 .text.prvTaskExitError
                0x0800196c       0x40 CMakeFiles/LW3.1.elf.dir/Middlewares/Third_Party/FreeRTOS/Source/portable/GCC/ARM_CM4F/port.c.obj
 .text.prvPortStartFirstTask
                0x080019ac       0x28 CMakeFiles/LW3.1.elf.dir/Middlewares/Third_Party/FreeRTOS/Source/portable/GCC/ARM_CM4F/port.c.obj
 .text.vPortEnableVFP
                0x080019d4       0x14 CMakeFiles/LW3.1.elf.dir/Middlewares/Third_Party/FreeRTOS/Source/portable/GCC/ARM_CM4F/port.c.obj
 .text.pxPortInitialiseStack
                0x080019e8       0x2c CMakeFiles/LW3.1.elf.dir/Middlewares/Third_Party/FreeRTOS/Source/portable/GCC/ARM_CM4F/port.c.obj
                0x080019e8                pxPortInitialiseStack
 *fill*         0x08001a14        0xc 
 .text.SVC_Handler
                0x08001a20       0x24 CMakeFiles/LW3.1.elf.dir/Middlewares/Third_Party/FreeRTOS/Source/portable/GCC/ARM_CM4F/port.c.obj
                0x08001a20                SVC_Handler
 .text.vPortEnterCritical
                0x08001a44       0x44 CMakeFiles/LW3.1.elf.dir/Middlewares/Third_Party/FreeRTOS/Source/portable/GCC/ARM_CM4F/port.c.obj
                0x08001a44                vPortEnterCritical
 .text.vPortExitCritical
                0x08001a88       0x2c CMakeFiles/LW3.1.elf.dir/Middlewares/Third_Party/FreeRTOS/Source/portable/GCC/ARM_CM4F/port.c.obj
                0x08001a88                vPortExitCritical
 *fill*         0x08001ab4        0xc 
 .text.PendSV_Handler
                0x08001ac0       0x64 CMakeFiles/LW3.1.elf.dir/Middlewares/Third_Party/FreeRTOS/Source/portable/GCC/ARM_CM4F/port.c.obj
                0x08001ac0                PendSV_Handler
 .text.SysTick_Handler
                0x08001b24       0x2c CMakeFiles/LW3.1.elf.dir/Middlewares/Third_Party/FreeRTOS/Source/portable/GCC/ARM_CM4F/port.c.obj
                0x08001b24                SysTick_Handler
 .text.vPortSetupTimerInterrupt
                0x08001b50       0x28 CMakeFiles/LW3.1.elf.dir/Middlewares/Third_Party/FreeRTOS/Source/portable/GCC/ARM_CM4F/port.c.obj
                0x08001b50                vPortSetupTimerInterrupt
 .text.xPortStartScheduler
                0x08001b78      0x118 CMakeFiles/LW3.1.elf.dir/Middlewares/Third_Party/FreeRTOS/Source/portable/GCC/ARM_CM4F/port.c.obj
                0x08001b78                xPortStartScheduler
 .text.vPortValidateInterruptPriority
                0x08001c90       0x5c CMakeFiles/LW3.1.elf.dir/Middlewares/Third_Party/FreeRTOS/Source/portable/GCC/ARM_CM4F/port.c.obj
                0x08001c90                vPortValidateInterruptPriority
 .text.prvHeapInit
                0x08001cec       0x64 CMakeFiles/LW3.1.elf.dir/Middlewares/Third_Party/FreeRTOS/Source/portable/MemMang/heap_4.c.obj
 .text.prvInsertBlockIntoFreeList
                0x08001d50       0x64 CMakeFiles/LW3.1.elf.dir/Middlewares/Third_Party/FreeRTOS/Source/portable/MemMang/heap_4.c.obj
 .text.pvPortMalloc
                0x08001db4      0x104 CMakeFiles/LW3.1.elf.dir/Middlewares/Third_Party/FreeRTOS/Source/portable/MemMang/heap_4.c.obj
                0x08001db4                pvPortMalloc
 .text.vPortFree
                0x08001eb8       0x7c CMakeFiles/LW3.1.elf.dir/Middlewares/Third_Party/FreeRTOS/Source/portable/MemMang/heap_4.c.obj
                0x08001eb8                vPortFree
 .text.prvIsQueueFull
                0x08001f34       0x1e CMakeFiles/LW3.1.elf.dir/Middlewares/Third_Party/FreeRTOS/Source/queue.c.obj
 .text.prvIsQueueEmpty
                0x08001f52       0x1a CMakeFiles/LW3.1.elf.dir/Middlewares/Third_Party/FreeRTOS/Source/queue.c.obj
 .text.prvCopyDataToQueue
                0x08001f6c       0x76 CMakeFiles/LW3.1.elf.dir/Middlewares/Third_Party/FreeRTOS/Source/queue.c.obj
 .text.prvCopyDataFromQueue
                0x08001fe2       0x24 CMakeFiles/LW3.1.elf.dir/Middlewares/Third_Party/FreeRTOS/Source/queue.c.obj
 .text.prvUnlockQueue
                0x08002006       0x6e CMakeFiles/LW3.1.elf.dir/Middlewares/Third_Party/FreeRTOS/Source/queue.c.obj
 .text.xQueueGenericReset
                0x08002074       0x84 CMakeFiles/LW3.1.elf.dir/Middlewares/Third_Party/FreeRTOS/Source/queue.c.obj
                0x08002074                xQueueGenericReset
 .text.prvInitialiseNewQueue
                0x080020f8       0x1c CMakeFiles/LW3.1.elf.dir/Middlewares/Third_Party/FreeRTOS/Source/queue.c.obj
 .text.xQueueGenericCreate
                0x08002114       0x42 CMakeFiles/LW3.1.elf.dir/Middlewares/Third_Party/FreeRTOS/Source/queue.c.obj
                0x08002114                xQueueGenericCreate
 .text.xQueueGenericSend
                0x08002156      0x188 CMakeFiles/LW3.1.elf.dir/Middlewares/Third_Party/FreeRTOS/Source/queue.c.obj
                0x08002156                xQueueGenericSend
 .text.xQueueGenericSendFromISR
                0x080022de       0xce CMakeFiles/LW3.1.elf.dir/Middlewares/Third_Party/FreeRTOS/Source/queue.c.obj
                0x080022de                xQueueGenericSendFromISR
 .text.xQueueReceive
                0x080023ac      0x15e CMakeFiles/LW3.1.elf.dir/Middlewares/Third_Party/FreeRTOS/Source/queue.c.obj
                0x080023ac                xQueueReceive
 .text.xQueueReceiveFromISR
                0x0800250a       0xae CMakeFiles/LW3.1.elf.dir/Middlewares/Third_Party/FreeRTOS/Source/queue.c.obj
                0x0800250a                xQueueReceiveFromISR
 .text.prvResetNextTaskUnblockTime
                0x080025b8       0x2c CMakeFiles/LW3.1.elf.dir/Middlewares/Third_Party/FreeRTOS/Source/tasks.c.obj
 .text.prvInitialiseNewTask
                0x080025e4       0xfc CMakeFiles/LW3.1.elf.dir/Middlewares/Third_Party/FreeRTOS/Source/tasks.c.obj
 .text.prvInitialiseTaskLists
                0x080026e0       0x68 CMakeFiles/LW3.1.elf.dir/Middlewares/Third_Party/FreeRTOS/Source/tasks.c.obj
 .text.prvAddNewTaskToReadyList
                0x08002748       0xa8 CMakeFiles/LW3.1.elf.dir/Middlewares/Third_Party/FreeRTOS/Source/tasks.c.obj
 .text.prvDeleteTCB
                0x080027f0       0x18 CMakeFiles/LW3.1.elf.dir/Middlewares/Third_Party/FreeRTOS/Source/tasks.c.obj
 .text.prvCheckTasksWaitingTermination
                0x08002808       0x4c CMakeFiles/LW3.1.elf.dir/Middlewares/Third_Party/FreeRTOS/Source/tasks.c.obj
 .text.prvIdleTask
                0x08002854       0x28 CMakeFiles/LW3.1.elf.dir/Middlewares/Third_Party/FreeRTOS/Source/tasks.c.obj
 .text.prvAddCurrentTaskToDelayedList
                0x0800287c       0x98 CMakeFiles/LW3.1.elf.dir/Middlewares/Third_Party/FreeRTOS/Source/tasks.c.obj
 .text.xTaskCreate
                0x08002914       0x62 CMakeFiles/LW3.1.elf.dir/Middlewares/Third_Party/FreeRTOS/Source/tasks.c.obj
                0x08002914                xTaskCreate
 *fill*         0x08002976        0x2 
 .text.vTaskStartScheduler
                0x08002978       0x8c CMakeFiles/LW3.1.elf.dir/Middlewares/Third_Party/FreeRTOS/Source/tasks.c.obj
                0x08002978                vTaskStartScheduler
 .text.vTaskSuspendAll
                0x08002a04       0x10 CMakeFiles/LW3.1.elf.dir/Middlewares/Third_Party/FreeRTOS/Source/tasks.c.obj
                0x08002a04                vTaskSuspendAll
 .text.xTaskIncrementTick
                0x08002a14      0x118 CMakeFiles/LW3.1.elf.dir/Middlewares/Third_Party/FreeRTOS/Source/tasks.c.obj
                0x08002a14                xTaskIncrementTick
 .text.xTaskResumeAll
                0x08002b2c       0xf8 CMakeFiles/LW3.1.elf.dir/Middlewares/Third_Party/FreeRTOS/Source/tasks.c.obj
                0x08002b2c                xTaskResumeAll
 .text.vTaskSwitchContext
                0x08002c24       0xa4 CMakeFiles/LW3.1.elf.dir/Middlewares/Third_Party/FreeRTOS/Source/tasks.c.obj
                0x08002c24                vTaskSwitchContext
 .text.vTaskPlaceOnEventList
                0x08002cc8       0x30 CMakeFiles/LW3.1.elf.dir/Middlewares/Third_Party/FreeRTOS/Source/tasks.c.obj
                0x08002cc8                vTaskPlaceOnEventList
 .text.xTaskRemoveFromEventList
                0x08002cf8       0x8c CMakeFiles/LW3.1.elf.dir/Middlewares/Third_Party/FreeRTOS/Source/tasks.c.obj
                0x08002cf8                xTaskRemoveFromEventList
 .text.vTaskInternalSetTimeOutState
                0x08002d84       0x18 CMakeFiles/LW3.1.elf.dir/Middlewares/Third_Party/FreeRTOS/Source/tasks.c.obj
                0x08002d84                vTaskInternalSetTimeOutState
 .text.xTaskCheckForTimeOut
                0x08002d9c       0x84 CMakeFiles/LW3.1.elf.dir/Middlewares/Third_Party/FreeRTOS/Source/tasks.c.obj
                0x08002d9c                xTaskCheckForTimeOut
 .text.vTaskMissedYield
                0x08002e20        0xc CMakeFiles/LW3.1.elf.dir/Middlewares/Third_Party/FreeRTOS/Source/tasks.c.obj
                0x08002e20                vTaskMissedYield
 .text.xTaskGetSchedulerState
                0x08002e2c       0x20 CMakeFiles/LW3.1.elf.dir/Middlewares/Third_Party/FreeRTOS/Source/tasks.c.obj
                0x08002e2c                xTaskGetSchedulerState
 .text.xTaskPriorityDisinherit
                0x08002e4c       0xb0 CMakeFiles/LW3.1.elf.dir/Middlewares/Third_Party/FreeRTOS/Source/tasks.c.obj
                0x08002e4c                xTaskPriorityDisinherit
 .text.memset   0x08002efc       0xa4 C:/PROGRA~2/ARMGNU~1/13C7F1~1.2RE/bin/../lib/gcc/arm-none-eabi/13.2.1/thumb/v7e-m+fp/hard\libg.a(libc_a-memset.o)
                0x08002efc                memset
 .text._reclaim_reent
                0x08002fa0       0x5c C:/PROGRA~2/ARMGNU~1/13C7F1~1.2RE/bin/../lib/gcc/arm-none-eabi/13.2.1/thumb/v7e-m+fp/hard\libg.a(libc_a-reent.o)
                0x08002fa0                _reclaim_reent
 .text.__errno  0x08002ffc        0xc C:/PROGRA~2/ARMGNU~1/13C7F1~1.2RE/bin/../lib/gcc/arm-none-eabi/13.2.1/thumb/v7e-m+fp/hard\libg.a(libc_a-errno.o)
                0x08002ffc                __errno
 .text.__libc_init_array
                0x08003008       0x50 C:/PROGRA~2/ARMGNU~1/13C7F1~1.2RE/bin/../lib/gcc/arm-none-eabi/13.2.1/thumb/v7e-m+fp/hard\libg.a(libc_a-init.o)
                0x08003008                __libc_init_array
 .text.__retarget_lock_acquire_recursive
                0x08003058        0x4 C:/PROGRA~2/ARMGNU~1/13C7F1~1.2RE/bin/../lib/gcc/arm-none-eabi/13.2.1/thumb/v7e-m+fp/hard\libg.a(libc_a-lock.o)
                0x08003058                __retarget_lock_acquire_recursive
 .text.__retarget_lock_release_recursive
                0x0800305c        0x4 C:/PROGRA~2/ARMGNU~1/13C7F1~1.2RE/bin/../lib/gcc/arm-none-eabi/13.2.1/thumb/v7e-m+fp/hard\libg.a(libc_a-lock.o)
                0x0800305c                __retarget_lock_release_recursive
 .text.startup.register_fini
                0x08003060       0x14 C:/PROGRA~2/ARMGNU~1/13C7F1~1.2RE/bin/../lib/gcc/arm-none-eabi/13.2.1/thumb/v7e-m+fp/hard\libg.a(libc_a-__call_atexit.o)
 .text.atexit   0x08003074        0xc C:/PROGRA~2/ARMGNU~1/13C7F1~1.2RE/bin/../lib/gcc/arm-none-eabi/13.2.1/thumb/v7e-m+fp/hard\libg.a(libc_a-atexit.o)
                0x08003074                atexit
 .text._malloc_trim_r
                0x08003080       0xb8 C:/PROGRA~2/ARMGNU~1/13C7F1~1.2RE/bin/../lib/gcc/arm-none-eabi/13.2.1/thumb/v7e-m+fp/hard\libg.a(libc_a-freer.o)
                0x08003080                _malloc_trim_r
 .text._free_r  0x08003138      0x1f8 C:/PROGRA~2/ARMGNU~1/13C7F1~1.2RE/bin/../lib/gcc/arm-none-eabi/13.2.1/thumb/v7e-m+fp/hard\libg.a(libc_a-freer.o)
                0x08003138                _free_r
 .text.__malloc_lock
                0x08003330        0xc C:/PROGRA~2/ARMGNU~1/13C7F1~1.2RE/bin/../lib/gcc/arm-none-eabi/13.2.1/thumb/v7e-m+fp/hard\libg.a(libc_a-mlock.o)
                0x08003330                __malloc_lock
 .text.__malloc_unlock
                0x0800333c        0xc C:/PROGRA~2/ARMGNU~1/13C7F1~1.2RE/bin/../lib/gcc/arm-none-eabi/13.2.1/thumb/v7e-m+fp/hard\libg.a(libc_a-mlock.o)
                0x0800333c                __malloc_unlock
 .text._sbrk_r  0x08003348       0x24 C:/PROGRA~2/ARMGNU~1/13C7F1~1.2RE/bin/../lib/gcc/arm-none-eabi/13.2.1/thumb/v7e-m+fp/hard\libg.a(libc_a-sbrkr.o)
                0x08003348                _sbrk_r
 .text.__libc_fini_array
                0x0800336c       0x28 C:/PROGRA~2/ARMGNU~1/13C7F1~1.2RE/bin/../lib/gcc/arm-none-eabi/13.2.1/thumb/v7e-m+fp/hard\libg.a(libc_a-fini.o)
                0x0800336c                __libc_fini_array
 .text.sysconf  0x08003394       0x1c C:/PROGRA~2/ARMGNU~1/13C7F1~1.2RE/bin/../lib/gcc/arm-none-eabi/13.2.1/thumb/v7e-m+fp/hard\libg.a(libc_a-sysconf.o)
                0x08003394                sysconf
 .text.__register_exitproc
                0x080033b0       0x80 C:/PROGRA~2/ARMGNU~1/13C7F1~1.2RE/bin/../lib/gcc/arm-none-eabi/13.2.1/thumb/v7e-m+fp/hard\libg.a(libc_a-__atexit.o)
                0x080033b0                __register_exitproc
 *(.glue_7)
 .glue_7        0x08003430        0x0 linker stubs
 *(.glue_7t)
 .glue_7t       0x08003430        0x0 linker stubs
 *(.eh_frame)
 .eh_frame      0x08003430        0x0 C:/PROGRA~2/ARMGNU~1/13C7F1~1.2RE/bin/../lib/gcc/arm-none-eabi/13.2.1/thumb/v7e-m+fp/hard/crtbegin.o
 *(.init)
 .init          0x08003430        0x4 C:/PROGRA~2/ARMGNU~1/13C7F1~1.2RE/bin/../lib/gcc/arm-none-eabi/13.2.1/thumb/v7e-m+fp/hard/crti.o
                0x08003430                _init
 .init          0x08003434        0x8 C:/PROGRA~2/ARMGNU~1/13C7F1~1.2RE/bin/../lib/gcc/arm-none-eabi/13.2.1/thumb/v7e-m+fp/hard/crtn.o
 *(.fini)
 .fini          0x0800343c        0x4 C:/PROGRA~2/ARMGNU~1/13C7F1~1.2RE/bin/../lib/gcc/arm-none-eabi/13.2.1/thumb/v7e-m+fp/hard/crti.o
                0x0800343c                _fini
 .fini          0x08003440        0x8 C:/PROGRA~2/ARMGNU~1/13C7F1~1.2RE/bin/../lib/gcc/arm-none-eabi/13.2.1/thumb/v7e-m+fp/hard/crtn.o
                0x08003448                        . = ALIGN (0x4)
                0x08003448                        _etext = .

.vfp11_veneer   0x08003448        0x0
 .vfp11_veneer  0x08003448        0x0 linker stubs

.v4_bx          0x08003448        0x0
 .v4_bx         0x08003448        0x0 linker stubs

.iplt           0x08003448        0x0
 .iplt          0x08003448        0x0 C:/PROGRA~2/ARMGNU~1/13C7F1~1.2RE/bin/../lib/gcc/arm-none-eabi/13.2.1/thumb/v7e-m+fp/hard/crtbegin.o

.rodata         0x08003448       0x68
                0x08003448                        . = ALIGN (0x4)
 *(.rodata)
 .rodata        0x08003448       0x30 CMakeFiles/LW3.1.elf.dir/Core/Src/main.c.obj
 *(.rodata*)
 .rodata.str1.4
                0x08003478       0x1d CMakeFiles/LW3.1.elf.dir/Core/Src/main.c.obj
                                 0x18 (size before relaxing)
 *fill*         0x08003495        0x3 
 .rodata.APBPrescTable
                0x08003498        0x8 CMakeFiles/LW3.1.elf.dir/Core/Src/system_stm32g4xx.c.obj
                0x08003498                APBPrescTable
 .rodata.AHBPrescTable
                0x080034a0       0x10 CMakeFiles/LW3.1.elf.dir/Core/Src/system_stm32g4xx.c.obj
                0x080034a0                AHBPrescTable
 .rodata.vTaskStartScheduler.str1.4
                0x080034b0        0x5 CMakeFiles/LW3.1.elf.dir/Middlewares/Third_Party/FreeRTOS/Source/tasks.c.obj
                0x080034b8                        . = ALIGN (0x4)

.ARM.extab      0x080034b0        0x0
                0x080034b0                        . = ALIGN (0x4)
 *(.ARM.extab* .gnu.linkonce.armextab.*)
                0x080034b0                        . = ALIGN (0x4)

.ARM            0x080034b0        0x8
                0x080034b0                        . = ALIGN (0x4)
                0x080034b0                        __exidx_start = .
 *(.ARM.exidx*)
 .ARM.exidx     0x080034b0        0x8 C:/PROGRA~2/ARMGNU~1/13C7F1~1.2RE/bin/../lib/gcc/arm-none-eabi/13.2.1/thumb/v7e-m+fp/hard\libg.a(libc_a-memcpy.o)
                0x080034b8                        __exidx_end = .
                0x080034b8                        . = ALIGN (0x4)

.rel.dyn        0x080034b8        0x0
 .rel.iplt      0x080034b8        0x0 C:/PROGRA~2/ARMGNU~1/13C7F1~1.2RE/bin/../lib/gcc/arm-none-eabi/13.2.1/thumb/v7e-m+fp/hard/crtbegin.o

.preinit_array  0x080034b8        0x0
                0x080034b8                        . = ALIGN (0x4)
                0x080034b8                        PROVIDE (__preinit_array_start = .)
 *(.preinit_array*)
                0x080034b8                        PROVIDE (__preinit_array_end = .)
                0x080034b8                        . = ALIGN (0x4)

.init_array     0x080034b8        0x8
                0x080034b8                        . = ALIGN (0x4)
                0x080034b8                        PROVIDE (__init_array_start = .)
 *(SORT_BY_NAME(.init_array.*))
 .init_array.00000
                0x080034b8        0x4 C:/PROGRA~2/ARMGNU~1/13C7F1~1.2RE/bin/../lib/gcc/arm-none-eabi/13.2.1/thumb/v7e-m+fp/hard\libg.a(libc_a-__call_atexit.o)
 *(.init_array*)
 .init_array    0x080034bc        0x4 C:/PROGRA~2/ARMGNU~1/13C7F1~1.2RE/bin/../lib/gcc/arm-none-eabi/13.2.1/thumb/v7e-m+fp/hard/crtbegin.o
                0x080034c0                        PROVIDE (__init_array_end = .)
                0x080034c0                        . = ALIGN (0x4)

.fini_array     0x080034c0        0x4
                0x080034c0                        . = ALIGN (0x4)
                0x080034c0                        PROVIDE (__fini_array_start = .)
 *(SORT_BY_NAME(.fini_array.*))
 *(.fini_array*)
 .fini_array    0x080034c0        0x4 C:/PROGRA~2/ARMGNU~1/13C7F1~1.2RE/bin/../lib/gcc/arm-none-eabi/13.2.1/thumb/v7e-m+fp/hard/crtbegin.o
                0x080034c4                        PROVIDE (__fini_array_end = .)
                0x080034c4                        . = ALIGN (0x4)
                0x080034c4                        _sidata = LOADADDR (.data)

.data           0x20000000      0x550 load address 0x080034c4
                0x20000000                        . = ALIGN (0x4)
                0x20000000                        _sdata = .
 *(.data)
 *(.data*)
 .data.SystemCoreClock
                0x20000000        0x4 CMakeFiles/LW3.1.elf.dir/Core/Src/system_stm32g4xx.c.obj
                0x20000000                SystemCoreClock
 .data.uwTickFreq
                0x20000004        0x4 CMakeFiles/LW3.1.elf.dir/Drivers/STM32G4xx_HAL_Driver/Src/stm32g4xx_hal.c.obj
                0x20000004                uwTickFreq
 .data.uwTickPrio
                0x20000008        0x4 CMakeFiles/LW3.1.elf.dir/Drivers/STM32G4xx_HAL_Driver/Src/stm32g4xx_hal.c.obj
                0x20000008                uwTickPrio
 .data.uxCriticalNesting
                0x2000000c        0x4 CMakeFiles/LW3.1.elf.dir/Middlewares/Third_Party/FreeRTOS/Source/portable/GCC/ARM_CM4F/port.c.obj
 .data._impure_ptr
                0x20000010        0x4 C:/PROGRA~2/ARMGNU~1/13C7F1~1.2RE/bin/../lib/gcc/arm-none-eabi/13.2.1/thumb/v7e-m+fp/hard\libg.a(libc_a-impure.o)
                0x20000010                _impure_ptr
 *fill*         0x20000014        0x4 
 .data._impure_data
                0x20000018      0x120 C:/PROGRA~2/ARMGNU~1/13C7F1~1.2RE/bin/../lib/gcc/arm-none-eabi/13.2.1/thumb/v7e-m+fp/hard\libg.a(libc_a-impure.o)
                0x20000018                _impure_data
 .data.__atexit_recursive_mutex
                0x20000138        0x4 C:/PROGRA~2/ARMGNU~1/13C7F1~1.2RE/bin/../lib/gcc/arm-none-eabi/13.2.1/thumb/v7e-m+fp/hard\libg.a(libc_a-__call_atexit.o)
                0x20000138                __atexit_recursive_mutex
 .data.__malloc_sbrk_base
                0x2000013c        0x4 C:/PROGRA~2/ARMGNU~1/13C7F1~1.2RE/bin/../lib/gcc/arm-none-eabi/13.2.1/thumb/v7e-m+fp/hard\libg.a(libc_a-mallocr.o)
                0x2000013c                __malloc_sbrk_base
 .data.__malloc_trim_threshold
                0x20000140        0x4 C:/PROGRA~2/ARMGNU~1/13C7F1~1.2RE/bin/../lib/gcc/arm-none-eabi/13.2.1/thumb/v7e-m+fp/hard\libg.a(libc_a-mallocr.o)
                0x20000140                __malloc_trim_threshold
 *fill*         0x20000144        0x4 
 .data.__malloc_av_
                0x20000148      0x408 C:/PROGRA~2/ARMGNU~1/13C7F1~1.2RE/bin/../lib/gcc/arm-none-eabi/13.2.1/thumb/v7e-m+fp/hard\libg.a(libc_a-mallocr.o)
                0x20000148                __malloc_av_
 *(.RamFunc)
 *(.RamFunc*)
                0x20000550                        . = ALIGN (0x4)
                0x20000550                        _edata = .

.tm_clone_table
                0x20000550        0x0 load address 0x08003a14
 .tm_clone_table
                0x20000550        0x0 C:/PROGRA~2/ARMGNU~1/13C7F1~1.2RE/bin/../lib/gcc/arm-none-eabi/13.2.1/thumb/v7e-m+fp/hard/crtbegin.o
 .tm_clone_table
                0x20000550        0x0 C:/PROGRA~2/ARMGNU~1/13C7F1~1.2RE/bin/../lib/gcc/arm-none-eabi/13.2.1/thumb/v7e-m+fp/hard/crtend.o

.igot.plt       0x20000550        0x0 load address 0x08003a14
 .igot.plt      0x20000550        0x0 C:/PROGRA~2/ARMGNU~1/13C7F1~1.2RE/bin/../lib/gcc/arm-none-eabi/13.2.1/thumb/v7e-m+fp/hard/crtbegin.o
                0x20000550                        . = ALIGN (0x4)

.bss            0x20000550     0x10d8 load address 0x08003a14
                0x20000550                        _sbss = .
                0x20000550                        __bss_start__ = _sbss
 *(.bss)
 *(.bss*)
 .bss.completed.1
                0x20000550        0x1 C:/PROGRA~2/ARMGNU~1/13C7F1~1.2RE/bin/../lib/gcc/arm-none-eabi/13.2.1/thumb/v7e-m+fp/hard/crtbegin.o
 *fill*         0x20000551        0x3 
 .bss.object.0  0x20000554       0x18 C:/PROGRA~2/ARMGNU~1/13C7F1~1.2RE/bin/../lib/gcc/arm-none-eabi/13.2.1/thumb/v7e-m+fp/hard/crtbegin.o
 .bss.count     0x2000056c        0x4 CMakeFiles/LW3.1.elf.dir/Core/Src/main.c.obj
                0x2000056c                count
 .bss.myQueue01Handle
                0x20000570        0x4 CMakeFiles/LW3.1.elf.dir/Core/Src/main.c.obj
                0x20000570                myQueue01Handle
 .bss.myTask02Handle
                0x20000574        0x4 CMakeFiles/LW3.1.elf.dir/Core/Src/main.c.obj
                0x20000574                myTask02Handle
 .bss.defaultTaskHandle
                0x20000578        0x4 CMakeFiles/LW3.1.elf.dir/Core/Src/main.c.obj
                0x20000578                defaultTaskHandle
 .bss.htim2     0x2000057c       0x4c CMakeFiles/LW3.1.elf.dir/Core/Src/stm32g4xx_hal_timebase_tim.c.obj
                0x2000057c                htim2
 .bss.__sbrk_heap_end
                0x200005c8        0x4 CMakeFiles/LW3.1.elf.dir/Core/Src/sysmem.c.obj
 .bss.uwTick    0x200005cc        0x4 CMakeFiles/LW3.1.elf.dir/Drivers/STM32G4xx_HAL_Driver/Src/stm32g4xx_hal.c.obj
                0x200005cc                uwTick
 .bss.ulMaxPRIGROUPValue
                0x200005d0        0x4 CMakeFiles/LW3.1.elf.dir/Middlewares/Third_Party/FreeRTOS/Source/portable/GCC/ARM_CM4F/port.c.obj
 .bss.ucMaxSysCallPriority
                0x200005d4        0x1 CMakeFiles/LW3.1.elf.dir/Middlewares/Third_Party/FreeRTOS/Source/portable/GCC/ARM_CM4F/port.c.obj
 *fill*         0x200005d5        0x3 
 .bss.xBlockAllocatedBit
                0x200005d8        0x4 CMakeFiles/LW3.1.elf.dir/Middlewares/Third_Party/FreeRTOS/Source/portable/MemMang/heap_4.c.obj
 .bss.xNumberOfSuccessfulFrees
                0x200005dc        0x4 CMakeFiles/LW3.1.elf.dir/Middlewares/Third_Party/FreeRTOS/Source/portable/MemMang/heap_4.c.obj
 .bss.xNumberOfSuccessfulAllocations
                0x200005e0        0x4 CMakeFiles/LW3.1.elf.dir/Middlewares/Third_Party/FreeRTOS/Source/portable/MemMang/heap_4.c.obj
 .bss.xMinimumEverFreeBytesRemaining
                0x200005e4        0x4 CMakeFiles/LW3.1.elf.dir/Middlewares/Third_Party/FreeRTOS/Source/portable/MemMang/heap_4.c.obj
 .bss.xFreeBytesRemaining
                0x200005e8        0x4 CMakeFiles/LW3.1.elf.dir/Middlewares/Third_Party/FreeRTOS/Source/portable/MemMang/heap_4.c.obj
 .bss.pxEnd     0x200005ec        0x4 CMakeFiles/LW3.1.elf.dir/Middlewares/Third_Party/FreeRTOS/Source/portable/MemMang/heap_4.c.obj
 .bss.xStart    0x200005f0        0x8 CMakeFiles/LW3.1.elf.dir/Middlewares/Third_Party/FreeRTOS/Source/portable/MemMang/heap_4.c.obj
 .bss.ucHeap    0x200005f8      0xc00 CMakeFiles/LW3.1.elf.dir/Middlewares/Third_Party/FreeRTOS/Source/portable/MemMang/heap_4.c.obj
 .bss.uxSchedulerSuspended
                0x200011f8        0x4 CMakeFiles/LW3.1.elf.dir/Middlewares/Third_Party/FreeRTOS/Source/tasks.c.obj
 .bss.xIdleTaskHandle
                0x200011fc        0x4 CMakeFiles/LW3.1.elf.dir/Middlewares/Third_Party/FreeRTOS/Source/tasks.c.obj
 .bss.xNextTaskUnblockTime
                0x20001200        0x4 CMakeFiles/LW3.1.elf.dir/Middlewares/Third_Party/FreeRTOS/Source/tasks.c.obj
 .bss.uxTaskNumber
                0x20001204        0x4 CMakeFiles/LW3.1.elf.dir/Middlewares/Third_Party/FreeRTOS/Source/tasks.c.obj
 .bss.xNumOfOverflows
                0x20001208        0x4 CMakeFiles/LW3.1.elf.dir/Middlewares/Third_Party/FreeRTOS/Source/tasks.c.obj
 .bss.xYieldPending
                0x2000120c        0x4 CMakeFiles/LW3.1.elf.dir/Middlewares/Third_Party/FreeRTOS/Source/tasks.c.obj
 .bss.xPendedTicks
                0x20001210        0x4 CMakeFiles/LW3.1.elf.dir/Middlewares/Third_Party/FreeRTOS/Source/tasks.c.obj
 .bss.xSchedulerRunning
                0x20001214        0x4 CMakeFiles/LW3.1.elf.dir/Middlewares/Third_Party/FreeRTOS/Source/tasks.c.obj
 .bss.uxTopReadyPriority
                0x20001218        0x4 CMakeFiles/LW3.1.elf.dir/Middlewares/Third_Party/FreeRTOS/Source/tasks.c.obj
 .bss.xTickCount
                0x2000121c        0x4 CMakeFiles/LW3.1.elf.dir/Middlewares/Third_Party/FreeRTOS/Source/tasks.c.obj
 .bss.uxCurrentNumberOfTasks
                0x20001220        0x4 CMakeFiles/LW3.1.elf.dir/Middlewares/Third_Party/FreeRTOS/Source/tasks.c.obj
 .bss.xSuspendedTaskList
                0x20001224       0x14 CMakeFiles/LW3.1.elf.dir/Middlewares/Third_Party/FreeRTOS/Source/tasks.c.obj
 .bss.uxDeletedTasksWaitingCleanUp
                0x20001238        0x4 CMakeFiles/LW3.1.elf.dir/Middlewares/Third_Party/FreeRTOS/Source/tasks.c.obj
 .bss.xTasksWaitingTermination
                0x2000123c       0x14 CMakeFiles/LW3.1.elf.dir/Middlewares/Third_Party/FreeRTOS/Source/tasks.c.obj
 .bss.xPendingReadyList
                0x20001250       0x14 CMakeFiles/LW3.1.elf.dir/Middlewares/Third_Party/FreeRTOS/Source/tasks.c.obj
 .bss.pxOverflowDelayedTaskList
                0x20001264        0x4 CMakeFiles/LW3.1.elf.dir/Middlewares/Third_Party/FreeRTOS/Source/tasks.c.obj
 .bss.pxDelayedTaskList
                0x20001268        0x4 CMakeFiles/LW3.1.elf.dir/Middlewares/Third_Party/FreeRTOS/Source/tasks.c.obj
 .bss.xDelayedTaskList2
                0x2000126c       0x14 CMakeFiles/LW3.1.elf.dir/Middlewares/Third_Party/FreeRTOS/Source/tasks.c.obj
 .bss.xDelayedTaskList1
                0x20001280       0x14 CMakeFiles/LW3.1.elf.dir/Middlewares/Third_Party/FreeRTOS/Source/tasks.c.obj
 .bss.pxReadyTasksLists
                0x20001294       0x8c CMakeFiles/LW3.1.elf.dir/Middlewares/Third_Party/FreeRTOS/Source/tasks.c.obj
 .bss.pxCurrentTCB
                0x20001320        0x4 CMakeFiles/LW3.1.elf.dir/Middlewares/Third_Party/FreeRTOS/Source/tasks.c.obj
                0x20001320                pxCurrentTCB
 .bss.__sf      0x20001324      0x138 C:/PROGRA~2/ARMGNU~1/13C7F1~1.2RE/bin/../lib/gcc/arm-none-eabi/13.2.1/thumb/v7e-m+fp/hard\libg.a(libc_a-findfp.o)
                0x20001324                __sf
 .bss.errno     0x2000145c        0x4 C:/PROGRA~2/ARMGNU~1/13C7F1~1.2RE/bin/../lib/gcc/arm-none-eabi/13.2.1/thumb/v7e-m+fp/hard\libg.a(libc_a-reent.o)
                0x2000145c                errno
 .bss.__lock___malloc_recursive_mutex
                0x20001460        0x1 C:/PROGRA~2/ARMGNU~1/13C7F1~1.2RE/bin/../lib/gcc/arm-none-eabi/13.2.1/thumb/v7e-m+fp/hard\libg.a(libc_a-lock.o)
                0x20001460                __lock___malloc_recursive_mutex
 *fill*         0x20001461        0x3 
 .bss.__lock___atexit_recursive_mutex
                0x20001464        0x1 C:/PROGRA~2/ARMGNU~1/13C7F1~1.2RE/bin/../lib/gcc/arm-none-eabi/13.2.1/thumb/v7e-m+fp/hard\libg.a(libc_a-lock.o)
                0x20001464                __lock___atexit_recursive_mutex
 *fill*         0x20001465        0x3 
 .bss.__atexit  0x20001468        0x4 C:/PROGRA~2/ARMGNU~1/13C7F1~1.2RE/bin/../lib/gcc/arm-none-eabi/13.2.1/thumb/v7e-m+fp/hard\libg.a(libc_a-__call_atexit.o)
                0x20001468                __atexit
 .bss.__malloc_current_mallinfo
                0x2000146c       0x28 C:/PROGRA~2/ARMGNU~1/13C7F1~1.2RE/bin/../lib/gcc/arm-none-eabi/13.2.1/thumb/v7e-m+fp/hard\libg.a(libc_a-mallocr.o)
                0x2000146c                __malloc_current_mallinfo
 .bss.__malloc_top_pad
                0x20001494        0x4 C:/PROGRA~2/ARMGNU~1/13C7F1~1.2RE/bin/../lib/gcc/arm-none-eabi/13.2.1/thumb/v7e-m+fp/hard\libg.a(libc_a-mallocr.o)
                0x20001494                __malloc_top_pad
 .bss.__atexit0
                0x20001498      0x190 C:/PROGRA~2/ARMGNU~1/13C7F1~1.2RE/bin/../lib/gcc/arm-none-eabi/13.2.1/thumb/v7e-m+fp/hard\libg.a(libc_a-__atexit.o)
                0x20001498                __atexit0
 *(COMMON)
                0x20001628                        . = ALIGN (0x4)
                0x20001628                        _ebss = .
                0x20001628                        __bss_end__ = _ebss

._user_heap_stack
                0x20001628      0x600 load address 0x08003a14
                0x20001628                        . = ALIGN (0x8)
                [!provide]                        PROVIDE (end = .)
                0x20001628                        PROVIDE (_end = .)
                0x20001828                        . = (. + _Min_Heap_Size)
 *fill*         0x20001628      0x200 
                0x20001c28                        . = (. + _Min_Stack_Size)
 *fill*         0x20001828      0x400 
                0x20001c28                        . = ALIGN (0x8)

/DISCARD/
 libc.a(*)
 libm.a(*)
 libgcc.a(*)

.ARM.attributes
                0x00000000       0x30
 *(.ARM.attributes)
 .ARM.attributes
                0x00000000       0x22 C:/PROGRA~2/ARMGNU~1/13C7F1~1.2RE/bin/../lib/gcc/arm-none-eabi/13.2.1/thumb/v7e-m+fp/hard/crti.o
 .ARM.attributes
                0x00000022       0x34 C:/PROGRA~2/ARMGNU~1/13C7F1~1.2RE/bin/../lib/gcc/arm-none-eabi/13.2.1/thumb/v7e-m+fp/hard/crtbegin.o
 .ARM.attributes
                0x00000056       0x34 CMakeFiles/LW3.1.elf.dir/Core/Src/main.c.obj
 .ARM.attributes
                0x0000008a       0x34 CMakeFiles/LW3.1.elf.dir/Core/Src/stm32g4xx_hal_msp.c.obj
 .ARM.attributes
                0x000000be       0x34 CMakeFiles/LW3.1.elf.dir/Core/Src/stm32g4xx_hal_timebase_tim.c.obj
 .ARM.attributes
                0x000000f2       0x34 CMakeFiles/LW3.1.elf.dir/Core/Src/stm32g4xx_it.c.obj
 .ARM.attributes
                0x00000126       0x34 CMakeFiles/LW3.1.elf.dir/Core/Src/sysmem.c.obj
 .ARM.attributes
                0x0000015a       0x34 CMakeFiles/LW3.1.elf.dir/Core/Src/system_stm32g4xx.c.obj
 .ARM.attributes
                0x0000018e       0x21 CMakeFiles/LW3.1.elf.dir/Core/Startup/startup_stm32g474vetx.s.obj
 .ARM.attributes
                0x000001af       0x34 CMakeFiles/LW3.1.elf.dir/Drivers/STM32G4xx_HAL_Driver/Src/stm32g4xx_hal.c.obj
 .ARM.attributes
                0x000001e3       0x34 CMakeFiles/LW3.1.elf.dir/Drivers/STM32G4xx_HAL_Driver/Src/stm32g4xx_hal_cortex.c.obj
 .ARM.attributes
                0x00000217       0x34 CMakeFiles/LW3.1.elf.dir/Drivers/STM32G4xx_HAL_Driver/Src/stm32g4xx_hal_gpio.c.obj
 .ARM.attributes
                0x0000024b       0x34 CMakeFiles/LW3.1.elf.dir/Drivers/STM32G4xx_HAL_Driver/Src/stm32g4xx_hal_pwr_ex.c.obj
 .ARM.attributes
                0x0000027f       0x34 CMakeFiles/LW3.1.elf.dir/Drivers/STM32G4xx_HAL_Driver/Src/stm32g4xx_hal_rcc.c.obj
 .ARM.attributes
                0x000002b3       0x34 CMakeFiles/LW3.1.elf.dir/Drivers/STM32G4xx_HAL_Driver/Src/stm32g4xx_hal_tim.c.obj
 .ARM.attributes
                0x000002e7       0x34 CMakeFiles/LW3.1.elf.dir/Drivers/STM32G4xx_HAL_Driver/Src/stm32g4xx_hal_tim_ex.c.obj
 .ARM.attributes
                0x0000031b       0x34 CMakeFiles/LW3.1.elf.dir/Middlewares/Third_Party/FreeRTOS/Source/CMSIS_RTOS/cmsis_os.c.obj
 .ARM.attributes
                0x0000034f       0x34 CMakeFiles/LW3.1.elf.dir/Middlewares/Third_Party/FreeRTOS/Source/list.c.obj
 .ARM.attributes
                0x00000383       0x34 CMakeFiles/LW3.1.elf.dir/Middlewares/Third_Party/FreeRTOS/Source/portable/GCC/ARM_CM4F/port.c.obj
 .ARM.attributes
                0x000003b7       0x34 CMakeFiles/LW3.1.elf.dir/Middlewares/Third_Party/FreeRTOS/Source/portable/MemMang/heap_4.c.obj
 .ARM.attributes
                0x000003eb       0x34 CMakeFiles/LW3.1.elf.dir/Middlewares/Third_Party/FreeRTOS/Source/queue.c.obj
 .ARM.attributes
                0x0000041f       0x34 CMakeFiles/LW3.1.elf.dir/Middlewares/Third_Party/FreeRTOS/Source/tasks.c.obj
 .ARM.attributes
                0x00000453       0x34 C:/PROGRA~2/ARMGNU~1/13C7F1~1.2RE/bin/../lib/gcc/arm-none-eabi/13.2.1/thumb/v7e-m+fp/hard\libg.a(libc_a-findfp.o)
 .ARM.attributes
                0x00000487       0x34 C:/PROGRA~2/ARMGNU~1/13C7F1~1.2RE/bin/../lib/gcc/arm-none-eabi/13.2.1/thumb/v7e-m+fp/hard\libg.a(libc_a-memset.o)
 .ARM.attributes
                0x000004bb       0x34 C:/PROGRA~2/ARMGNU~1/13C7F1~1.2RE/bin/../lib/gcc/arm-none-eabi/13.2.1/thumb/v7e-m+fp/hard\libg.a(libc_a-reent.o)
 .ARM.attributes
                0x000004ef       0x34 C:/PROGRA~2/ARMGNU~1/13C7F1~1.2RE/bin/../lib/gcc/arm-none-eabi/13.2.1/thumb/v7e-m+fp/hard\libg.a(libc_a-impure.o)
 .ARM.attributes
                0x00000523       0x34 C:/PROGRA~2/ARMGNU~1/13C7F1~1.2RE/bin/../lib/gcc/arm-none-eabi/13.2.1/thumb/v7e-m+fp/hard\libg.a(libc_a-errno.o)
 .ARM.attributes
                0x00000557       0x34 C:/PROGRA~2/ARMGNU~1/13C7F1~1.2RE/bin/../lib/gcc/arm-none-eabi/13.2.1/thumb/v7e-m+fp/hard\libg.a(libc_a-init.o)
 .ARM.attributes
                0x0000058b       0x34 C:/PROGRA~2/ARMGNU~1/13C7F1~1.2RE/bin/../lib/gcc/arm-none-eabi/13.2.1/thumb/v7e-m+fp/hard\libg.a(libc_a-lock.o)
 .ARM.attributes
                0x000005bf       0x20 C:/PROGRA~2/ARMGNU~1/13C7F1~1.2RE/bin/../lib/gcc/arm-none-eabi/13.2.1/thumb/v7e-m+fp/hard\libg.a(libc_a-memcpy.o)
 .ARM.attributes
                0x000005df       0x34 C:/PROGRA~2/ARMGNU~1/13C7F1~1.2RE/bin/../lib/gcc/arm-none-eabi/13.2.1/thumb/v7e-m+fp/hard\libg.a(libc_a-__call_atexit.o)
 .ARM.attributes
                0x00000613       0x34 C:/PROGRA~2/ARMGNU~1/13C7F1~1.2RE/bin/../lib/gcc/arm-none-eabi/13.2.1/thumb/v7e-m+fp/hard\libg.a(libc_a-atexit.o)
 .ARM.attributes
                0x00000647       0x34 C:/PROGRA~2/ARMGNU~1/13C7F1~1.2RE/bin/../lib/gcc/arm-none-eabi/13.2.1/thumb/v7e-m+fp/hard\libg.a(libc_a-freer.o)
 .ARM.attributes
                0x0000067b       0x34 C:/PROGRA~2/ARMGNU~1/13C7F1~1.2RE/bin/../lib/gcc/arm-none-eabi/13.2.1/thumb/v7e-m+fp/hard\libg.a(libc_a-mallocr.o)
 .ARM.attributes
                0x000006af       0x34 C:/PROGRA~2/ARMGNU~1/13C7F1~1.2RE/bin/../lib/gcc/arm-none-eabi/13.2.1/thumb/v7e-m+fp/hard\libg.a(libc_a-mlock.o)
 .ARM.attributes
                0x000006e3       0x34 C:/PROGRA~2/ARMGNU~1/13C7F1~1.2RE/bin/../lib/gcc/arm-none-eabi/13.2.1/thumb/v7e-m+fp/hard\libg.a(libc_a-sbrkr.o)
 .ARM.attributes
                0x00000717       0x34 C:/PROGRA~2/ARMGNU~1/13C7F1~1.2RE/bin/../lib/gcc/arm-none-eabi/13.2.1/thumb/v7e-m+fp/hard\libg.a(libc_a-fini.o)
 .ARM.attributes
                0x0000074b       0x34 C:/PROGRA~2/ARMGNU~1/13C7F1~1.2RE/bin/../lib/gcc/arm-none-eabi/13.2.1/thumb/v7e-m+fp/hard\libg.a(libc_a-sysconf.o)
 .ARM.attributes
                0x0000077f       0x34 C:/PROGRA~2/ARMGNU~1/13C7F1~1.2RE/bin/../lib/gcc/arm-none-eabi/13.2.1/thumb/v7e-m+fp/hard\libg.a(libc_a-__atexit.o)
 .ARM.attributes
                0x000007b3       0x34 C:/PROGRA~2/ARMGNU~1/13C7F1~1.2RE/bin/../lib/gcc/arm-none-eabi/13.2.1/thumb/v7e-m+fp/hard/crtend.o
 .ARM.attributes
                0x000007e7       0x22 C:/PROGRA~2/ARMGNU~1/13C7F1~1.2RE/bin/../lib/gcc/arm-none-eabi/13.2.1/thumb/v7e-m+fp/hard/crtn.o
OUTPUT(LW3.1.elf elf32-littlearm)
LOAD linker stubs
LOAD C:/PROGRA~2/ARMGNU~1/13C7F1~1.2RE/bin/../lib/gcc/arm-none-eabi/13.2.1/thumb/v7e-m+fp/hard\libc.a
LOAD C:/PROGRA~2/ARMGNU~1/13C7F1~1.2RE/bin/../lib/gcc/arm-none-eabi/13.2.1/thumb/v7e-m+fp/hard\libm.a
LOAD C:/PROGRA~2/ARMGNU~1/13C7F1~1.2RE/bin/../lib/gcc/arm-none-eabi/13.2.1/thumb/v7e-m+fp/hard\libgcc.a

.debug_info     0x00000000    0x15177
 .debug_info    0x00000000     0x148d CMakeFiles/LW3.1.elf.dir/Core/Src/main.c.obj
 .debug_info    0x0000148d      0x5cd CMakeFiles/LW3.1.elf.dir/Core/Src/stm32g4xx_hal_msp.c.obj
 .debug_info    0x00001a5a      0xf07 CMakeFiles/LW3.1.elf.dir/Core/Src/stm32g4xx_hal_timebase_tim.c.obj
 .debug_info    0x00002961      0x84b CMakeFiles/LW3.1.elf.dir/Core/Src/stm32g4xx_it.c.obj
 .debug_info    0x000031ac      0x171 CMakeFiles/LW3.1.elf.dir/Core/Src/sysmem.c.obj
 .debug_info    0x0000331d      0x5a3 CMakeFiles/LW3.1.elf.dir/Core/Src/system_stm32g4xx.c.obj
 .debug_info    0x000038c0       0x30 CMakeFiles/LW3.1.elf.dir/Core/Startup/startup_stm32g474vetx.s.obj
 .debug_info    0x000038f0      0xc4e CMakeFiles/LW3.1.elf.dir/Drivers/STM32G4xx_HAL_Driver/Src/stm32g4xx_hal.c.obj
 .debug_info    0x0000453e     0x1018 CMakeFiles/LW3.1.elf.dir/Drivers/STM32G4xx_HAL_Driver/Src/stm32g4xx_hal_cortex.c.obj
 .debug_info    0x00005556      0x795 CMakeFiles/LW3.1.elf.dir/Drivers/STM32G4xx_HAL_Driver/Src/stm32g4xx_hal_gpio.c.obj
 .debug_info    0x00005ceb      0x9bd CMakeFiles/LW3.1.elf.dir/Drivers/STM32G4xx_HAL_Driver/Src/stm32g4xx_hal_pwr_ex.c.obj
 .debug_info    0x000066a8      0xe3f CMakeFiles/LW3.1.elf.dir/Drivers/STM32G4xx_HAL_Driver/Src/stm32g4xx_hal_rcc.c.obj
 .debug_info    0x000074e7     0x3f0c CMakeFiles/LW3.1.elf.dir/Drivers/STM32G4xx_HAL_Driver/Src/stm32g4xx_hal_tim.c.obj
 .debug_info    0x0000b3f3     0x24e9 CMakeFiles/LW3.1.elf.dir/Drivers/STM32G4xx_HAL_Driver/Src/stm32g4xx_hal_tim_ex.c.obj
 .debug_info    0x0000d8dc     0x1f38 CMakeFiles/LW3.1.elf.dir/Middlewares/Third_Party/FreeRTOS/Source/CMSIS_RTOS/cmsis_os.c.obj
 .debug_info    0x0000f814      0x2bf CMakeFiles/LW3.1.elf.dir/Middlewares/Third_Party/FreeRTOS/Source/list.c.obj
 .debug_info    0x0000fad3      0x55a CMakeFiles/LW3.1.elf.dir/Middlewares/Third_Party/FreeRTOS/Source/portable/GCC/ARM_CM4F/port.c.obj
 .debug_info    0x0001002d      0x593 CMakeFiles/LW3.1.elf.dir/Middlewares/Third_Party/FreeRTOS/Source/portable/MemMang/heap_4.c.obj
 .debug_info    0x000105c0     0x1f15 CMakeFiles/LW3.1.elf.dir/Middlewares/Third_Party/FreeRTOS/Source/queue.c.obj
 .debug_info    0x000124d5     0x2ca2 CMakeFiles/LW3.1.elf.dir/Middlewares/Third_Party/FreeRTOS/Source/tasks.c.obj

.debug_abbrev   0x00000000     0x2edc
 .debug_abbrev  0x00000000      0x360 CMakeFiles/LW3.1.elf.dir/Core/Src/main.c.obj
 .debug_abbrev  0x00000360      0x12c CMakeFiles/LW3.1.elf.dir/Core/Src/stm32g4xx_hal_msp.c.obj
 .debug_abbrev  0x0000048c      0x262 CMakeFiles/LW3.1.elf.dir/Core/Src/stm32g4xx_hal_timebase_tim.c.obj
 .debug_abbrev  0x000006ee      0x1b6 CMakeFiles/LW3.1.elf.dir/Core/Src/stm32g4xx_it.c.obj
 .debug_abbrev  0x000008a4       0xea CMakeFiles/LW3.1.elf.dir/Core/Src/sysmem.c.obj
 .debug_abbrev  0x0000098e      0x11e CMakeFiles/LW3.1.elf.dir/Core/Src/system_stm32g4xx.c.obj
 .debug_abbrev  0x00000aac       0x24 CMakeFiles/LW3.1.elf.dir/Core/Startup/startup_stm32g474vetx.s.obj
 .debug_abbrev  0x00000ad0      0x27d CMakeFiles/LW3.1.elf.dir/Drivers/STM32G4xx_HAL_Driver/Src/stm32g4xx_hal.c.obj
 .debug_abbrev  0x00000d4d      0x390 CMakeFiles/LW3.1.elf.dir/Drivers/STM32G4xx_HAL_Driver/Src/stm32g4xx_hal_cortex.c.obj
 .debug_abbrev  0x000010dd      0x1f9 CMakeFiles/LW3.1.elf.dir/Drivers/STM32G4xx_HAL_Driver/Src/stm32g4xx_hal_gpio.c.obj
 .debug_abbrev  0x000012d6      0x249 CMakeFiles/LW3.1.elf.dir/Drivers/STM32G4xx_HAL_Driver/Src/stm32g4xx_hal_pwr_ex.c.obj
 .debug_abbrev  0x0000151f      0x2ab CMakeFiles/LW3.1.elf.dir/Drivers/STM32G4xx_HAL_Driver/Src/stm32g4xx_hal_rcc.c.obj
 .debug_abbrev  0x000017ca      0x2a0 CMakeFiles/LW3.1.elf.dir/Drivers/STM32G4xx_HAL_Driver/Src/stm32g4xx_hal_tim.c.obj
 .debug_abbrev  0x00001a6a      0x2b1 CMakeFiles/LW3.1.elf.dir/Drivers/STM32G4xx_HAL_Driver/Src/stm32g4xx_hal_tim_ex.c.obj
 .debug_abbrev  0x00001d1b      0x3e6 CMakeFiles/LW3.1.elf.dir/Middlewares/Third_Party/FreeRTOS/Source/CMSIS_RTOS/cmsis_os.c.obj
 .debug_abbrev  0x00002101      0x10a CMakeFiles/LW3.1.elf.dir/Middlewares/Third_Party/FreeRTOS/Source/list.c.obj
 .debug_abbrev  0x0000220b      0x293 CMakeFiles/LW3.1.elf.dir/Middlewares/Third_Party/FreeRTOS/Source/portable/GCC/ARM_CM4F/port.c.obj
 .debug_abbrev  0x0000249e      0x263 CMakeFiles/LW3.1.elf.dir/Middlewares/Third_Party/FreeRTOS/Source/portable/MemMang/heap_4.c.obj
 .debug_abbrev  0x00002701      0x387 CMakeFiles/LW3.1.elf.dir/Middlewares/Third_Party/FreeRTOS/Source/queue.c.obj
 .debug_abbrev  0x00002a88      0x454 CMakeFiles/LW3.1.elf.dir/Middlewares/Third_Party/FreeRTOS/Source/tasks.c.obj

.debug_loclists
                0x00000000     0xa587
 .debug_loclists
                0x00000000       0x7a CMakeFiles/LW3.1.elf.dir/Core/Src/main.c.obj
 .debug_loclists
                0x0000007a       0x8d CMakeFiles/LW3.1.elf.dir/Core/Src/stm32g4xx_hal_timebase_tim.c.obj
 .debug_loclists
                0x00000107       0x52 CMakeFiles/LW3.1.elf.dir/Core/Src/sysmem.c.obj
 .debug_loclists
                0x00000159       0x65 CMakeFiles/LW3.1.elf.dir/Core/Src/system_stm32g4xx.c.obj
 .debug_loclists
                0x000001be      0x14d CMakeFiles/LW3.1.elf.dir/Drivers/STM32G4xx_HAL_Driver/Src/stm32g4xx_hal.c.obj
 .debug_loclists
                0x0000030b      0x545 CMakeFiles/LW3.1.elf.dir/Drivers/STM32G4xx_HAL_Driver/Src/stm32g4xx_hal_cortex.c.obj
 .debug_loclists
                0x00000850      0x291 CMakeFiles/LW3.1.elf.dir/Drivers/STM32G4xx_HAL_Driver/Src/stm32g4xx_hal_gpio.c.obj
 .debug_loclists
                0x00000ae1      0x714 CMakeFiles/LW3.1.elf.dir/Drivers/STM32G4xx_HAL_Driver/Src/stm32g4xx_hal_pwr_ex.c.obj
 .debug_loclists
                0x000011f5      0x5aa CMakeFiles/LW3.1.elf.dir/Drivers/STM32G4xx_HAL_Driver/Src/stm32g4xx_hal_rcc.c.obj
 .debug_loclists
                0x0000179f     0x3dd6 CMakeFiles/LW3.1.elf.dir/Drivers/STM32G4xx_HAL_Driver/Src/stm32g4xx_hal_tim.c.obj
 .debug_loclists
                0x00005575     0x20fd CMakeFiles/LW3.1.elf.dir/Drivers/STM32G4xx_HAL_Driver/Src/stm32g4xx_hal_tim_ex.c.obj
 .debug_loclists
                0x00007672      0xc46 CMakeFiles/LW3.1.elf.dir/Middlewares/Third_Party/FreeRTOS/Source/CMSIS_RTOS/cmsis_os.c.obj
 .debug_loclists
                0x000082b8       0x75 CMakeFiles/LW3.1.elf.dir/Middlewares/Third_Party/FreeRTOS/Source/list.c.obj
 .debug_loclists
                0x0000832d       0xc1 CMakeFiles/LW3.1.elf.dir/Middlewares/Third_Party/FreeRTOS/Source/portable/GCC/ARM_CM4F/port.c.obj
 .debug_loclists
                0x000083ee      0x2b7 CMakeFiles/LW3.1.elf.dir/Middlewares/Third_Party/FreeRTOS/Source/portable/MemMang/heap_4.c.obj
 .debug_loclists
                0x000086a5      0xd08 CMakeFiles/LW3.1.elf.dir/Middlewares/Third_Party/FreeRTOS/Source/queue.c.obj
 .debug_loclists
                0x000093ad     0x11da CMakeFiles/LW3.1.elf.dir/Middlewares/Third_Party/FreeRTOS/Source/tasks.c.obj

.debug_aranges  0x00000000     0x1170
 .debug_aranges
                0x00000000       0x50 CMakeFiles/LW3.1.elf.dir/Core/Src/main.c.obj
 .debug_aranges
                0x00000050       0x20 CMakeFiles/LW3.1.elf.dir/Core/Src/stm32g4xx_hal_msp.c.obj
 .debug_aranges
                0x00000070       0x30 CMakeFiles/LW3.1.elf.dir/Core/Src/stm32g4xx_hal_timebase_tim.c.obj
 .debug_aranges
                0x000000a0       0x50 CMakeFiles/LW3.1.elf.dir/Core/Src/stm32g4xx_it.c.obj
 .debug_aranges
                0x000000f0       0x20 CMakeFiles/LW3.1.elf.dir/Core/Src/sysmem.c.obj
 .debug_aranges
                0x00000110       0x28 CMakeFiles/LW3.1.elf.dir/Core/Src/system_stm32g4xx.c.obj
 .debug_aranges
                0x00000138       0x28 CMakeFiles/LW3.1.elf.dir/Core/Startup/startup_stm32g474vetx.s.obj
 .debug_aranges
                0x00000160      0x148 CMakeFiles/LW3.1.elf.dir/Drivers/STM32G4xx_HAL_Driver/Src/stm32g4xx_hal.c.obj
 .debug_aranges
                0x000002a8       0xe0 CMakeFiles/LW3.1.elf.dir/Drivers/STM32G4xx_HAL_Driver/Src/stm32g4xx_hal_cortex.c.obj
 .debug_aranges
                0x00000388       0x58 CMakeFiles/LW3.1.elf.dir/Drivers/STM32G4xx_HAL_Driver/Src/stm32g4xx_hal_gpio.c.obj
 .debug_aranges
                0x000003e0      0x140 CMakeFiles/LW3.1.elf.dir/Drivers/STM32G4xx_HAL_Driver/Src/stm32g4xx_hal_pwr_ex.c.obj
 .debug_aranges
                0x00000520       0x98 CMakeFiles/LW3.1.elf.dir/Drivers/STM32G4xx_HAL_Driver/Src/stm32g4xx_hal_rcc.c.obj
 .debug_aranges
                0x000005b8      0x3e0 CMakeFiles/LW3.1.elf.dir/Drivers/STM32G4xx_HAL_Driver/Src/stm32g4xx_hal_tim.c.obj
 .debug_aranges
                0x00000998      0x240 CMakeFiles/LW3.1.elf.dir/Drivers/STM32G4xx_HAL_Driver/Src/stm32g4xx_hal_tim_ex.c.obj
 .debug_aranges
                0x00000bd8      0x1d8 CMakeFiles/LW3.1.elf.dir/Middlewares/Third_Party/FreeRTOS/Source/CMSIS_RTOS/cmsis_os.c.obj
 .debug_aranges
                0x00000db0       0x40 CMakeFiles/LW3.1.elf.dir/Middlewares/Third_Party/FreeRTOS/Source/list.c.obj
 .debug_aranges
                0x00000df0       0x80 CMakeFiles/LW3.1.elf.dir/Middlewares/Third_Party/FreeRTOS/Source/portable/GCC/ARM_CM4F/port.c.obj
 .debug_aranges
                0x00000e70       0x58 CMakeFiles/LW3.1.elf.dir/Middlewares/Third_Party/FreeRTOS/Source/portable/MemMang/heap_4.c.obj
 .debug_aranges
                0x00000ec8       0xf8 CMakeFiles/LW3.1.elf.dir/Middlewares/Third_Party/FreeRTOS/Source/queue.c.obj
 .debug_aranges
                0x00000fc0      0x1b0 CMakeFiles/LW3.1.elf.dir/Middlewares/Third_Party/FreeRTOS/Source/tasks.c.obj

.debug_rnglists
                0x00000000      0xe14
 .debug_rnglists
                0x00000000       0x44 CMakeFiles/LW3.1.elf.dir/Core/Src/main.c.obj
 .debug_rnglists
                0x00000044       0x13 CMakeFiles/LW3.1.elf.dir/Core/Src/stm32g4xx_hal_msp.c.obj
 .debug_rnglists
                0x00000057       0x20 CMakeFiles/LW3.1.elf.dir/Core/Src/stm32g4xx_hal_timebase_tim.c.obj
 .debug_rnglists
                0x00000077       0x37 CMakeFiles/LW3.1.elf.dir/Core/Src/stm32g4xx_it.c.obj
 .debug_rnglists
                0x000000ae       0x13 CMakeFiles/LW3.1.elf.dir/Core/Src/sysmem.c.obj
 .debug_rnglists
                0x000000c1       0x1a CMakeFiles/LW3.1.elf.dir/Core/Src/system_stm32g4xx.c.obj
 .debug_rnglists
                0x000000db       0x19 CMakeFiles/LW3.1.elf.dir/Core/Startup/startup_stm32g474vetx.s.obj
 .debug_rnglists
                0x000000f4       0xf1 CMakeFiles/LW3.1.elf.dir/Drivers/STM32G4xx_HAL_Driver/Src/stm32g4xx_hal.c.obj
 .debug_rnglists
                0x000001e5       0xa3 CMakeFiles/LW3.1.elf.dir/Drivers/STM32G4xx_HAL_Driver/Src/stm32g4xx_hal_cortex.c.obj
 .debug_rnglists
                0x00000288       0x3f CMakeFiles/LW3.1.elf.dir/Drivers/STM32G4xx_HAL_Driver/Src/stm32g4xx_hal_gpio.c.obj
 .debug_rnglists
                0x000002c7       0xf1 CMakeFiles/LW3.1.elf.dir/Drivers/STM32G4xx_HAL_Driver/Src/stm32g4xx_hal_pwr_ex.c.obj
 .debug_rnglists
                0x000003b8       0x81 CMakeFiles/LW3.1.elf.dir/Drivers/STM32G4xx_HAL_Driver/Src/stm32g4xx_hal_rcc.c.obj
 .debug_rnglists
                0x00000439      0x314 CMakeFiles/LW3.1.elf.dir/Drivers/STM32G4xx_HAL_Driver/Src/stm32g4xx_hal_tim.c.obj
 .debug_rnglists
                0x0000074d      0x1c3 CMakeFiles/LW3.1.elf.dir/Drivers/STM32G4xx_HAL_Driver/Src/stm32g4xx_hal_tim_ex.c.obj
 .debug_rnglists
                0x00000910      0x15f CMakeFiles/LW3.1.elf.dir/Middlewares/Third_Party/FreeRTOS/Source/CMSIS_RTOS/cmsis_os.c.obj
 .debug_rnglists
                0x00000a6f       0x2b CMakeFiles/LW3.1.elf.dir/Middlewares/Third_Party/FreeRTOS/Source/list.c.obj
 .debug_rnglists
                0x00000a9a       0x69 CMakeFiles/LW3.1.elf.dir/Middlewares/Third_Party/FreeRTOS/Source/portable/GCC/ARM_CM4F/port.c.obj
 .debug_rnglists
                0x00000b03       0x3f CMakeFiles/LW3.1.elf.dir/Middlewares/Third_Party/FreeRTOS/Source/portable/MemMang/heap_4.c.obj
 .debug_rnglists
                0x00000b42      0x11b CMakeFiles/LW3.1.elf.dir/Middlewares/Third_Party/FreeRTOS/Source/queue.c.obj
 .debug_rnglists
                0x00000c5d      0x1b7 CMakeFiles/LW3.1.elf.dir/Middlewares/Third_Party/FreeRTOS/Source/tasks.c.obj

.debug_line     0x00000000    0x111b3
 .debug_line    0x00000000      0x5c0 CMakeFiles/LW3.1.elf.dir/Core/Src/main.c.obj
 .debug_line    0x000005c0      0x1fd CMakeFiles/LW3.1.elf.dir/Core/Src/stm32g4xx_hal_msp.c.obj
 .debug_line    0x000007bd      0x310 CMakeFiles/LW3.1.elf.dir/Core/Src/stm32g4xx_hal_timebase_tim.c.obj
 .debug_line    0x00000acd      0x28e CMakeFiles/LW3.1.elf.dir/Core/Src/stm32g4xx_it.c.obj
 .debug_line    0x00000d5b      0x1c5 CMakeFiles/LW3.1.elf.dir/Core/Src/sysmem.c.obj
 .debug_line    0x00000f20      0x29b CMakeFiles/LW3.1.elf.dir/Core/Src/system_stm32g4xx.c.obj
 .debug_line    0x000011bb       0x7b CMakeFiles/LW3.1.elf.dir/Core/Startup/startup_stm32g474vetx.s.obj
 .debug_line    0x00001236      0x744 CMakeFiles/LW3.1.elf.dir/Drivers/STM32G4xx_HAL_Driver/Src/stm32g4xx_hal.c.obj
 .debug_line    0x0000197a      0x848 CMakeFiles/LW3.1.elf.dir/Drivers/STM32G4xx_HAL_Driver/Src/stm32g4xx_hal_cortex.c.obj
 .debug_line    0x000021c2      0x6fb CMakeFiles/LW3.1.elf.dir/Drivers/STM32G4xx_HAL_Driver/Src/stm32g4xx_hal_gpio.c.obj
 .debug_line    0x000028bd      0xab0 CMakeFiles/LW3.1.elf.dir/Drivers/STM32G4xx_HAL_Driver/Src/stm32g4xx_hal_pwr_ex.c.obj
 .debug_line    0x0000336d      0xee0 CMakeFiles/LW3.1.elf.dir/Drivers/STM32G4xx_HAL_Driver/Src/stm32g4xx_hal_rcc.c.obj
 .debug_line    0x0000424d     0x4ed7 CMakeFiles/LW3.1.elf.dir/Drivers/STM32G4xx_HAL_Driver/Src/stm32g4xx_hal_tim.c.obj
 .debug_line    0x00009124     0x23c9 CMakeFiles/LW3.1.elf.dir/Drivers/STM32G4xx_HAL_Driver/Src/stm32g4xx_hal_tim_ex.c.obj
 .debug_line    0x0000b4ed     0x12a4 CMakeFiles/LW3.1.elf.dir/Middlewares/Third_Party/FreeRTOS/Source/CMSIS_RTOS/cmsis_os.c.obj
 .debug_line    0x0000c791      0x3a5 CMakeFiles/LW3.1.elf.dir/Middlewares/Third_Party/FreeRTOS/Source/list.c.obj
 .debug_line    0x0000cb36      0x6d5 CMakeFiles/LW3.1.elf.dir/Middlewares/Third_Party/FreeRTOS/Source/portable/GCC/ARM_CM4F/port.c.obj
 .debug_line    0x0000d20b      0x744 CMakeFiles/LW3.1.elf.dir/Middlewares/Third_Party/FreeRTOS/Source/portable/MemMang/heap_4.c.obj
 .debug_line    0x0000d94f     0x17cf CMakeFiles/LW3.1.elf.dir/Middlewares/Third_Party/FreeRTOS/Source/queue.c.obj
 .debug_line    0x0000f11e     0x2095 CMakeFiles/LW3.1.elf.dir/Middlewares/Third_Party/FreeRTOS/Source/tasks.c.obj

.debug_str      0x00000000     0x658c
 .debug_str     0x00000000     0x658c CMakeFiles/LW3.1.elf.dir/Core/Src/main.c.obj
                               0x1005 (size before relaxing)
 .debug_str     0x0000658c      0x9d4 CMakeFiles/LW3.1.elf.dir/Core/Src/stm32g4xx_hal_msp.c.obj
 .debug_str     0x0000658c     0x112a CMakeFiles/LW3.1.elf.dir/Core/Src/stm32g4xx_hal_timebase_tim.c.obj
 .debug_str     0x0000658c      0x89e CMakeFiles/LW3.1.elf.dir/Core/Src/stm32g4xx_it.c.obj
 .debug_str     0x0000658c      0x280 CMakeFiles/LW3.1.elf.dir/Core/Src/sysmem.c.obj
 .debug_str     0x0000658c      0x426 CMakeFiles/LW3.1.elf.dir/Core/Src/system_stm32g4xx.c.obj
 .debug_str     0x0000658c       0xb7 CMakeFiles/LW3.1.elf.dir/Core/Startup/startup_stm32g474vetx.s.obj
 .debug_str     0x0000658c      0xe9e CMakeFiles/LW3.1.elf.dir/Drivers/STM32G4xx_HAL_Driver/Src/stm32g4xx_hal.c.obj
 .debug_str     0x0000658c      0xdbc CMakeFiles/LW3.1.elf.dir/Drivers/STM32G4xx_HAL_Driver/Src/stm32g4xx_hal_cortex.c.obj
 .debug_str     0x0000658c      0x59f CMakeFiles/LW3.1.elf.dir/Drivers/STM32G4xx_HAL_Driver/Src/stm32g4xx_hal_gpio.c.obj
 .debug_str     0x0000658c      0x841 CMakeFiles/LW3.1.elf.dir/Drivers/STM32G4xx_HAL_Driver/Src/stm32g4xx_hal_pwr_ex.c.obj
 .debug_str     0x0000658c      0x8b4 CMakeFiles/LW3.1.elf.dir/Drivers/STM32G4xx_HAL_Driver/Src/stm32g4xx_hal_rcc.c.obj
 .debug_str     0x0000658c     0x1904 CMakeFiles/LW3.1.elf.dir/Drivers/STM32G4xx_HAL_Driver/Src/stm32g4xx_hal_tim.c.obj
 .debug_str     0x0000658c     0x1577 CMakeFiles/LW3.1.elf.dir/Drivers/STM32G4xx_HAL_Driver/Src/stm32g4xx_hal_tim_ex.c.obj
 .debug_str     0x0000658c      0xe92 CMakeFiles/LW3.1.elf.dir/Middlewares/Third_Party/FreeRTOS/Source/CMSIS_RTOS/cmsis_os.c.obj
 .debug_str     0x0000658c      0x35d CMakeFiles/LW3.1.elf.dir/Middlewares/Third_Party/FreeRTOS/Source/list.c.obj
 .debug_str     0x0000658c      0x4d9 CMakeFiles/LW3.1.elf.dir/Middlewares/Third_Party/FreeRTOS/Source/portable/GCC/ARM_CM4F/port.c.obj
 .debug_str     0x0000658c      0x576 CMakeFiles/LW3.1.elf.dir/Middlewares/Third_Party/FreeRTOS/Source/portable/MemMang/heap_4.c.obj
 .debug_str     0x0000658c      0xab1 CMakeFiles/LW3.1.elf.dir/Middlewares/Third_Party/FreeRTOS/Source/queue.c.obj
 .debug_str     0x0000658c     0x127b CMakeFiles/LW3.1.elf.dir/Middlewares/Third_Party/FreeRTOS/Source/tasks.c.obj

.comment        0x00000000       0x44
 .comment       0x00000000       0x44 CMakeFiles/LW3.1.elf.dir/Core/Src/main.c.obj
                                 0x45 (size before relaxing)
 .comment       0x00000044       0x45 CMakeFiles/LW3.1.elf.dir/Core/Src/stm32g4xx_hal_msp.c.obj
 .comment       0x00000044       0x45 CMakeFiles/LW3.1.elf.dir/Core/Src/stm32g4xx_hal_timebase_tim.c.obj
 .comment       0x00000044       0x45 CMakeFiles/LW3.1.elf.dir/Core/Src/stm32g4xx_it.c.obj
 .comment       0x00000044       0x45 CMakeFiles/LW3.1.elf.dir/Core/Src/sysmem.c.obj
 .comment       0x00000044       0x45 CMakeFiles/LW3.1.elf.dir/Core/Src/system_stm32g4xx.c.obj
 .comment       0x00000044       0x45 CMakeFiles/LW3.1.elf.dir/Drivers/STM32G4xx_HAL_Driver/Src/stm32g4xx_hal.c.obj
 .comment       0x00000044       0x45 CMakeFiles/LW3.1.elf.dir/Drivers/STM32G4xx_HAL_Driver/Src/stm32g4xx_hal_cortex.c.obj
 .comment       0x00000044       0x45 CMakeFiles/LW3.1.elf.dir/Drivers/STM32G4xx_HAL_Driver/Src/stm32g4xx_hal_gpio.c.obj
 .comment       0x00000044       0x45 CMakeFiles/LW3.1.elf.dir/Drivers/STM32G4xx_HAL_Driver/Src/stm32g4xx_hal_pwr_ex.c.obj
 .comment       0x00000044       0x45 CMakeFiles/LW3.1.elf.dir/Drivers/STM32G4xx_HAL_Driver/Src/stm32g4xx_hal_rcc.c.obj
 .comment       0x00000044       0x45 CMakeFiles/LW3.1.elf.dir/Drivers/STM32G4xx_HAL_Driver/Src/stm32g4xx_hal_tim.c.obj
 .comment       0x00000044       0x45 CMakeFiles/LW3.1.elf.dir/Drivers/STM32G4xx_HAL_Driver/Src/stm32g4xx_hal_tim_ex.c.obj
 .comment       0x00000044       0x45 CMakeFiles/LW3.1.elf.dir/Middlewares/Third_Party/FreeRTOS/Source/CMSIS_RTOS/cmsis_os.c.obj
 .comment       0x00000044       0x45 CMakeFiles/LW3.1.elf.dir/Middlewares/Third_Party/FreeRTOS/Source/list.c.obj
 .comment       0x00000044       0x45 CMakeFiles/LW3.1.elf.dir/Middlewares/Third_Party/FreeRTOS/Source/portable/GCC/ARM_CM4F/port.c.obj
 .comment       0x00000044       0x45 CMakeFiles/LW3.1.elf.dir/Middlewares/Third_Party/FreeRTOS/Source/portable/MemMang/heap_4.c.obj
 .comment       0x00000044       0x45 CMakeFiles/LW3.1.elf.dir/Middlewares/Third_Party/FreeRTOS/Source/queue.c.obj
 .comment       0x00000044       0x45 CMakeFiles/LW3.1.elf.dir/Middlewares/Third_Party/FreeRTOS/Source/tasks.c.obj

.debug_frame    0x00000000     0x3204
 .debug_frame   0x00000000       0xc4 CMakeFiles/LW3.1.elf.dir/Core/Src/main.c.obj
 .debug_frame   0x000000c4       0x2c CMakeFiles/LW3.1.elf.dir/Core/Src/stm32g4xx_hal_msp.c.obj
 .debug_frame   0x000000f0       0x54 CMakeFiles/LW3.1.elf.dir/Core/Src/stm32g4xx_hal_timebase_tim.c.obj
 .debug_frame   0x00000144       0x88 CMakeFiles/LW3.1.elf.dir/Core/Src/stm32g4xx_it.c.obj
 .debug_frame   0x000001cc       0x28 CMakeFiles/LW3.1.elf.dir/Core/Src/sysmem.c.obj
 .debug_frame   0x000001f4       0x30 CMakeFiles/LW3.1.elf.dir/Core/Src/system_stm32g4xx.c.obj
 .debug_frame   0x00000224      0x2a4 CMakeFiles/LW3.1.elf.dir/Drivers/STM32G4xx_HAL_Driver/Src/stm32g4xx_hal.c.obj
 .debug_frame   0x000004c8      0x1e4 CMakeFiles/LW3.1.elf.dir/Drivers/STM32G4xx_HAL_Driver/Src/stm32g4xx_hal_cortex.c.obj
 .debug_frame   0x000006ac       0xd0 CMakeFiles/LW3.1.elf.dir/Drivers/STM32G4xx_HAL_Driver/Src/stm32g4xx_hal_gpio.c.obj
 .debug_frame   0x0000077c      0x268 CMakeFiles/LW3.1.elf.dir/Drivers/STM32G4xx_HAL_Driver/Src/stm32g4xx_hal_pwr_ex.c.obj
 .debug_frame   0x000009e4      0x198 CMakeFiles/LW3.1.elf.dir/Drivers/STM32G4xx_HAL_Driver/Src/stm32g4xx_hal_rcc.c.obj
 .debug_frame   0x00000b7c      0xb58 CMakeFiles/LW3.1.elf.dir/Drivers/STM32G4xx_HAL_Driver/Src/stm32g4xx_hal_tim.c.obj
 .debug_frame   0x000016d4      0x620 CMakeFiles/LW3.1.elf.dir/Drivers/STM32G4xx_HAL_Driver/Src/stm32g4xx_hal_tim_ex.c.obj
 .debug_frame   0x00001cf4      0x57c CMakeFiles/LW3.1.elf.dir/Middlewares/Third_Party/FreeRTOS/Source/CMSIS_RTOS/cmsis_os.c.obj
 .debug_frame   0x00002270       0x70 CMakeFiles/LW3.1.elf.dir/Middlewares/Third_Party/FreeRTOS/Source/list.c.obj
 .debug_frame   0x000022e0      0x110 CMakeFiles/LW3.1.elf.dir/Middlewares/Third_Party/FreeRTOS/Source/portable/GCC/ARM_CM4F/port.c.obj
 .debug_frame   0x000023f0       0xd0 CMakeFiles/LW3.1.elf.dir/Middlewares/Third_Party/FreeRTOS/Source/portable/MemMang/heap_4.c.obj
 .debug_frame   0x000024c0      0x314 CMakeFiles/LW3.1.elf.dir/Middlewares/Third_Party/FreeRTOS/Source/queue.c.obj
 .debug_frame   0x000027d4      0x568 CMakeFiles/LW3.1.elf.dir/Middlewares/Third_Party/FreeRTOS/Source/tasks.c.obj
 .debug_frame   0x00002d3c      0x13c C:/PROGRA~2/ARMGNU~1/13C7F1~1.2RE/bin/../lib/gcc/arm-none-eabi/13.2.1/thumb/v7e-m+fp/hard\libg.a(libc_a-findfp.o)
 .debug_frame   0x00002e78       0x2c C:/PROGRA~2/ARMGNU~1/13C7F1~1.2RE/bin/../lib/gcc/arm-none-eabi/13.2.1/thumb/v7e-m+fp/hard\libg.a(libc_a-memset.o)
 .debug_frame   0x00002ea4       0x3c C:/PROGRA~2/ARMGNU~1/13C7F1~1.2RE/bin/../lib/gcc/arm-none-eabi/13.2.1/thumb/v7e-m+fp/hard\libg.a(libc_a-reent.o)
 .debug_frame   0x00002ee0       0x20 C:/PROGRA~2/ARMGNU~1/13C7F1~1.2RE/bin/../lib/gcc/arm-none-eabi/13.2.1/thumb/v7e-m+fp/hard\libg.a(libc_a-errno.o)
 .debug_frame   0x00002f00       0x2c C:/PROGRA~2/ARMGNU~1/13C7F1~1.2RE/bin/../lib/gcc/arm-none-eabi/13.2.1/thumb/v7e-m+fp/hard\libg.a(libc_a-init.o)
 .debug_frame   0x00002f2c       0xb0 C:/PROGRA~2/ARMGNU~1/13C7F1~1.2RE/bin/../lib/gcc/arm-none-eabi/13.2.1/thumb/v7e-m+fp/hard\libg.a(libc_a-lock.o)
 .debug_frame   0x00002fdc       0x5c C:/PROGRA~2/ARMGNU~1/13C7F1~1.2RE/bin/../lib/gcc/arm-none-eabi/13.2.1/thumb/v7e-m+fp/hard\libg.a(libc_a-__call_atexit.o)
 .debug_frame   0x00003038       0x20 C:/PROGRA~2/ARMGNU~1/13C7F1~1.2RE/bin/../lib/gcc/arm-none-eabi/13.2.1/thumb/v7e-m+fp/hard\libg.a(libc_a-atexit.o)
 .debug_frame   0x00003058       0x78 C:/PROGRA~2/ARMGNU~1/13C7F1~1.2RE/bin/../lib/gcc/arm-none-eabi/13.2.1/thumb/v7e-m+fp/hard\libg.a(libc_a-freer.o)
 .debug_frame   0x000030d0       0x48 C:/PROGRA~2/ARMGNU~1/13C7F1~1.2RE/bin/../lib/gcc/arm-none-eabi/13.2.1/thumb/v7e-m+fp/hard\libg.a(libc_a-mallocr.o)
 .debug_frame   0x00003118       0x30 C:/PROGRA~2/ARMGNU~1/13C7F1~1.2RE/bin/../lib/gcc/arm-none-eabi/13.2.1/thumb/v7e-m+fp/hard\libg.a(libc_a-mlock.o)
 .debug_frame   0x00003148       0x2c C:/PROGRA~2/ARMGNU~1/13C7F1~1.2RE/bin/../lib/gcc/arm-none-eabi/13.2.1/thumb/v7e-m+fp/hard\libg.a(libc_a-sbrkr.o)
 .debug_frame   0x00003174       0x34 C:/PROGRA~2/ARMGNU~1/13C7F1~1.2RE/bin/../lib/gcc/arm-none-eabi/13.2.1/thumb/v7e-m+fp/hard\libg.a(libc_a-fini.o)
 .debug_frame   0x000031a8       0x28 C:/PROGRA~2/ARMGNU~1/13C7F1~1.2RE/bin/../lib/gcc/arm-none-eabi/13.2.1/thumb/v7e-m+fp/hard\libg.a(libc_a-sysconf.o)
 .debug_frame   0x000031d0       0x34 C:/PROGRA~2/ARMGNU~1/13C7F1~1.2RE/bin/../lib/gcc/arm-none-eabi/13.2.1/thumb/v7e-m+fp/hard\libg.a(libc_a-__atexit.o)

.debug_line_str
                0x00000000      0x17e
 .debug_line_str
                0x00000000      0x17e CMakeFiles/LW3.1.elf.dir/Core/Startup/startup_stm32g474vetx.s.obj
                                 0x9b (size before relaxing)
 .debug_line_str
                0x0000017e       0xe3 C:/PROGRA~2/ARMGNU~1/13C7F1~1.2RE/bin/../lib/gcc/arm-none-eabi/13.2.1/thumb/v7e-m+fp/hard\libg.a(libc_a-memcpy.o)
